<?xml version="1.0"?>
<link_info>
   <banner>MSP430 Linker PC v16.9.4.LTS</banner>
   <copyright>Copyright (c) 2003-2017 Texas Instruments Incorporated</copyright>
   <link_time>0x5a0145b4</link_time>
   <link_errors>0x0</link_errors>
   <output_file>spl_logger.out</output_file>
   <entry_point>
      <name>_c_int00_noargs_noexit</name>
      <address>0x4592</address>
   </entry_point>
   <input_file_list>
      <input_file id="fl-2">
         <path>.\</path>
         <kind>object</kind>
         <file>Analog.obj</file>
         <name>Analog.obj</name>
      </input_file>
      <input_file id="fl-3">
         <path>.\</path>
         <kind>object</kind>
         <file>GPIO.obj</file>
         <name>GPIO.obj</name>
      </input_file>
      <input_file id="fl-4">
         <path>.\</path>
         <kind>object</kind>
         <file>RTC.obj</file>
         <name>RTC.obj</name>
      </input_file>
      <input_file id="fl-5">
         <path>.\</path>
         <kind>object</kind>
         <file>hal.obj</file>
         <name>hal.obj</name>
      </input_file>
      <input_file id="fl-6">
         <path>.\</path>
         <kind>object</kind>
         <file>main.obj</file>
         <name>main.obj</name>
      </input_file>
      <input_file id="fl-7">
         <path>.\USB_API\USB_CDC_API\</path>
         <kind>object</kind>
         <file>UsbCdc.obj</file>
         <name>UsbCdc.obj</name>
      </input_file>
      <input_file id="fl-8">
         <path>.\USB_API\USB_Common\</path>
         <kind>object</kind>
         <file>usb.obj</file>
         <name>usb.obj</name>
      </input_file>
      <input_file id="fl-9">
         <path>.\USB_API\USB_Common\</path>
         <kind>object</kind>
         <file>usbdma.obj</file>
         <name>usbdma.obj</name>
      </input_file>
      <input_file id="fl-a">
         <path>.\USB_API\USB_HID_API\</path>
         <kind>object</kind>
         <file>UsbHid.obj</file>
         <name>UsbHid.obj</name>
      </input_file>
      <input_file id="fl-b">
         <path>.\USB_API\USB_HID_API\</path>
         <kind>object</kind>
         <file>UsbHidReq.obj</file>
         <name>UsbHidReq.obj</name>
      </input_file>
      <input_file id="fl-c">
         <path>.\USB_API\USB_MSC_API\</path>
         <kind>object</kind>
         <file>UsbMscReq.obj</file>
         <name>UsbMscReq.obj</name>
      </input_file>
      <input_file id="fl-d">
         <path>.\USB_API\USB_MSC_API\</path>
         <kind>object</kind>
         <file>UsbMscScsi.obj</file>
         <name>UsbMscScsi.obj</name>
      </input_file>
      <input_file id="fl-e">
         <path>.\USB_API\USB_MSC_API\</path>
         <kind>object</kind>
         <file>UsbMscStateMachine.obj</file>
         <name>UsbMscStateMachine.obj</name>
      </input_file>
      <input_file id="fl-f">
         <path>.\USB_API\USB_PHDC_API\</path>
         <kind>object</kind>
         <file>UsbPHDC.obj</file>
         <name>UsbPHDC.obj</name>
      </input_file>
      <input_file id="fl-10">
         <path>.\USB_app\FatFs\</path>
         <kind>object</kind>
         <file>HAL_SDCard.obj</file>
         <name>HAL_SDCard.obj</name>
      </input_file>
      <input_file id="fl-11">
         <path>.\USB_app\FatFs\</path>
         <kind>object</kind>
         <file>ff.obj</file>
         <name>ff.obj</name>
      </input_file>
      <input_file id="fl-12">
         <path>.\USB_app\FatFs\</path>
         <kind>object</kind>
         <file>mmc.obj</file>
         <name>mmc.obj</name>
      </input_file>
      <input_file id="fl-13">
         <path>.\USB_app\</path>
         <kind>object</kind>
         <file>msc.obj</file>
         <name>msc.obj</name>
      </input_file>
      <input_file id="fl-14">
         <path>.\USB_app\</path>
         <kind>object</kind>
         <file>usbEventHandling.obj</file>
         <name>usbEventHandling.obj</name>
      </input_file>
      <input_file id="fl-15">
         <path>.\USB_config\</path>
         <kind>object</kind>
         <file>UsbIsr.obj</file>
         <name>UsbIsr.obj</name>
      </input_file>
      <input_file id="fl-16">
         <path>.\USB_config\</path>
         <kind>object</kind>
         <file>descriptors.obj</file>
         <name>descriptors.obj</name>
      </input_file>
      <input_file id="fl-17">
         <path>.\driverlib\MSP430F5xx_6xx\</path>
         <kind>object</kind>
         <file>adc10_a.obj</file>
         <name>adc10_a.obj</name>
      </input_file>
      <input_file id="fl-18">
         <path>.\driverlib\MSP430F5xx_6xx\</path>
         <kind>object</kind>
         <file>adc12_a.obj</file>
         <name>adc12_a.obj</name>
      </input_file>
      <input_file id="fl-19">
         <path>.\driverlib\MSP430F5xx_6xx\</path>
         <kind>object</kind>
         <file>aes.obj</file>
         <name>aes.obj</name>
      </input_file>
      <input_file id="fl-1a">
         <path>.\driverlib\MSP430F5xx_6xx\</path>
         <kind>object</kind>
         <file>battbak.obj</file>
         <name>battbak.obj</name>
      </input_file>
      <input_file id="fl-1b">
         <path>.\driverlib\MSP430F5xx_6xx\</path>
         <kind>object</kind>
         <file>comp_b.obj</file>
         <name>comp_b.obj</name>
      </input_file>
      <input_file id="fl-1c">
         <path>.\driverlib\MSP430F5xx_6xx\</path>
         <kind>object</kind>
         <file>crc.obj</file>
         <name>crc.obj</name>
      </input_file>
      <input_file id="fl-1d">
         <path>.\driverlib\MSP430F5xx_6xx\</path>
         <kind>object</kind>
         <file>ctsd16.obj</file>
         <name>ctsd16.obj</name>
      </input_file>
      <input_file id="fl-1e">
         <path>.\driverlib\MSP430F5xx_6xx\</path>
         <kind>object</kind>
         <file>dac12_a.obj</file>
         <name>dac12_a.obj</name>
      </input_file>
      <input_file id="fl-1f">
         <path>.\driverlib\MSP430F5xx_6xx\</path>
         <kind>object</kind>
         <file>dma.obj</file>
         <name>dma.obj</name>
      </input_file>
      <input_file id="fl-20">
         <path>.\driverlib\MSP430F5xx_6xx\</path>
         <kind>object</kind>
         <file>eusci_a_spi.obj</file>
         <name>eusci_a_spi.obj</name>
      </input_file>
      <input_file id="fl-21">
         <path>.\driverlib\MSP430F5xx_6xx\</path>
         <kind>object</kind>
         <file>eusci_a_uart.obj</file>
         <name>eusci_a_uart.obj</name>
      </input_file>
      <input_file id="fl-22">
         <path>.\driverlib\MSP430F5xx_6xx\</path>
         <kind>object</kind>
         <file>eusci_b_i2c.obj</file>
         <name>eusci_b_i2c.obj</name>
      </input_file>
      <input_file id="fl-23">
         <path>.\driverlib\MSP430F5xx_6xx\</path>
         <kind>object</kind>
         <file>eusci_b_spi.obj</file>
         <name>eusci_b_spi.obj</name>
      </input_file>
      <input_file id="fl-24">
         <path>.\driverlib\MSP430F5xx_6xx\</path>
         <kind>object</kind>
         <file>flashctl.obj</file>
         <name>flashctl.obj</name>
      </input_file>
      <input_file id="fl-25">
         <path>.\driverlib\MSP430F5xx_6xx\</path>
         <kind>object</kind>
         <file>gpio.obj</file>
         <name>gpio.obj</name>
      </input_file>
      <input_file id="fl-26">
         <path>.\driverlib\MSP430F5xx_6xx\</path>
         <kind>object</kind>
         <file>lcd_b.obj</file>
         <name>lcd_b.obj</name>
      </input_file>
      <input_file id="fl-27">
         <path>.\driverlib\MSP430F5xx_6xx\</path>
         <kind>object</kind>
         <file>ldopwr.obj</file>
         <name>ldopwr.obj</name>
      </input_file>
      <input_file id="fl-28">
         <path>.\driverlib\MSP430F5xx_6xx\</path>
         <kind>object</kind>
         <file>mpy32.obj</file>
         <name>mpy32.obj</name>
      </input_file>
      <input_file id="fl-29">
         <path>.\driverlib\MSP430F5xx_6xx\</path>
         <kind>object</kind>
         <file>oa.obj</file>
         <name>oa.obj</name>
      </input_file>
      <input_file id="fl-2a">
         <path>.\driverlib\MSP430F5xx_6xx\</path>
         <kind>object</kind>
         <file>pmap.obj</file>
         <name>pmap.obj</name>
      </input_file>
      <input_file id="fl-2b">
         <path>.\driverlib\MSP430F5xx_6xx\</path>
         <kind>object</kind>
         <file>pmm.obj</file>
         <name>pmm.obj</name>
      </input_file>
      <input_file id="fl-2c">
         <path>.\driverlib\MSP430F5xx_6xx\</path>
         <kind>object</kind>
         <file>ram.obj</file>
         <name>ram.obj</name>
      </input_file>
      <input_file id="fl-2d">
         <path>.\driverlib\MSP430F5xx_6xx\</path>
         <kind>object</kind>
         <file>ref.obj</file>
         <name>ref.obj</name>
      </input_file>
      <input_file id="fl-2e">
         <path>.\driverlib\MSP430F5xx_6xx\</path>
         <kind>object</kind>
         <file>rtc_a.obj</file>
         <name>rtc_a.obj</name>
      </input_file>
      <input_file id="fl-2f">
         <path>.\driverlib\MSP430F5xx_6xx\</path>
         <kind>object</kind>
         <file>rtc_b.obj</file>
         <name>rtc_b.obj</name>
      </input_file>
      <input_file id="fl-30">
         <path>.\driverlib\MSP430F5xx_6xx\</path>
         <kind>object</kind>
         <file>rtc_c.obj</file>
         <name>rtc_c.obj</name>
      </input_file>
      <input_file id="fl-31">
         <path>.\driverlib\MSP430F5xx_6xx\</path>
         <kind>object</kind>
         <file>sd24_b.obj</file>
         <name>sd24_b.obj</name>
      </input_file>
      <input_file id="fl-32">
         <path>.\driverlib\MSP430F5xx_6xx\</path>
         <kind>object</kind>
         <file>sfr.obj</file>
         <name>sfr.obj</name>
      </input_file>
      <input_file id="fl-33">
         <path>.\driverlib\MSP430F5xx_6xx\</path>
         <kind>object</kind>
         <file>sysctl.obj</file>
         <name>sysctl.obj</name>
      </input_file>
      <input_file id="fl-34">
         <path>.\driverlib\MSP430F5xx_6xx\</path>
         <kind>object</kind>
         <file>tec.obj</file>
         <name>tec.obj</name>
      </input_file>
      <input_file id="fl-35">
         <path>.\driverlib\MSP430F5xx_6xx\</path>
         <kind>object</kind>
         <file>timer_a.obj</file>
         <name>timer_a.obj</name>
      </input_file>
      <input_file id="fl-36">
         <path>.\driverlib\MSP430F5xx_6xx\</path>
         <kind>object</kind>
         <file>timer_b.obj</file>
         <name>timer_b.obj</name>
      </input_file>
      <input_file id="fl-37">
         <path>.\driverlib\MSP430F5xx_6xx\</path>
         <kind>object</kind>
         <file>timer_d.obj</file>
         <name>timer_d.obj</name>
      </input_file>
      <input_file id="fl-38">
         <path>.\driverlib\MSP430F5xx_6xx\</path>
         <kind>object</kind>
         <file>tlv.obj</file>
         <name>tlv.obj</name>
      </input_file>
      <input_file id="fl-39">
         <path>.\driverlib\MSP430F5xx_6xx\</path>
         <kind>object</kind>
         <file>ucs.obj</file>
         <name>ucs.obj</name>
      </input_file>
      <input_file id="fl-3a">
         <path>.\driverlib\MSP430F5xx_6xx\</path>
         <kind>object</kind>
         <file>usci_a_spi.obj</file>
         <name>usci_a_spi.obj</name>
      </input_file>
      <input_file id="fl-3b">
         <path>.\driverlib\MSP430F5xx_6xx\</path>
         <kind>object</kind>
         <file>usci_a_uart.obj</file>
         <name>usci_a_uart.obj</name>
      </input_file>
      <input_file id="fl-3c">
         <path>.\driverlib\MSP430F5xx_6xx\</path>
         <kind>object</kind>
         <file>usci_b_i2c.obj</file>
         <name>usci_b_i2c.obj</name>
      </input_file>
      <input_file id="fl-3d">
         <path>.\driverlib\MSP430F5xx_6xx\</path>
         <kind>object</kind>
         <file>usci_b_spi.obj</file>
         <name>usci_b_spi.obj</name>
      </input_file>
      <input_file id="fl-3e">
         <path>.\driverlib\MSP430F5xx_6xx\</path>
         <kind>object</kind>
         <file>wdt_a.obj</file>
         <name>wdt_a.obj</name>
      </input_file>
      <input_file id="fl-45">
         <kind>object</kind>
         <file>&lt;internal&gt;</file>
         <name>&lt;internal&gt;</name>
      </input_file>
      <input_file id="fl-60">
         <path>C:\ti\ccsv7\tools\compiler\ti-cgt-msp430_16.9.4.LTS\lib\</path>
         <kind>archive</kind>
         <file>rts430x_lc_rd_eabi.lib</file>
         <name>abs.obj</name>
      </input_file>
      <input_file id="fl-61">
         <path>C:\ti\ccsv7\tools\compiler\ti-cgt-msp430_16.9.4.LTS\lib\</path>
         <kind>archive</kind>
         <file>rts430x_lc_rd_eabi.lib</file>
         <name>boot.obj</name>
      </input_file>
      <input_file id="fl-62">
         <path>C:\ti\ccsv7\tools\compiler\ti-cgt-msp430_16.9.4.LTS\lib\</path>
         <kind>archive</kind>
         <file>rts430x_lc_rd_eabi.lib</file>
         <name>boot_special.obj</name>
      </input_file>
      <input_file id="fl-63">
         <path>C:\ti\ccsv7\tools\compiler\ti-cgt-msp430_16.9.4.LTS\lib\</path>
         <kind>archive</kind>
         <file>rts430x_lc_rd_eabi.lib</file>
         <name>copy_decompress_lzss.obj</name>
      </input_file>
      <input_file id="fl-64">
         <path>C:\ti\ccsv7\tools\compiler\ti-cgt-msp430_16.9.4.LTS\lib\</path>
         <kind>archive</kind>
         <file>rts430x_lc_rd_eabi.lib</file>
         <name>copy_decompress_none.obj</name>
      </input_file>
      <input_file id="fl-65">
         <path>C:\ti\ccsv7\tools\compiler\ti-cgt-msp430_16.9.4.LTS\lib\</path>
         <kind>archive</kind>
         <file>rts430x_lc_rd_eabi.lib</file>
         <name>copy_zero_init.obj</name>
      </input_file>
      <input_file id="fl-66">
         <path>C:\ti\ccsv7\tools\compiler\ti-cgt-msp430_16.9.4.LTS\lib\</path>
         <kind>archive</kind>
         <file>rts430x_lc_rd_eabi.lib</file>
         <name>div16s.obj</name>
      </input_file>
      <input_file id="fl-67">
         <path>C:\ti\ccsv7\tools\compiler\ti-cgt-msp430_16.9.4.LTS\lib\</path>
         <kind>archive</kind>
         <file>rts430x_lc_rd_eabi.lib</file>
         <name>div16u.obj</name>
      </input_file>
      <input_file id="fl-68">
         <path>C:\ti\ccsv7\tools\compiler\ti-cgt-msp430_16.9.4.LTS\lib\</path>
         <kind>archive</kind>
         <file>rts430x_lc_rd_eabi.lib</file>
         <name>div32s.obj</name>
      </input_file>
      <input_file id="fl-69">
         <path>C:\ti\ccsv7\tools\compiler\ti-cgt-msp430_16.9.4.LTS\lib\</path>
         <kind>archive</kind>
         <file>rts430x_lc_rd_eabi.lib</file>
         <name>div32u.obj</name>
      </input_file>
      <input_file id="fl-6a">
         <path>C:\ti\ccsv7\tools\compiler\ti-cgt-msp430_16.9.4.LTS\lib\</path>
         <kind>archive</kind>
         <file>rts430x_lc_rd_eabi.lib</file>
         <name>exit.obj</name>
      </input_file>
      <input_file id="fl-6b">
         <path>C:\ti\ccsv7\tools\compiler\ti-cgt-msp430_16.9.4.LTS\lib\</path>
         <kind>archive</kind>
         <file>rts430x_lc_rd_eabi.lib</file>
         <name>exit_gvars.obj</name>
      </input_file>
      <input_file id="fl-6c">
         <path>C:\ti\ccsv7\tools\compiler\ti-cgt-msp430_16.9.4.LTS\lib\</path>
         <kind>archive</kind>
         <file>rts430x_lc_rd_eabi.lib</file>
         <name>int42.obj</name>
      </input_file>
      <input_file id="fl-6d">
         <path>C:\ti\ccsv7\tools\compiler\ti-cgt-msp430_16.9.4.LTS\lib\</path>
         <kind>archive</kind>
         <file>rts430x_lc_rd_eabi.lib</file>
         <name>int43.obj</name>
      </input_file>
      <input_file id="fl-6e">
         <path>C:\ti\ccsv7\tools\compiler\ti-cgt-msp430_16.9.4.LTS\lib\</path>
         <kind>archive</kind>
         <file>rts430x_lc_rd_eabi.lib</file>
         <name>int44.obj</name>
      </input_file>
      <input_file id="fl-6f">
         <path>C:\ti\ccsv7\tools\compiler\ti-cgt-msp430_16.9.4.LTS\lib\</path>
         <kind>archive</kind>
         <file>rts430x_lc_rd_eabi.lib</file>
         <name>int45.obj</name>
      </input_file>
      <input_file id="fl-70">
         <path>C:\ti\ccsv7\tools\compiler\ti-cgt-msp430_16.9.4.LTS\lib\</path>
         <kind>archive</kind>
         <file>rts430x_lc_rd_eabi.lib</file>
         <name>int46.obj</name>
      </input_file>
      <input_file id="fl-71">
         <path>C:\ti\ccsv7\tools\compiler\ti-cgt-msp430_16.9.4.LTS\lib\</path>
         <kind>archive</kind>
         <file>rts430x_lc_rd_eabi.lib</file>
         <name>int47.obj</name>
      </input_file>
      <input_file id="fl-72">
         <path>C:\ti\ccsv7\tools\compiler\ti-cgt-msp430_16.9.4.LTS\lib\</path>
         <kind>archive</kind>
         <file>rts430x_lc_rd_eabi.lib</file>
         <name>int48.obj</name>
      </input_file>
      <input_file id="fl-73">
         <path>C:\ti\ccsv7\tools\compiler\ti-cgt-msp430_16.9.4.LTS\lib\</path>
         <kind>archive</kind>
         <file>rts430x_lc_rd_eabi.lib</file>
         <name>int49.obj</name>
      </input_file>
      <input_file id="fl-74">
         <path>C:\ti\ccsv7\tools\compiler\ti-cgt-msp430_16.9.4.LTS\lib\</path>
         <kind>archive</kind>
         <file>rts430x_lc_rd_eabi.lib</file>
         <name>int50.obj</name>
      </input_file>
      <input_file id="fl-75">
         <path>C:\ti\ccsv7\tools\compiler\ti-cgt-msp430_16.9.4.LTS\lib\</path>
         <kind>archive</kind>
         <file>rts430x_lc_rd_eabi.lib</file>
         <name>int52.obj</name>
      </input_file>
      <input_file id="fl-76">
         <path>C:\ti\ccsv7\tools\compiler\ti-cgt-msp430_16.9.4.LTS\lib\</path>
         <kind>archive</kind>
         <file>rts430x_lc_rd_eabi.lib</file>
         <name>int55.obj</name>
      </input_file>
      <input_file id="fl-77">
         <path>C:\ti\ccsv7\tools\compiler\ti-cgt-msp430_16.9.4.LTS\lib\</path>
         <kind>archive</kind>
         <file>rts430x_lc_rd_eabi.lib</file>
         <name>int56.obj</name>
      </input_file>
      <input_file id="fl-78">
         <path>C:\ti\ccsv7\tools\compiler\ti-cgt-msp430_16.9.4.LTS\lib\</path>
         <kind>archive</kind>
         <file>rts430x_lc_rd_eabi.lib</file>
         <name>int57.obj</name>
      </input_file>
      <input_file id="fl-79">
         <path>C:\ti\ccsv7\tools\compiler\ti-cgt-msp430_16.9.4.LTS\lib\</path>
         <kind>archive</kind>
         <file>rts430x_lc_rd_eabi.lib</file>
         <name>int58.obj</name>
      </input_file>
      <input_file id="fl-7a">
         <path>C:\ti\ccsv7\tools\compiler\ti-cgt-msp430_16.9.4.LTS\lib\</path>
         <kind>archive</kind>
         <file>rts430x_lc_rd_eabi.lib</file>
         <name>int59.obj</name>
      </input_file>
      <input_file id="fl-7b">
         <path>C:\ti\ccsv7\tools\compiler\ti-cgt-msp430_16.9.4.LTS\lib\</path>
         <kind>archive</kind>
         <file>rts430x_lc_rd_eabi.lib</file>
         <name>int60.obj</name>
      </input_file>
      <input_file id="fl-7c">
         <path>C:\ti\ccsv7\tools\compiler\ti-cgt-msp430_16.9.4.LTS\lib\</path>
         <kind>archive</kind>
         <file>rts430x_lc_rd_eabi.lib</file>
         <name>int62.obj</name>
      </input_file>
      <input_file id="fl-7d">
         <path>C:\ti\ccsv7\tools\compiler\ti-cgt-msp430_16.9.4.LTS\lib\</path>
         <kind>archive</kind>
         <file>rts430x_lc_rd_eabi.lib</file>
         <name>isr_trap.obj</name>
      </input_file>
      <input_file id="fl-7e">
         <path>C:\ti\ccsv7\tools\compiler\ti-cgt-msp430_16.9.4.LTS\lib\</path>
         <kind>archive</kind>
         <file>rts430x_lc_rd_eabi.lib</file>
         <name>lsl16.obj</name>
      </input_file>
      <input_file id="fl-7f">
         <path>C:\ti\ccsv7\tools\compiler\ti-cgt-msp430_16.9.4.LTS\lib\</path>
         <kind>archive</kind>
         <file>rts430x_lc_rd_eabi.lib</file>
         <name>lsl32.obj</name>
      </input_file>
      <input_file id="fl-80">
         <path>C:\ti\ccsv7\tools\compiler\ti-cgt-msp430_16.9.4.LTS\lib\</path>
         <kind>archive</kind>
         <file>rts430x_lc_rd_eabi.lib</file>
         <name>lsr16.obj</name>
      </input_file>
      <input_file id="fl-81">
         <path>C:\ti\ccsv7\tools\compiler\ti-cgt-msp430_16.9.4.LTS\lib\</path>
         <kind>archive</kind>
         <file>rts430x_lc_rd_eabi.lib</file>
         <name>lsr32.obj</name>
      </input_file>
      <input_file id="fl-82">
         <path>C:\ti\ccsv7\tools\compiler\ti-cgt-msp430_16.9.4.LTS\lib\</path>
         <kind>archive</kind>
         <file>rts430x_lc_rd_eabi.lib</file>
         <name>memcpy.obj</name>
      </input_file>
      <input_file id="fl-83">
         <path>C:\ti\ccsv7\tools\compiler\ti-cgt-msp430_16.9.4.LTS\lib\</path>
         <kind>archive</kind>
         <file>rts430x_lc_rd_eabi.lib</file>
         <name>memset.obj</name>
      </input_file>
      <input_file id="fl-84">
         <path>C:\ti\ccsv7\tools\compiler\ti-cgt-msp430_16.9.4.LTS\lib\</path>
         <kind>archive</kind>
         <file>rts430x_lc_rd_eabi.lib</file>
         <name>mpu_init.obj</name>
      </input_file>
      <input_file id="fl-85">
         <path>C:\ti\ccsv7\tools\compiler\ti-cgt-msp430_16.9.4.LTS\lib\</path>
         <kind>archive</kind>
         <file>rts430x_lc_rd_eabi.lib</file>
         <name>mult16.obj</name>
      </input_file>
      <input_file id="fl-86">
         <path>C:\ti\ccsv7\tools\compiler\ti-cgt-msp430_16.9.4.LTS\lib\</path>
         <kind>archive</kind>
         <file>rts430x_lc_rd_eabi.lib</file>
         <name>mult1632.obj</name>
      </input_file>
      <input_file id="fl-87">
         <path>C:\ti\ccsv7\tools\compiler\ti-cgt-msp430_16.9.4.LTS\lib\</path>
         <kind>archive</kind>
         <file>rts430x_lc_rd_eabi.lib</file>
         <name>mult1632_f5hw.obj</name>
      </input_file>
      <input_file id="fl-88">
         <path>C:\ti\ccsv7\tools\compiler\ti-cgt-msp430_16.9.4.LTS\lib\</path>
         <kind>archive</kind>
         <file>rts430x_lc_rd_eabi.lib</file>
         <name>mult16_f5hw.obj</name>
      </input_file>
      <input_file id="fl-89">
         <path>C:\ti\ccsv7\tools\compiler\ti-cgt-msp430_16.9.4.LTS\lib\</path>
         <kind>archive</kind>
         <file>rts430x_lc_rd_eabi.lib</file>
         <name>mult32.obj</name>
      </input_file>
      <input_file id="fl-8a">
         <path>C:\ti\ccsv7\tools\compiler\ti-cgt-msp430_16.9.4.LTS\lib\</path>
         <kind>archive</kind>
         <file>rts430x_lc_rd_eabi.lib</file>
         <name>mult3264_f5hw.obj</name>
      </input_file>
      <input_file id="fl-8b">
         <path>C:\ti\ccsv7\tools\compiler\ti-cgt-msp430_16.9.4.LTS\lib\</path>
         <kind>archive</kind>
         <file>rts430x_lc_rd_eabi.lib</file>
         <name>mult32_f5hw.obj</name>
      </input_file>
      <input_file id="fl-8c">
         <path>C:\ti\ccsv7\tools\compiler\ti-cgt-msp430_16.9.4.LTS\lib\</path>
         <kind>archive</kind>
         <file>rts430x_lc_rd_eabi.lib</file>
         <name>mult64_f5hw.obj</name>
      </input_file>
      <input_file id="fl-8d">
         <path>C:\ti\ccsv7\tools\compiler\ti-cgt-msp430_16.9.4.LTS\lib\</path>
         <kind>archive</kind>
         <file>rts430x_lc_rd_eabi.lib</file>
         <name>pre_init.obj</name>
      </input_file>
      <input_file id="fl-8e">
         <path>C:\ti\ccsv7\tools\compiler\ti-cgt-msp430_16.9.4.LTS\lib\</path>
         <kind>archive</kind>
         <file>rts430x_lc_rd_eabi.lib</file>
         <name>_lock.obj</name>
      </input_file>
      <input_file id="fl-8f">
         <path>C:\ti\ccsv7\tools\compiler\ti-cgt-msp430_16.9.4.LTS\lib\</path>
         <kind>archive</kind>
         <file>rts430x_lc_rd_eabi.lib</file>
         <name>args_main.obj</name>
      </input_file>
      <input_file id="fl-90">
         <path>C:\ti\ccsv7\tools\compiler\ti-cgt-msp430_16.9.4.LTS\lib\</path>
         <kind>archive</kind>
         <file>rts430x_lc_rd_eabi.lib</file>
         <name>autoinit_wdt.obj</name>
      </input_file>
      <input_file id="fl-91">
         <path>C:\ti\ccsv7\tools\compiler\ti-cgt-msp430_16.9.4.LTS\lib\</path>
         <kind>archive</kind>
         <file>rts430x_lc_rd_eabi.lib</file>
         <name>cpy_tbl.obj</name>
      </input_file>
      <input_file id="fl-92">
         <path>C:\ti\ccsv7\tools\compiler\ti-cgt-msp430_16.9.4.LTS\lib\</path>
         <kind>archive</kind>
         <file>rts430x_lc_rd_eabi.lib</file>
         <name>startup.obj</name>
      </input_file>
   </input_file_list>
   <object_component_list>
      <object_component id="oc-5d7">
         <name>.bss</name>
         <uninitialized>true</uninitialized>
         <run_address>0x27da</run_address>
         <size>0x10</size>
         <input_file_ref idref="fl-8"/>
      </object_component>
      <object_component id="oc-8f9">
         <name>.bss</name>
         <uninitialized>true</uninitialized>
         <run_address>0x283c</run_address>
         <size>0x1</size>
         <input_file_ref idref="fl-12"/>
      </object_component>
      <object_component id="oc-46f">
         <name>.common:gNEW_TIME</name>
         <uninitialized>true</uninitialized>
         <run_address>0x2820</run_address>
         <size>0x8</size>
      </object_component>
      <object_component id="oc-4f3">
         <name>.common:gADC_VALUE</name>
         <uninitialized>true</uninitialized>
         <run_address>0x2834</run_address>
         <size>0x2</size>
      </object_component>
      <object_component id="oc-5da">
         <name>.common:wBytesRemainingOnIEP0</name>
         <uninitialized>true</uninitialized>
         <run_address>0x2836</run_address>
         <size>0x2</size>
      </object_component>
      <object_component id="oc-5db">
         <name>.common:wBytesRemainingOnOEP0</name>
         <uninitialized>true</uninitialized>
         <run_address>0x2838</run_address>
         <size>0x2</size>
      </object_component>
      <object_component id="oc-5b5">
         <name>.common:abUsbRequestReturnData</name>
         <uninitialized>true</uninitialized>
         <run_address>0x2818</run_address>
         <size>0x8</size>
      </object_component>
      <object_component id="oc-9c6">
         <name>.common:abramSerialStringDescriptor</name>
         <uninitialized>true</uninitialized>
         <run_address>0x2746</run_address>
         <size>0x22</size>
      </object_component>
      <object_component id="oc-5b4">
         <name>.common:bStatusAction</name>
         <uninitialized>true</uninitialized>
         <run_address>0x283d</run_address>
         <size>0x1</size>
      </object_component>
      <object_component id="oc-492">
         <name>.common:wUsbEventMask</name>
         <uninitialized>true</uninitialized>
         <run_address>0x283a</run_address>
         <size>0x2</size>
      </object_component>
      <object_component id="oc-61f">
         <name>.common:USB_TX_memcpy</name>
         <uninitialized>true</uninitialized>
         <run_address>0x2830</run_address>
         <size>0x4</size>
      </object_component>
      <object_component id="oc-604">
         <name>.common:USB_RX_memcpy</name>
         <uninitialized>true</uninitialized>
         <run_address>0x282c</run_address>
         <size>0x4</size>
      </object_component>
      <object_component id="oc-a74">
         <name>.common:mediaInfoUpdate</name>
         <uninitialized>true</uninitialized>
         <run_address>0x2804</run_address>
         <size>0xc</size>
      </object_component>
      <object_component id="oc-602">
         <name>.common:MscWriteControl</name>
         <uninitialized>true</uninitialized>
         <run_address>0x2724</run_address>
         <size>0x22</size>
      </object_component>
      <object_component id="oc-618">
         <name>.common:MscReadControl</name>
         <uninitialized>true</uninitialized>
         <run_address>0x27a8</run_address>
         <size>0x1e</size>
      </object_component>
      <object_component id="oc-607">
         <name>.common:sRwbuf</name>
         <uninitialized>true</uninitialized>
         <run_address>0x2700</run_address>
         <size>0x24</size>
      </object_component>
      <object_component id="oc-603">
         <name>.common:McsCbw</name>
         <uninitialized>true</uninitialized>
         <run_address>0x2768</run_address>
         <size>0x20</size>
      </object_component>
      <object_component id="oc-8bf">
         <name>.common:McsCsw</name>
         <uninitialized>true</uninitialized>
         <run_address>0x27ea</run_address>
         <size>0xe</size>
      </object_component>
      <object_component id="oc-5df">
         <name>.common:MscState</name>
         <uninitialized>true</uninitialized>
         <run_address>0x27c6</run_address>
         <size>0x14</size>
      </object_component>
      <object_component id="oc-afd">
         <name>.common:Scsi_Standard_Inquiry_Data</name>
         <uninitialized>true</uninitialized>
         <run_address>0x2600</run_address>
         <size>0x100</size>
      </object_component>
      <object_component id="oc-99c">
         <name>.common:RequestSenseResponse</name>
         <uninitialized>true</uninitialized>
         <run_address>0x2788</run_address>
         <size>0x20</size>
      </object_component>
      <object_component id="oc-935">
         <name>.common:Scsi_Read_Capacity_10</name>
         <uninitialized>true</uninitialized>
         <run_address>0x2810</run_address>
         <size>0x8</size>
      </object_component>
      <object_component id="oc-7e5">
         <name>.common:RWbuf</name>
         <uninitialized>true</uninitialized>
         <run_address>0x2400</run_address>
         <size>0x200</size>
      </object_component>
      <object_component id="oc-7cc">
         <name>.common:RWbuf_info</name>
         <uninitialized>true</uninitialized>
         <run_address>0x2828</run_address>
         <size>0x4</size>
      </object_component>
      <object_component id="oc-7d5">
         <name>.common:mediaInfo</name>
         <uninitialized>true</uninitialized>
         <run_address>0x27f8</run_address>
         <size>0xc</size>
      </object_component>
      <object_component id="oc-7f9">
         <name>.data:Timer_A_params</name>
         <load_address>0x286e</load_address>
         <run_address>0x286e</run_address>
         <size>0xe</size>
         <input_file_ref idref="fl-6"/>
      </object_component>
      <object_component id="oc-5c3">
         <name>.data</name>
         <load_address>0x2884</load_address>
         <run_address>0x2884</run_address>
         <size>0x8</size>
         <input_file_ref idref="fl-8"/>
      </object_component>
      <object_component id="oc-608">
         <name>.data:MscControl</name>
         <load_address>0x285e</load_address>
         <run_address>0x285e</run_address>
         <size>0x10</size>
         <input_file_ref idref="fl-d"/>
      </object_component>
      <object_component id="oc-af9">
         <name>.data:Scsi_Mode_Sense_6</name>
         <load_address>0x288c</load_address>
         <run_address>0x288c</run_address>
         <size>0x4</size>
         <input_file_ref idref="fl-d"/>
      </object_component>
      <object_component id="oc-af5">
         <name>.data:Scsi_Mode_Sense_10</name>
         <load_address>0x287c</load_address>
         <run_address>0x287c</run_address>
         <size>0x8</size>
         <input_file_ref idref="fl-d"/>
      </object_component>
      <object_component id="oc-908">
         <name>.data</name>
         <load_address>0x2890</load_address>
         <run_address>0x2890</run_address>
         <size>0x2</size>
         <input_file_ref idref="fl-12"/>
      </object_component>
      <object_component id="oc-4ef">
         <name>.data</name>
         <load_address>0x285d</load_address>
         <run_address>0x285d</run_address>
         <size>0x1</size>
         <input_file_ref idref="fl-13"/>
      </object_component>
      <object_component id="oc-936">
         <name>.data:USBMSC_config</name>
         <load_address>0x283e</load_address>
         <run_address>0x283e</run_address>
         <size>0x1f</size>
         <input_file_ref idref="fl-16"/>
      </object_component>
      <object_component id="oc-3df">
         <name>.stack</name>
         <uninitialized>true</uninitialized>
         <run_address>0x4360</run_address>
         <size>0x4</size>
         <input_file_ref idref="fl-61"/>
      </object_component>
      <object_component id="oc-b88">
         <name>.stack</name>
         <uninitialized>true</uninitialized>
         <run_address>0x4360</run_address>
         <size>0x0</size>
      </object_component>
      <object_component id="oc-4d1">
         <name>.text:MSCFromHostToBuffer</name>
         <load_address>0x10000</load_address>
         <run_address>0x10000</run_address>
         <size>0x41c</size>
         <input_file_ref idref="fl-d"/>
      </object_component>
      <object_component id="oc-828">
         <name>.text:USBMSC_processBuffer</name>
         <load_address>0x1041c</load_address>
         <run_address>0x1041c</run_address>
         <size>0x3a4</size>
         <input_file_ref idref="fl-d"/>
      </object_component>
      <object_component id="oc-4d7">
         <name>.text:MSCToHostFromBuffer</name>
         <load_address>0x107c0</load_address>
         <run_address>0x107c0</run_address>
         <size>0x2c0</size>
         <input_file_ref idref="fl-d"/>
      </object_component>
      <object_component id="oc-993">
         <name>.text:Scsi_Cmd_Parser</name>
         <load_address>0x10a80</load_address>
         <run_address>0x10a80</run_address>
         <size>0x20c</size>
         <input_file_ref idref="fl-d"/>
      </object_component>
      <object_component id="oc-a7b">
         <name>.text:Scsi_Inquiry</name>
         <load_address>0x10c8c</load_address>
         <run_address>0x10c8c</run_address>
         <size>0x13e</size>
         <input_file_ref idref="fl-d"/>
      </object_component>
      <object_component id="oc-7df">
         <name>.text:USBMSC_updateMediaInformation</name>
         <load_address>0x10dca</load_address>
         <run_address>0x10dca</run_address>
         <size>0x13a</size>
         <input_file_ref idref="fl-d"/>
      </object_component>
      <object_component id="oc-4a7">
         <name>.text:USB_reset</name>
         <load_address>0x10f04</load_address>
         <run_address>0x10f04</run_address>
         <size>0x13a</size>
         <input_file_ref idref="fl-8"/>
      </object_component>
      <object_component id="oc-7c0">
         <name>.text:disk_initialize</name>
         <load_address>0x1103e</load_address>
         <run_address>0x1103e</run_address>
         <size>0x138</size>
         <input_file_ref idref="fl-12"/>
      </object_component>
      <object_component id="oc-81c">
         <name>.text:USBMSC_pollCommand</name>
         <load_address>0x11176</load_address>
         <run_address>0x11176</run_address>
         <size>0x12c</size>
         <input_file_ref idref="fl-e"/>
      </object_component>
      <object_component id="oc-5bd">
         <name>.text:USB_enable</name>
         <load_address>0x112a2</load_address>
         <run_address>0x112a2</run_address>
         <size>0x122</size>
         <input_file_ref idref="fl-8"/>
      </object_component>
      <object_component id="oc-a50">
         <name>.text:Scsi_Write10</name>
         <load_address>0x113c4</load_address>
         <run_address>0x113c4</run_address>
         <size>0x11c</size>
         <input_file_ref idref="fl-d"/>
      </object_component>
      <object_component id="oc-69f">
         <name>.text:USBMSC_processMSCBuffer</name>
         <load_address>0x114e0</load_address>
         <run_address>0x114e0</run_address>
         <size>0x110</size>
         <input_file_ref idref="fl-13"/>
      </object_component>
      <object_component id="oc-ae0">
         <name>.text:Check_CBW</name>
         <load_address>0x115f0</load_address>
         <run_address>0x115f0</run_address>
         <size>0x10c</size>
         <input_file_ref idref="fl-d"/>
      </object_component>
      <object_component id="oc-a81">
         <name>.text:Scsi_Request_Sense</name>
         <load_address>0x116fc</load_address>
         <run_address>0x116fc</run_address>
         <size>0xfe</size>
         <input_file_ref idref="fl-d"/>
      </object_component>
      <object_component id="oc-a5c">
         <name>.text:Scsi_Read10</name>
         <load_address>0x117fa</load_address>
         <run_address>0x117fa</run_address>
         <size>0xfa</size>
         <input_file_ref idref="fl-d"/>
      </object_component>
      <object_component id="oc-7d6">
         <name>.text:disk_ioctl</name>
         <load_address>0x118f4</load_address>
         <run_address>0x118f4</run_address>
         <size>0xf4</size>
         <input_file_ref idref="fl-12"/>
      </object_component>
      <object_component id="oc-96c">
         <name>.text:USB_InitSerialStringDescriptor</name>
         <load_address>0x119e8</load_address>
         <run_address>0x119e8</run_address>
         <size>0xe8</size>
         <input_file_ref idref="fl-8"/>
      </object_component>
      <object_component id="oc-8d3">
         <name>.text:UCS_initFLL</name>
         <load_address>0x11ad0</load_address>
         <run_address>0x11ad0</run_address>
         <size>0xe2</size>
         <input_file_ref idref="fl-39"/>
      </object_component>
      <object_component id="oc-79b">
         <name>.text:PMM_setVCoreUp</name>
         <load_address>0x11bb2</load_address>
         <run_address>0x11bb2</run_address>
         <size>0xe0</size>
         <input_file_ref idref="fl-2b"/>
      </object_component>
      <object_component id="oc-5f0">
         <name>.text:USB_determineFreq</name>
         <load_address>0x11c92</load_address>
         <run_address>0x11c92</run_address>
         <size>0xdc</size>
         <input_file_ref idref="fl-8"/>
      </object_component>
      <object_component id="oc-445">
         <name>.text:main</name>
         <load_address>0x11d6e</load_address>
         <run_address>0x11d6e</run_address>
         <size>0xd4</size>
         <input_file_ref idref="fl-6"/>
      </object_component>
      <object_component id="oc-681">
         <name>.text:USBHAL_initPorts</name>
         <load_address>0x11e42</load_address>
         <run_address>0x11e42</run_address>
         <size>0xca</size>
         <input_file_ref idref="fl-5"/>
      </object_component>
      <object_component id="oc-582">
         <name>.text:Analog_ConvertADCtoSPLdB</name>
         <load_address>0x11f0c</load_address>
         <run_address>0x11f0c</run_address>
         <size>0xc6</size>
         <input_file_ref idref="fl-2"/>
      </object_component>
      <object_component id="oc-82e">
         <name>.text:disk_write</name>
         <load_address>0x11fd2</load_address>
         <run_address>0x11fd2</run_address>
         <size>0xbc</size>
         <input_file_ref idref="fl-12"/>
      </object_component>
      <object_component id="oc-556">
         <name>.text:RTC_Setup</name>
         <load_address>0x1208e</load_address>
         <run_address>0x1208e</run_address>
         <size>0xba</size>
         <input_file_ref idref="fl-4"/>
      </object_component>
      <object_component id="oc-8f3">
         <name>.text:send_cmd</name>
         <load_address>0x12148</load_address>
         <run_address>0x12148</run_address>
         <size>0xba</size>
         <input_file_ref idref="fl-12"/>
      </object_component>
      <object_component id="oc-95a">
         <name>.text:USB_determineXT2Freq</name>
         <load_address>0x12202</load_address>
         <run_address>0x12202</run_address>
         <size>0xa8</size>
         <input_file_ref idref="fl-8"/>
      </object_component>
      <object_component id="oc-809">
         <name>.text:USB_init</name>
         <load_address>0x122aa</load_address>
         <run_address>0x122aa</run_address>
         <size>0xa8</size>
         <input_file_ref idref="fl-8"/>
      </object_component>
      <object_component id="oc-7a9">
         <name>.text:UCS_initClockSignal</name>
         <load_address>0x12352</load_address>
         <run_address>0x12352</run_address>
         <size>0xa6</size>
         <input_file_ref idref="fl-39"/>
      </object_component>
      <object_component id="oc-7a1">
         <name>.text:PMM_setVCoreDown</name>
         <load_address>0x123f8</load_address>
         <run_address>0x123f8</run_address>
         <size>0xa2</size>
         <input_file_ref idref="fl-2b"/>
      </object_component>
      <object_component id="oc-915">
         <name>.text:validateCSD</name>
         <load_address>0x1249a</load_address>
         <run_address>0x1249a</run_address>
         <size>0xa2</size>
         <input_file_ref idref="fl-12"/>
      </object_component>
      <object_component id="oc-6ab">
         <name>.text:USB_getConnectionState</name>
         <load_address>0x1253c</load_address>
         <run_address>0x1253c</run_address>
         <size>0x96</size>
         <input_file_ref idref="fl-8"/>
      </object_component>
      <object_component id="oc-472">
         <name>.text:RTC_A_getCalendarTime</name>
         <load_address>0x125d2</load_address>
         <run_address>0x125d2</run_address>
         <size>0x94</size>
         <input_file_ref idref="fl-2e"/>
      </object_component>
      <object_component id="oc-822">
         <name>.text:disk_read</name>
         <load_address>0x12666</load_address>
         <run_address>0x12666</run_address>
         <size>0x94</size>
         <input_file_ref idref="fl-12"/>
      </object_component>
      <object_component id="oc-88e">
         <name>.text:usbGetEndpointStatus</name>
         <load_address>0x126fa</load_address>
         <run_address>0x126fa</run_address>
         <size>0x8a</size>
         <input_file_ref idref="fl-8"/>
      </object_component>
      <object_component id="oc-8c0">
         <name>.text:Reset_RequestSenseResponse</name>
         <load_address>0x12784</load_address>
         <run_address>0x12784</run_address>
         <size>0x86</size>
         <input_file_ref idref="fl-d"/>
      </object_component>
      <object_component id="oc-5b6">
         <name>.text:usbDecodeAndProcessUsbRequest</name>
         <load_address>0x1280a</load_address>
         <run_address>0x1280a</run_address>
         <size>0x86</size>
         <input_file_ref idref="fl-8"/>
      </object_component>
      <object_component id="oc-a68">
         <name>.text:Scsi_Unknown_Request</name>
         <load_address>0x12890</load_address>
         <run_address>0x12890</run_address>
         <size>0x84</size>
         <input_file_ref idref="fl-d"/>
      </object_component>
      <object_component id="oc-a21">
         <name>.text:DMA_init</name>
         <load_address>0x12914</load_address>
         <run_address>0x12914</run_address>
         <size>0x82</size>
         <input_file_ref idref="fl-1f"/>
      </object_component>
      <object_component id="oc-42b">
         <name>.text:_auto_init_hold_wdt</name>
         <load_address>0x12996</load_address>
         <run_address>0x12996</run_address>
         <size>0x82</size>
         <input_file_ref idref="fl-90"/>
      </object_component>
      <object_component id="oc-85e">
         <name>.text:usbClearEndpointFeature</name>
         <load_address>0x12a18</load_address>
         <run_address>0x12a18</run_address>
         <size>0x80</size>
         <input_file_ref idref="fl-8"/>
      </object_component>
      <object_component id="oc-562">
         <name>.text:Analog_Setup</name>
         <load_address>0x12a98</load_address>
         <run_address>0x12a98</run_address>
         <size>0x7c</size>
         <input_file_ref idref="fl-2"/>
      </object_component>
      <object_component id="oc-7fc">
         <name>.text:Timer_A_initUpMode</name>
         <load_address>0x12b14</load_address>
         <run_address>0x12b14</run_address>
         <size>0x7c</size>
         <input_file_ref idref="fl-35"/>
      </object_component>
      <object_component id="oc-6d">
         <name>.text:decompress:lzss:__TI_decompress_lzss</name>
         <load_address>0x12b90</load_address>
         <run_address>0x12b90</run_address>
         <size>0x78</size>
         <input_file_ref idref="fl-63"/>
      </object_component>
      <object_component id="oc-4b3">
         <name>.text:PWRVBUSoffHandler</name>
         <load_address>0x12c08</load_address>
         <run_address>0x12c08</run_address>
         <size>0x76</size>
         <input_file_ref idref="fl-15"/>
      </object_component>
      <object_component id="oc-7e6">
         <name>.text:USBMSC_registerBufferInformation</name>
         <load_address>0x12c7e</load_address>
         <run_address>0x12c7e</run_address>
         <size>0x74</size>
         <input_file_ref idref="fl-d"/>
      </object_component>
      <object_component id="oc-619">
         <name>.text:MscSendData</name>
         <load_address>0x12cf2</load_address>
         <run_address>0x12cf2</run_address>
         <size>0x72</size>
         <input_file_ref idref="fl-d"/>
      </object_component>
      <object_component id="oc-568">
         <name>.text:GPIO_getSampleInterval</name>
         <load_address>0x12d64</load_address>
         <run_address>0x12d64</run_address>
         <size>0x70</size>
         <input_file_ref idref="fl-3"/>
      </object_component>
      <object_component id="oc-60b">
         <name>.text:MscCopyUsbToBuff</name>
         <load_address>0x12dd4</load_address>
         <run_address>0x12dd4</run_address>
         <size>0x70</size>
         <input_file_ref idref="fl-d"/>
      </object_component>
      <object_component id="oc-628">
         <name>.text:usbSendNextPacketOnIEP0</name>
         <load_address>0x12e44</load_address>
         <run_address>0x12e44</run_address>
         <size>0x6e</size>
         <input_file_ref idref="fl-8"/>
      </object_component>
      <object_component id="oc-550">
         <name>.text:HandleSDCardReader</name>
         <load_address>0x12eb2</load_address>
         <run_address>0x12eb2</run_address>
         <size>0x6a</size>
         <input_file_ref idref="fl-6"/>
      </object_component>
      <object_component id="oc-4bf">
         <name>.text:PWRVBUSonHandler</name>
         <load_address>0x12f1c</load_address>
         <run_address>0x12f1c</run_address>
         <size>0x6a</size>
         <input_file_ref idref="fl-15"/>
      </object_component>
      <object_component id="oc-6be">
         <name>.text:RTC_A_initCalendar</name>
         <load_address>0x12f86</load_address>
         <run_address>0x12f86</run_address>
         <size>0x68</size>
         <input_file_ref idref="fl-2e"/>
      </object_component>
      <object_component id="oc-50b">
         <name>.text:copy_in</name>
         <load_address>0x12fee</load_address>
         <run_address>0x12fee</run_address>
         <size>0x66</size>
         <input_file_ref idref="fl-91"/>
      </object_component>
      <object_component id="oc-a27">
         <name>.text:memcpyDMA</name>
         <load_address>0x13054</load_address>
         <run_address>0x13054</run_address>
         <size>0x64</size>
         <input_file_ref idref="fl-9"/>
      </object_component>
      <object_component id="oc-68d">
         <name>.text:USBMSC_initMSC</name>
         <load_address>0x130b8</load_address>
         <run_address>0x130b8</run_address>
         <size>0x5e</size>
         <input_file_ref idref="fl-13"/>
      </object_component>
      <object_component id="oc-972">
         <name>.text:USB_initMemcpy</name>
         <load_address>0x13116</load_address>
         <run_address>0x13116</run_address>
         <size>0x5c</size>
         <input_file_ref idref="fl-9"/>
      </object_component>
      <object_component id="oc-a6e">
         <name>.text:Scsi_Mode_Sense10</name>
         <load_address>0x13172</load_address>
         <run_address>0x13172</run_address>
         <size>0x5a</size>
         <input_file_ref idref="fl-d"/>
      </object_component>
      <object_component id="oc-a75">
         <name>.text:Scsi_Mode_Sense6</name>
         <load_address>0x131cc</load_address>
         <run_address>0x131cc</run_address>
         <size>0x5a</size>
         <input_file_ref idref="fl-d"/>
      </object_component>
      <object_component id="oc-6a5">
         <name>.text:USBMSC_checkMSCInsertionRemoval</name>
         <load_address>0x13226</load_address>
         <run_address>0x13226</run_address>
         <size>0x5a</size>
         <input_file_ref idref="fl-13"/>
      </object_component>
      <object_component id="oc-876">
         <name>.text:usbGetStringDescriptor</name>
         <load_address>0x13280</load_address>
         <run_address>0x13280</run_address>
         <size>0x5a</size>
         <input_file_ref idref="fl-8"/>
      </object_component>
      <object_component id="oc-7af">
         <name>.text</name>
         <load_address>0x132da</load_address>
         <run_address>0x132da</run_address>
         <size>0x58</size>
         <input_file_ref idref="fl-69"/>
      </object_component>
      <object_component id="oc-99e">
         <name>.text:xmit_datablock</name>
         <load_address>0x13332</load_address>
         <run_address>0x13332</run_address>
         <size>0x58</size>
         <input_file_ref idref="fl-12"/>
      </object_component>
      <object_component id="oc-98d">
         <name>.text:Scsi_Verify_CBW</name>
         <load_address>0x1338a</load_address>
         <run_address>0x1338a</run_address>
         <size>0x54</size>
         <input_file_ref idref="fl-d"/>
      </object_component>
      <object_component id="oc-91c">
         <name>.text:rcvr_datablock</name>
         <load_address>0x133de</load_address>
         <run_address>0x133de</run_address>
         <size>0x52</size>
         <input_file_ref idref="fl-12"/>
      </object_component>
      <object_component id="oc-621">
         <name>.text:usbReceiveNextPacketOnOEP0</name>
         <load_address>0x13430</load_address>
         <run_address>0x13430</run_address>
         <size>0x52</size>
         <input_file_ref idref="fl-8"/>
      </object_component>
      <object_component id="oc-6e8">
         <name>.text:ADC12_A_init</name>
         <load_address>0x13482</load_address>
         <run_address>0x13482</run_address>
         <size>0x50</size>
         <input_file_ref idref="fl-18"/>
      </object_component>
      <object_component id="oc-a11">
         <name>.text:TLV_getInfo</name>
         <load_address>0x134d2</load_address>
         <run_address>0x134d2</run_address>
         <size>0x50</size>
         <input_file_ref idref="fl-38"/>
      </object_component>
      <object_component id="oc-8db">
         <name>.text:SDCard_init</name>
         <load_address>0x13522</load_address>
         <run_address>0x13522</run_address>
         <size>0x48</size>
         <input_file_ref idref="fl-10"/>
      </object_component>
      <object_component id="oc-486">
         <name>.text:SetupPacketInterruptHandler</name>
         <load_address>0x1356a</load_address>
         <run_address>0x1356a</run_address>
         <size>0x48</size>
         <input_file_ref idref="fl-15"/>
      </object_component>
      <object_component id="oc-8a6">
         <name>.text:usbSetEndpointFeature</name>
         <load_address>0x135b2</load_address>
         <run_address>0x135b2</run_address>
         <size>0x48</size>
         <input_file_ref idref="fl-8"/>
      </object_component>
      <object_component id="oc-6c7">
         <name>.text:RTC_A_configureCalendarAlarm</name>
         <load_address>0x135fa</load_address>
         <run_address>0x135fa</run_address>
         <size>0x46</size>
         <input_file_ref idref="fl-2e"/>
      </object_component>
      <object_component id="oc-747">
         <name>.text:Msc_ResetStruct</name>
         <load_address>0x13640</load_address>
         <run_address>0x13640</run_address>
         <size>0x42</size>
         <input_file_ref idref="fl-d"/>
      </object_component>
      <object_component id="oc-939">
         <name>.text:USBMSC_getState</name>
         <load_address>0x13682</load_address>
         <run_address>0x13682</run_address>
         <size>0x42</size>
         <input_file_ref idref="fl-d"/>
      </object_component>
      <object_component id="oc-960">
         <name>.text:USB_lookUpPll</name>
         <load_address>0x136c4</load_address>
         <run_address>0x136c4</run_address>
         <size>0x42</size>
         <input_file_ref idref="fl-8"/>
      </object_component>
      <object_component id="oc-709">
         <name>.text:ADC12_A_enableInterrupt</name>
         <load_address>0x13706</load_address>
         <run_address>0x13706</run_address>
         <size>0x40</size>
         <input_file_ref idref="fl-18"/>
      </object_component>
      <object_component id="oc-67b">
         <name>.text:PMM_setVCore</name>
         <load_address>0x13746</load_address>
         <run_address>0x13746</run_address>
         <size>0x40</size>
         <input_file_ref idref="fl-2b"/>
      </object_component>
      <object_component id="oc-666">
         <name>.text:GPIO_setAsInputPinWithPullUpResistor</name>
         <load_address>0x13786</load_address>
         <run_address>0x13786</run_address>
         <size>0x3e</size>
         <input_file_ref idref="fl-25"/>
      </object_component>
      <object_component id="oc-729">
         <name>.text:UCS_turnOnXT2WithTimeout</name>
         <load_address>0x137c4</load_address>
         <run_address>0x137c4</run_address>
         <size>0x3e</size>
         <input_file_ref idref="fl-39"/>
      </object_component>
      <object_component id="oc-687">
         <name>.text:USBHAL_initClocks</name>
         <load_address>0x13802</load_address>
         <run_address>0x13802</run_address>
         <size>0x3e</size>
         <input_file_ref idref="fl-5"/>
      </object_component>
      <object_component id="oc-927">
         <name>.text:l_lsl_const</name>
         <load_address>0x13840</load_address>
         <run_address>0x13840</run_address>
         <size>0x3e</size>
         <input_file_ref idref="fl-7f"/>
      </object_component>
      <object_component id="oc-7b4">
         <name>.text:l_lsr_const</name>
         <load_address>0x1387e</load_address>
         <run_address>0x1387e</run_address>
         <size>0x3e</size>
         <input_file_ref idref="fl-81"/>
      </object_component>
      <object_component id="oc-94b">
         <name>.text:Scsi_Send_CSW</name>
         <load_address>0x138bc</load_address>
         <run_address>0x138bc</run_address>
         <size>0x3c</size>
         <input_file_ref idref="fl-d"/>
      </object_component>
      <object_component id="oc-699">
         <name>.text:USB_setup</name>
         <load_address>0x138f8</load_address>
         <run_address>0x138f8</run_address>
         <size>0x3a</size>
         <input_file_ref idref="fl-8"/>
      </object_component>
      <object_component id="oc-9df">
         <name>.text:SDCard_readFrame</name>
         <load_address>0x13932</load_address>
         <run_address>0x13932</run_address>
         <size>0x38</size>
         <input_file_ref idref="fl-10"/>
      </object_component>
      <object_component id="oc-6b8">
         <name>.text:UCS_turnOnLFXT1</name>
         <load_address>0x1396a</load_address>
         <run_address>0x1396a</run_address>
         <size>0x38</size>
         <input_file_ref idref="fl-39"/>
      </object_component>
      <object_component id="oc-5e2">
         <name>.text:USBMSC_reset</name>
         <load_address>0x139a2</load_address>
         <run_address>0x139a2</run_address>
         <size>0x38</size>
         <input_file_ref idref="fl-c"/>
      </object_component>
      <object_component id="oc-7b9">
         <name>.text:UCS_initFLLSettle</name>
         <load_address>0x139da</load_address>
         <run_address>0x139da</run_address>
         <size>0x36</size>
         <input_file_ref idref="fl-39"/>
      </object_component>
      <object_component id="oc-8ac">
         <name>.text:usbSetInterface</name>
         <load_address>0x13a10</load_address>
         <run_address>0x13a10</run_address>
         <size>0x36</size>
         <input_file_ref idref="fl-8"/>
      </object_component>
      <object_component id="oc-9ff">
         <name>.text:wait_ready</name>
         <load_address>0x13a46</load_address>
         <run_address>0x13a46</run_address>
         <size>0x36</size>
         <input_file_ref idref="fl-12"/>
      </object_component>
      <object_component id="oc-544">
         <name>.text:GPIO_initOutputs</name>
         <load_address>0x13a7c</load_address>
         <run_address>0x13a7c</run_address>
         <size>0x34</size>
         <input_file_ref idref="fl-3"/>
      </object_component>
      <object_component id="oc-73b">
         <name>.text:Msc_ResetStateMachine</name>
         <load_address>0x13ab0</load_address>
         <run_address>0x13ab0</run_address>
         <size>0x34</size>
         <input_file_ref idref="fl-e"/>
      </object_component>
      <object_component id="oc-6d3">
         <name>.text:RTC_A_clearInterrupt</name>
         <load_address>0x13ae4</load_address>
         <run_address>0x13ae4</run_address>
         <size>0x34</size>
         <input_file_ref idref="fl-2e"/>
      </object_component>
      <object_component id="oc-a62">
         <name>.text:Scsi_Read_Capacity10</name>
         <load_address>0x13b18</load_address>
         <run_address>0x13b18</run_address>
         <size>0x34</size>
         <input_file_ref idref="fl-d"/>
      </object_component>
      <object_component id="oc-478">
         <name>.text:ADC12_A_startConversion</name>
         <load_address>0x13b4c</load_address>
         <run_address>0x13b4c</run_address>
         <size>0x32</size>
         <input_file_ref idref="fl-18"/>
      </object_component>
      <object_component id="oc-53e">
         <name>.text:GPIO_initInputs</name>
         <load_address>0x13b7e</load_address>
         <run_address>0x13b7e</run_address>
         <size>0x32</size>
         <input_file_ref idref="fl-3"/>
      </object_component>
      <object_component id="oc-ab2">
         <name>.text:DMA_setDstAddress</name>
         <load_address>0x13bb0</load_address>
         <run_address>0x13bb0</run_address>
         <size>0x30</size>
         <input_file_ref idref="fl-1f"/>
      </object_component>
      <object_component id="oc-815">
         <name>.text:USB_getConnectionInformation</name>
         <load_address>0x13be0</load_address>
         <run_address>0x13be0</run_address>
         <size>0x30</size>
         <input_file_ref idref="fl-8"/>
      </object_component>
      <object_component id="oc-49b">
         <name>.text:USB_suspend</name>
         <load_address>0x13c10</load_address>
         <run_address>0x13c10</run_address>
         <size>0x30</size>
         <input_file_ref idref="fl-8"/>
      </object_component>
      <object_component id="oc-7cf">
         <name>.text:detectCard</name>
         <load_address>0x13c40</load_address>
         <run_address>0x13c40</run_address>
         <size>0x30</size>
         <input_file_ref idref="fl-12"/>
      </object_component>
      <object_component id="oc-aac">
         <name>.text:DMA_setSrcAddress</name>
         <load_address>0x13c70</load_address>
         <run_address>0x13c70</run_address>
         <size>0x2e</size>
         <input_file_ref idref="fl-1f"/>
      </object_component>
      <object_component id="oc-6d9">
         <name>.text:RTC_A_enableInterrupt</name>
         <load_address>0x13c9e</load_address>
         <run_address>0x13c9e</run_address>
         <size>0x2e</size>
         <input_file_ref idref="fl-2e"/>
      </object_component>
      <object_component id="oc-a96">
         <name>.text:SDCard_sendFrame</name>
         <load_address>0x13ccc</load_address>
         <run_address>0x13ccc</run_address>
         <size>0x2e</size>
         <input_file_ref idref="fl-10"/>
      </object_component>
      <object_component id="oc-882">
         <name>.text:usbGetDeviceStatus</name>
         <load_address>0x13cfa</load_address>
         <run_address>0x13cfa</run_address>
         <size>0x2c</size>
         <input_file_ref idref="fl-8"/>
      </object_component>
      <object_component id="oc-a1b">
         <name>.text:memcpyV</name>
         <load_address>0x13d26</load_address>
         <run_address>0x13d26</run_address>
         <size>0x2a</size>
         <input_file_ref idref="fl-9"/>
      </object_component>
      <object_component id="oc-66d">
         <name>.text:GPIO_setAsOutputPin</name>
         <load_address>0x13d50</load_address>
         <run_address>0x13d50</run_address>
         <size>0x28</size>
         <input_file_ref idref="fl-25"/>
      </object_component>
      <object_component id="oc-6b2">
         <name>.text:GPIO_setAsPeripheralModuleFunctionInputPin</name>
         <load_address>0x13d78</load_address>
         <run_address>0x13d78</run_address>
         <size>0x28</size>
         <input_file_ref idref="fl-25"/>
      </object_component>
      <object_component id="oc-6e2">
         <name>.text:GPIO_setAsPeripheralModuleFunctionOutputPin</name>
         <load_address>0x13da0</load_address>
         <run_address>0x13da0</run_address>
         <size>0x28</size>
         <input_file_ref idref="fl-25"/>
      </object_component>
      <object_component id="oc-a3e">
         <name>.text:SET_RequestsenseMediaNotPresent</name>
         <load_address>0x13dc8</load_address>
         <run_address>0x13dc8</run_address>
         <size>0x28</size>
         <input_file_ref idref="fl-d"/>
      </object_component>
      <object_component id="oc-a56">
         <name>.text:SET_RequestsenseNotReady</name>
         <load_address>0x13df0</load_address>
         <run_address>0x13df0</run_address>
         <size>0x28</size>
         <input_file_ref idref="fl-d"/>
      </object_component>
      <object_component id="oc-a44">
         <name>.text:Scsi_Report_Luns</name>
         <load_address>0x13e18</load_address>
         <run_address>0x13e18</run_address>
         <size>0x28</size>
         <input_file_ref idref="fl-d"/>
      </object_component>
      <object_component id="oc-6fd">
         <name>.text:ADC12_A_configureMemory</name>
         <load_address>0x13e40</load_address>
         <run_address>0x13e40</run_address>
         <size>0x26</size>
         <input_file_ref idref="fl-18"/>
      </object_component>
      <object_component id="oc-6f4">
         <name>.text:ADC12_A_setupSamplingTimer</name>
         <load_address>0x13e66</load_address>
         <run_address>0x13e66</run_address>
         <size>0x26</size>
         <input_file_ref idref="fl-18"/>
      </object_component>
      <object_component id="oc-693">
         <name>.text:initTimer</name>
         <load_address>0x13e8c</load_address>
         <run_address>0x13e8c</run_address>
         <size>0x26</size>
         <input_file_ref idref="fl-6"/>
      </object_component>
      <object_component id="oc-89a">
         <name>.text:usbSetConfiguration</name>
         <load_address>0x13eb2</load_address>
         <run_address>0x13eb2</run_address>
         <size>0x26</size>
         <input_file_ref idref="fl-8"/>
      </object_component>
      <object_component id="oc-4dd">
         <name>.text:OEP0InterruptHandler</name>
         <load_address>0x13ed8</load_address>
         <run_address>0x13ed8</run_address>
         <size>0x24</size>
         <input_file_ref idref="fl-15"/>
      </object_component>
      <object_component id="oc-8f">
         <name>.text:decompress:ZI:__TI_zero_init</name>
         <load_address>0x13efc</load_address>
         <run_address>0x13efc</run_address>
         <size>0x24</size>
         <input_file_ref idref="fl-65"/>
      </object_component>
      <object_component id="oc-7ed">
         <name>.text:setTimer_A_Parameters</name>
         <load_address>0x13f20</load_address>
         <run_address>0x13f20</run_address>
         <size>0x24</size>
         <input_file_ref idref="fl-6"/>
      </object_component>
      <object_component id="oc-76e">
         <name>.text:usbDisableInEndpointInterrupt</name>
         <load_address>0x13f44</load_address>
         <run_address>0x13f44</run_address>
         <size>0x24</size>
         <input_file_ref idref="fl-8"/>
      </object_component>
      <object_component id="oc-981">
         <name>.text:usbDisableOutEndpointInterrupt</name>
         <load_address>0x13f68</load_address>
         <run_address>0x13f68</run_address>
         <size>0x24</size>
         <input_file_ref idref="fl-8"/>
      </object_component>
      <object_component id="oc-5e8">
         <name>.text:MscResetData</name>
         <load_address>0x13f8c</load_address>
         <run_address>0x13f8c</run_address>
         <size>0x22</size>
         <input_file_ref idref="fl-d"/>
      </object_component>
      <object_component id="oc-4f5">
         <name>.text:USB_disable</name>
         <load_address>0x13fae</load_address>
         <run_address>0x13fae</run_address>
         <size>0x22</size>
         <input_file_ref idref="fl-8"/>
      </object_component>
      <object_component id="oc-9ab">
         <name>.text:usbSendDataPacketOnEP0</name>
         <load_address>0x13fd0</load_address>
         <run_address>0x13fd0</run_address>
         <size>0x22</size>
         <input_file_ref idref="fl-8"/>
      </object_component>
      <object_component id="oc-978">
         <name>.text:MscResetCtrlLun</name>
         <load_address>0x13ff2</load_address>
         <run_address>0x13ff2</run_address>
         <size>0x20</size>
         <input_file_ref idref="fl-d"/>
      </object_component>
      <object_component id="oc-538">
         <name>.text:WDT_A_hold</name>
         <load_address>0x14012</load_address>
         <run_address>0x14012</run_address>
         <size>0x20</size>
         <input_file_ref idref="fl-3e"/>
      </object_component>
      <object_component id="oc-8e1">
         <name>.text:disk_status</name>
         <load_address>0x14032</load_address>
         <run_address>0x14032</run_address>
         <size>0x20</size>
         <input_file_ref idref="fl-12"/>
      </object_component>
      <object_component id="oc-894">
         <name>.text:usbSetAddress</name>
         <load_address>0x14052</load_address>
         <run_address>0x14052</run_address>
         <size>0x20</size>
         <input_file_ref idref="fl-8"/>
      </object_component>
      <object_component id="oc-87c">
         <name>.text:usbGetInterface</name>
         <load_address>0x14072</load_address>
         <run_address>0x14072</run_address>
         <size>0x1e</size>
         <input_file_ref idref="fl-8"/>
      </object_component>
      <object_component id="oc-888">
         <name>.text:usbGetInterfaceStatus</name>
         <load_address>0x14090</load_address>
         <run_address>0x14090</run_address>
         <size>0x1e</size>
         <input_file_ref idref="fl-8"/>
      </object_component>
      <object_component id="oc-54a">
         <name>.text:GPIO_getInputPinValue</name>
         <load_address>0x140ae</load_address>
         <run_address>0x140ae</run_address>
         <size>0x1c</size>
         <input_file_ref idref="fl-25"/>
      </object_component>
      <object_component id="oc-673">
         <name>.text:GPIO_setOutputLowOnPin</name>
         <load_address>0x140ca</load_address>
         <run_address>0x140ca</run_address>
         <size>0x1c</size>
         <input_file_ref idref="fl-25"/>
      </object_component>
      <object_component id="oc-47e">
         <name>.text:GPIO_toggleOutputOnPin</name>
         <load_address>0x140e6</load_address>
         <run_address>0x140e6</run_address>
         <size>0x1c</size>
         <input_file_ref idref="fl-25"/>
      </object_component>
      <object_component id="oc-4e3">
         <name>.text:IEP0InterruptHandler</name>
         <load_address>0x14102</load_address>
         <run_address>0x14102</run_address>
         <size>0x1c</size>
         <input_file_ref idref="fl-15"/>
      </object_component>
      <object_component id="oc-aeb">
         <name>.text:__mpyul</name>
         <load_address>0x1411e</load_address>
         <run_address>0x1411e</run_address>
         <size>0x1c</size>
         <input_file_ref idref="fl-87"/>
      </object_component>
      <object_component id="oc-a31">
         <name>.text:usbStallEndpoint</name>
         <load_address>0x1413a</load_address>
         <run_address>0x1413a</run_address>
         <size>0x1c</size>
         <input_file_ref idref="fl-d"/>
      </object_component>
      <object_component id="oc-852">
         <name>.text:Get_MaxLUN</name>
         <load_address>0x14156</load_address>
         <run_address>0x14156</run_address>
         <size>0x1a</size>
         <input_file_ref idref="fl-c"/>
      </object_component>
      <object_component id="oc-5fa">
         <name>.text:USB_connect</name>
         <load_address>0x14170</load_address>
         <run_address>0x14170</run_address>
         <size>0x1a</size>
         <input_file_ref idref="fl-8"/>
      </object_component>
      <object_component id="oc-a4a">
         <name>.text:Scsi_Test_Unit_Ready</name>
         <load_address>0x1418a</load_address>
         <run_address>0x1418a</run_address>
         <size>0x18</size>
         <input_file_ref idref="fl-d"/>
      </object_component>
      <object_component id="oc-48c">
         <name>.text:USB_resume</name>
         <load_address>0x141a2</load_address>
         <run_address>0x141a2</run_address>
         <size>0x18</size>
         <input_file_ref idref="fl-8"/>
      </object_component>
      <object_component id="oc-634">
         <name>.text</name>
         <load_address>0x141ba</load_address>
         <run_address>0x141ba</run_address>
         <size>0x18</size>
         <input_file_ref idref="fl-88"/>
      </object_component>
      <object_component id="oc-92c">
         <name>.text:select</name>
         <load_address>0x141d2</load_address>
         <run_address>0x141d2</run_address>
         <size>0x18</size>
         <input_file_ref idref="fl-12"/>
      </object_component>
      <object_component id="oc-858">
         <name>.text:usbClearDeviceFeature</name>
         <load_address>0x141ea</load_address>
         <run_address>0x141ea</run_address>
         <size>0x18</size>
         <input_file_ref idref="fl-8"/>
      </object_component>
      <object_component id="oc-8a0">
         <name>.text:usbSetDeviceFeature</name>
         <load_address>0x14202</load_address>
         <run_address>0x14202</run_address>
         <size>0x18</size>
         <input_file_ref idref="fl-8"/>
      </object_component>
      <object_component id="oc-93f">
         <name>.text:usbStallOutEndpoint</name>
         <load_address>0x1421a</load_address>
         <run_address>0x1421a</run_address>
         <size>0x18</size>
         <input_file_ref idref="fl-d"/>
      </object_component>
      <object_component id="oc-532">
         <name>.text:memset</name>
         <load_address>0x14232</load_address>
         <run_address>0x14232</run_address>
         <size>0x16</size>
         <input_file_ref idref="fl-83"/>
      </object_component>
      <object_component id="oc-574">
         <name>.text</name>
         <load_address>0x14248</load_address>
         <run_address>0x14248</run_address>
         <size>0x16</size>
         <input_file_ref idref="fl-67"/>
      </object_component>
      <object_component id="oc-870">
         <name>.text:usbGetConfigurationDescriptor</name>
         <load_address>0x1425e</load_address>
         <run_address>0x1425e</run_address>
         <size>0x16</size>
         <input_file_ref idref="fl-8"/>
      </object_component>
      <object_component id="oc-86a">
         <name>.text:usbGetDeviceDescriptor</name>
         <load_address>0x14274</load_address>
         <run_address>0x14274</run_address>
         <size>0x16</size>
         <input_file_ref idref="fl-8"/>
      </object_component>
      <object_component id="oc-4c5">
         <name>.text:USB_handleVbusOnEvent</name>
         <load_address>0x1428a</load_address>
         <run_address>0x1428a</run_address>
         <size>0x14</size>
         <input_file_ref idref="fl-14"/>
      </object_component>
      <object_component id="oc-3ee">
         <name>.text:memcpy</name>
         <load_address>0x1429e</load_address>
         <run_address>0x1429e</run_address>
         <size>0x14</size>
         <input_file_ref idref="fl-82"/>
      </object_component>
      <object_component id="oc-a37">
         <name>.text:usbClearOEPByteCount</name>
         <load_address>0x142b2</load_address>
         <run_address>0x142b2</run_address>
         <size>0x14</size>
         <input_file_ref idref="fl-d"/>
      </object_component>
      <object_component id="oc-864">
         <name>.text:usbGetConfiguration</name>
         <load_address>0x142c6</load_address>
         <run_address>0x142c6</run_address>
         <size>0x14</size>
         <input_file_ref idref="fl-8"/>
      </object_component>
      <object_component id="oc-945">
         <name>.text:usbStallInEndpoint</name>
         <load_address>0x142da</load_address>
         <run_address>0x142da</run_address>
         <size>0x14</size>
         <input_file_ref idref="fl-d"/>
      </object_component>
      <object_component id="oc-902">
         <name>.text:SDCard_fastMode</name>
         <load_address>0x142ee</load_address>
         <run_address>0x142ee</run_address>
         <size>0x12</size>
         <input_file_ref idref="fl-10"/>
      </object_component>
      <object_component id="oc-73">
         <name>.text:decompress:none:__TI_decompress_none</name>
         <load_address>0x14300</load_address>
         <run_address>0x14300</run_address>
         <size>0x12</size>
         <input_file_ref idref="fl-64"/>
      </object_component>
      <object_component id="oc-8fc">
         <name>.text:deselect</name>
         <load_address>0x14312</load_address>
         <run_address>0x14312</run_address>
         <size>0x12</size>
         <input_file_ref idref="fl-12"/>
      </object_component>
      <object_component id="oc-ad6">
         <name>.text:DMA_disableTransfers</name>
         <load_address>0x14324</load_address>
         <run_address>0x14324</run_address>
         <size>0x10</size>
         <input_file_ref idref="fl-1f"/>
      </object_component>
      <object_component id="oc-ac4">
         <name>.text:DMA_enableTransfers</name>
         <load_address>0x14334</load_address>
         <run_address>0x14334</run_address>
         <size>0x10</size>
         <input_file_ref idref="fl-1f"/>
      </object_component>
      <object_component id="oc-922">
         <name>.text:l_lsl</name>
         <load_address>0x14344</load_address>
         <run_address>0x14344</run_address>
         <size>0x10</size>
         <input_file_ref idref="fl-7f"/>
      </object_component>
      <object_component id="oc-ad0">
         <name>.text:DMA_getInterruptStatus</name>
         <load_address>0x14354</load_address>
         <run_address>0x14354</run_address>
         <size>0xe</size>
         <input_file_ref idref="fl-1f"/>
      </object_component>
      <object_component id="oc-aca">
         <name>.text:DMA_startTransfer</name>
         <load_address>0x14362</load_address>
         <run_address>0x14362</run_address>
         <size>0xe</size>
         <input_file_ref idref="fl-1f"/>
      </object_component>
      <object_component id="oc-8b2">
         <name>.text:usbInvalidRequest</name>
         <load_address>0x14370</load_address>
         <run_address>0x14370</run_address>
         <size>0xe</size>
         <input_file_ref idref="fl-8"/>
      </object_component>
      <object_component id="oc-74d">
         <name>.text:usbSendZeroLengthPacketOnIEP0</name>
         <load_address>0x1437e</load_address>
         <run_address>0x1437e</run_address>
         <size>0xe</size>
         <input_file_ref idref="fl-8"/>
      </object_component>
      <object_component id="oc-703">
         <name>.text:ADC12_A_clearInterrupt</name>
         <load_address>0x1438c</load_address>
         <run_address>0x1438c</run_address>
         <size>0xc</size>
         <input_file_ref idref="fl-18"/>
      </object_component>
      <object_component id="oc-abe">
         <name>.text:DMA_setTransferSize</name>
         <load_address>0x14398</load_address>
         <run_address>0x14398</run_address>
         <size>0xc</size>
         <input_file_ref idref="fl-1f"/>
      </object_component>
      <object_component id="oc-6cd">
         <name>.text:RTC_A_setCalendarEvent</name>
         <load_address>0x143a4</load_address>
         <run_address>0x143a4</run_address>
         <size>0xc</size>
         <input_file_ref idref="fl-2e"/>
      </object_component>
      <object_component id="oc-55c">
         <name>.text:RTC_A_startClock</name>
         <load_address>0x143b0</load_address>
         <run_address>0x143b0</run_address>
         <size>0xc</size>
         <input_file_ref idref="fl-2e"/>
      </object_component>
      <object_component id="oc-802">
         <name>.text:Timer_A_startCounter</name>
         <load_address>0x143bc</load_address>
         <run_address>0x143bc</run_address>
         <size>0xc</size>
         <input_file_ref idref="fl-35"/>
      </object_component>
      <object_component id="oc-57c">
         <name>.text:abs</name>
         <load_address>0x143c8</load_address>
         <run_address>0x143c8</run_address>
         <size>0xa</size>
         <input_file_ref idref="fl-60"/>
      </object_component>
      <object_component id="oc-755">
         <name>.text</name>
         <load_address>0x143d2</load_address>
         <run_address>0x143d2</run_address>
         <size>0xa</size>
         <input_file_ref idref="fl-7e"/>
      </object_component>
      <object_component id="oc-75a">
         <name>.text</name>
         <load_address>0x143dc</load_address>
         <run_address>0x143dc</run_address>
         <size>0xa</size>
         <input_file_ref idref="fl-80"/>
      </object_component>
      <object_component id="oc-9b2">
         <name>.text:usbStallEndpoint0</name>
         <load_address>0x143e6</load_address>
         <run_address>0x143e6</run_address>
         <size>0xa</size>
         <input_file_ref idref="fl-8"/>
      </object_component>
      <object_component id="oc-6ee">
         <name>.text:ADC12_A_enable</name>
         <load_address>0x143f0</load_address>
         <run_address>0x143f0</run_address>
         <size>0x8</size>
         <input_file_ref idref="fl-18"/>
      </object_component>
      <object_component id="oc-56e">
         <name>.text:ADC12_A_isBusy</name>
         <load_address>0x143f8</load_address>
         <run_address>0x143f8</run_address>
         <size>0x8</size>
         <input_file_ref idref="fl-18"/>
      </object_component>
      <object_component id="oc-5cf">
         <name>.text:UCS_turnOffXT2</name>
         <load_address>0x14400</load_address>
         <run_address>0x14400</run_address>
         <size>0x8</size>
         <input_file_ref idref="fl-39"/>
      </object_component>
      <object_component id="oc-4b9">
         <name>.text:USB_handleVbusOffEvent</name>
         <load_address>0x14408</load_address>
         <run_address>0x14408</run_address>
         <size>0x8</size>
         <input_file_ref idref="fl-14"/>
      </object_component>
      <object_component id="oc-80f">
         <name>.text:USB_setEnabledEvents</name>
         <load_address>0x14410</load_address>
         <run_address>0x14410</run_address>
         <size>0x8</size>
         <input_file_ref idref="fl-8"/>
      </object_component>
      <object_component id="oc-aa6">
         <name>.text:DMA_disableTransferDuringReadModifyWrite</name>
         <load_address>0x14418</load_address>
         <run_address>0x14418</run_address>
         <size>0x6</size>
         <input_file_ref idref="fl-1f"/>
      </object_component>
[...]
      </symbol>
      <symbol id="sm-b54">
         <name>ADC12_A_init</name>
         <value>0x13482</value>
         <object_component_ref idref="oc-6e8"/>
      </symbol>
      <symbol id="sm-b55">
         <name>ADC12_A_startConversion</name>
         <value>0x13b4c</value>
         <object_component_ref idref="oc-478"/>
      </symbol>
      <symbol id="sm-b56">
         <name>ADC12_A_enable</name>
         <value>0x143f0</value>
         <object_component_ref idref="oc-6ee"/>
      </symbol>
      <symbol id="sm-b57">
         <name>ADC12_A_clearInterrupt</name>
         <value>0x1438c</value>
         <object_component_ref idref="oc-703"/>
      </symbol>
      <symbol id="sm-b58">
         <name>ADC12_A_setupSamplingTimer</name>
         <value>0x13e66</value>
         <object_component_ref idref="oc-6f4"/>
      </symbol>
      <symbol id="sm-b59">
         <name>ADC12_A_configureMemory</name>
         <value>0x13e40</value>
         <object_component_ref idref="oc-6fd"/>
      </symbol>
      <symbol id="sm-b5a">
         <name>ADC12_A_isBusy</name>
         <value>0x143f8</value>
         <object_component_ref idref="oc-56e"/>
      </symbol>
      <symbol id="sm-b5b">
         <name>ADC12_A_enableInterrupt</name>
         <value>0x13706</value>
         <object_component_ref idref="oc-709"/>
      </symbol>
      <symbol id="sm-bae">
         <name>DMA_setSrcAddress</name>
         <value>0x13c70</value>
         <object_component_ref idref="oc-aac"/>
      </symbol>
      <symbol id="sm-baf">
         <name>DMA_disableTransferDuringReadModifyWrite</name>
         <value>0x14418</value>
         <object_component_ref idref="oc-aa6"/>
      </symbol>
      <symbol id="sm-bb0">
         <name>DMA_setDstAddress</name>
         <value>0x13bb0</value>
         <object_component_ref idref="oc-ab2"/>
      </symbol>
      <symbol id="sm-bb1">
         <name>DMA_enableTransfers</name>
         <value>0x14334</value>
         <object_component_ref idref="oc-ac4"/>
      </symbol>
      <symbol id="sm-bb2">
         <name>DMA_disableTransfers</name>
         <value>0x14324</value>
         <object_component_ref idref="oc-ad6"/>
      </symbol>
      <symbol id="sm-bb3">
         <name>DMA_startTransfer</name>
         <value>0x14362</value>
         <object_component_ref idref="oc-aca"/>
      </symbol>
      <symbol id="sm-bb4">
         <name>DMA_setTransferSize</name>
         <value>0x14398</value>
         <object_component_ref idref="oc-abe"/>
      </symbol>
      <symbol id="sm-bb5">
         <name>DMA_getInterruptStatus</name>
         <value>0x14354</value>
         <object_component_ref idref="oc-ad0"/>
      </symbol>
      <symbol id="sm-bb6">
         <name>DMA_enableTransferDuringReadModifyWrite</name>
         <value>0x1441e</value>
         <object_component_ref idref="oc-ab8"/>
      </symbol>
      <symbol id="sm-bb7">
         <name>DMA_init</name>
         <value>0x12914</value>
         <object_component_ref idref="oc-a21"/>
      </symbol>
      <symbol id="sm-c00">
         <name>GPIO_setAsInputPinWithPullUpResistor</name>
         <value>0x13786</value>
         <object_component_ref idref="oc-666"/>
      </symbol>
      <symbol id="sm-c01">
         <name>GPIO_setAsOutputPin</name>
         <value>0x13d50</value>
         <object_component_ref idref="oc-66d"/>
      </symbol>
      <symbol id="sm-c02">
         <name>GPIO_setOutputLowOnPin</name>
         <value>0x140ca</value>
         <object_component_ref idref="oc-673"/>
      </symbol>
      <symbol id="sm-c03">
         <name>GPIO_toggleOutputOnPin</name>
         <value>0x140e6</value>
         <object_component_ref idref="oc-47e"/>
      </symbol>
      <symbol id="sm-c04">
         <name>GPIO_setAsPeripheralModuleFunctionOutputPin</name>
         <value>0x13da0</value>
         <object_component_ref idref="oc-6e2"/>
      </symbol>
      <symbol id="sm-c05">
         <name>GPIO_getInputPinValue</name>
         <value>0x140ae</value>
         <object_component_ref idref="oc-54a"/>
      </symbol>
      <symbol id="sm-c06">
         <name>GPIO_setAsPeripheralModuleFunctionInputPin</name>
         <value>0x13d78</value>
         <object_component_ref idref="oc-6b2"/>
      </symbol>
      <symbol id="sm-c31">
         <name>PMM_setVCore</name>
         <value>0x13746</value>
         <object_component_ref idref="oc-67b"/>
      </symbol>
      <symbol id="sm-c32">
         <name>PMM_setVCoreDown</name>
         <value>0x123f8</value>
         <object_component_ref idref="oc-7a1"/>
      </symbol>
      <symbol id="sm-c33">
         <name>PMM_setVCoreUp</name>
         <value>0x11bb2</value>
         <object_component_ref idref="oc-79b"/>
      </symbol>
      <symbol id="sm-c73">
         <name>RTC_A_setCalendarEvent</name>
         <value>0x143a4</value>
         <object_component_ref idref="oc-6cd"/>
      </symbol>
      <symbol id="sm-c74">
         <name>RTC_A_getCalendarTime</name>
         <value>0x125d2</value>
         <object_component_ref idref="oc-472"/>
      </symbol>
      <symbol id="sm-c75">
         <name>RTC_A_enableInterrupt</name>
         <value>0x13c9e</value>
         <object_component_ref idref="oc-6d9"/>
      </symbol>
      <symbol id="sm-c76">
         <name>RTC_A_startClock</name>
         <value>0x143b0</value>
         <object_component_ref idref="oc-55c"/>
      </symbol>
      <symbol id="sm-c77">
         <name>RTC_A_initCalendar</name>
         <value>0x12f86</value>
         <object_component_ref idref="oc-6be"/>
      </symbol>
      <symbol id="sm-c78">
         <name>RTC_A_configureCalendarAlarm</name>
         <value>0x135fa</value>
         <object_component_ref idref="oc-6c7"/>
      </symbol>
      <symbol id="sm-c79">
         <name>RTC_A_clearInterrupt</name>
         <value>0x13ae4</value>
         <object_component_ref idref="oc-6d3"/>
      </symbol>
      <symbol id="sm-c85">
         <name>SFR_clearInterrupt</name>
         <value>0x14436</value>
         <object_component_ref idref="oc-501"/>
      </symbol>
      <symbol id="sm-ca4">
         <name>Timer_A_initUpMode</name>
         <value>0x12b14</value>
         <object_component_ref idref="oc-7fc"/>
      </symbol>
      <symbol id="sm-ca5">
         <name>Timer_A_startCounter</name>
         <value>0x143bc</value>
         <object_component_ref idref="oc-802"/>
      </symbol>
      <symbol id="sm-ca6">
         <name>Timer_A_clearTimerInterrupt</name>
         <value>0x1443c</value>
         <object_component_ref idref="oc-7f3"/>
      </symbol>
      <symbol id="sm-cbb">
         <name>TLV_getInfo</name>
         <value>0x134d2</value>
         <object_component_ref idref="oc-a11"/>
      </symbol>
      <symbol id="sm-d10">
         <name>UCS_initClockSignal</name>
         <value>0x12352</value>
         <object_component_ref idref="oc-7a9"/>
      </symbol>
      <symbol id="sm-d11">
         <name>UCS_initFLLSettle</name>
         <value>0x139da</value>
         <object_component_ref idref="oc-7b9"/>
      </symbol>
      <symbol id="sm-d12">
         <name>UCS_clearFaultFlag</name>
         <value>0x14442</value>
         <object_component_ref idref="oc-4fb"/>
      </symbol>
      <symbol id="sm-d13">
         <name>UCS_initFLL</name>
         <value>0x11ad0</value>
         <object_component_ref idref="oc-8d3"/>
      </symbol>
      <symbol id="sm-d14">
         <name>UCS_turnOffXT2</name>
         <value>0x14400</value>
         <object_component_ref idref="oc-5cf"/>
      </symbol>
      <symbol id="sm-d15">
         <name>UCS_turnOnXT2WithTimeout</name>
         <value>0x137c4</value>
         <object_component_ref idref="oc-729"/>
      </symbol>
      <symbol id="sm-d16">
         <name>UCS_turnOnLFXT1</name>
         <value>0x1396a</value>
         <object_component_ref idref="oc-6b8"/>
      </symbol>
      <symbol id="sm-d23">
         <name>WDT_A_hold</name>
         <value>0x14012</value>
         <object_component_ref idref="oc-538"/>
      </symbol>
      <symbol id="sm-d2d">
         <name>abs</name>
         <value>0x143c8</value>
         <object_component_ref idref="oc-57c"/>
      </symbol>
      <symbol id="sm-d35">
         <name>_stack</name>
         <value>0x4360</value>
         <object_component_ref idref="oc-3df"/>
      </symbol>
      <symbol id="sm-d36">
         <name>_reset_vector</name>
         <value>0xfffe</value>
         <object_component_ref idref="oc-3e2"/>
      </symbol>
      <symbol id="sm-d40">
         <name>_c_int00_noargs_noexit</name>
         <value>0x4592</value>
         <object_component_ref idref="oc-ad"/>
      </symbol>
      <symbol id="sm-d5e">
         <name>__TI_decompress_lzss</name>
         <value>0x12b90</value>
         <object_component_ref idref="oc-6d"/>
      </symbol>
      <symbol id="sm-d74">
         <name>__TI_decompress_none</name>
         <value>0x14300</value>
         <object_component_ref idref="oc-73"/>
      </symbol>
      <symbol id="sm-d87">
         <name>__TI_zero_init</name>
         <value>0x13efc</value>
         <object_component_ref idref="oc-8f"/>
      </symbol>
      <symbol id="sm-d92">
         <name>__mspabi_remu</name>
         <value>0x14248</value>
         <object_component_ref idref="oc-574"/>
      </symbol>
      <symbol id="sm-d93">
         <name>__mspabi_divu</name>
         <value>0x14248</value>
         <object_component_ref idref="oc-574"/>
      </symbol>
      <symbol id="sm-da2">
         <name>__mspabi_remul</name>
         <value>0x132da</value>
         <object_component_ref idref="oc-7af"/>
      </symbol>
      <symbol id="sm-da3">
         <name>__mspabi_divul</name>
         <value>0x132da</value>
         <object_component_ref idref="oc-7af"/>
      </symbol>
      <symbol id="sm-dad">
         <name>C$$EXIT</name>
         <value>0x14454</value>
         <object_component_ref idref="oc-44d"/>
      </symbol>
      <symbol id="sm-dae">
         <name>abort</name>
         <value>0x14454</value>
         <object_component_ref idref="oc-44d"/>
      </symbol>
      <symbol id="sm-db2">
         <name>__TI_int42</name>
         <value>0xffd4</value>
         <object_component_ref idref="oc-7a"/>
      </symbol>
      <symbol id="sm-db5">
         <name>__TI_int43</name>
         <value>0xffd6</value>
         <object_component_ref idref="oc-7b"/>
      </symbol>
      <symbol id="sm-db8">
         <name>__TI_int44</name>
         <value>0xffd8</value>
         <object_component_ref idref="oc-7c"/>
      </symbol>
      <symbol id="sm-dbb">
         <name>__TI_int45</name>
         <value>0xffda</value>
         <object_component_ref idref="oc-7d"/>
      </symbol>
      <symbol id="sm-dbe">
         <name>__TI_int46</name>
         <value>0xffdc</value>
         <object_component_ref idref="oc-7e"/>
      </symbol>
      <symbol id="sm-dc1">
         <name>__TI_int47</name>
         <value>0xffde</value>
         <object_component_ref idref="oc-7f"/>
      </symbol>
      <symbol id="sm-dc4">
         <name>__TI_int48</name>
         <value>0xffe0</value>
         <object_component_ref idref="oc-80"/>
      </symbol>
      <symbol id="sm-dc7">
         <name>__TI_int49</name>
         <value>0xffe2</value>
         <object_component_ref idref="oc-81"/>
      </symbol>
      <symbol id="sm-dca">
         <name>__TI_int50</name>
         <value>0xffe4</value>
         <object_component_ref idref="oc-82"/>
      </symbol>
      <symbol id="sm-dcd">
         <name>__TI_int52</name>
         <value>0xffe8</value>
         <object_component_ref idref="oc-84"/>
      </symbol>
      <symbol id="sm-dd0">
         <name>__TI_int55</name>
         <value>0xffee</value>
         <object_component_ref idref="oc-87"/>
      </symbol>
      <symbol id="sm-dd3">
         <name>__TI_int56</name>
         <value>0xfff0</value>
         <object_component_ref idref="oc-88"/>
      </symbol>
      <symbol id="sm-dd6">
         <name>__TI_int57</name>
         <value>0xfff2</value>
         <object_component_ref idref="oc-89"/>
      </symbol>
      <symbol id="sm-dd9">
         <name>__TI_int58</name>
         <value>0xfff4</value>
         <object_component_ref idref="oc-8a"/>
      </symbol>
      <symbol id="sm-ddc">
         <name>__TI_int59</name>
         <value>0xfff6</value>
         <object_component_ref idref="oc-8b"/>
      </symbol>
      <symbol id="sm-ddf">
         <name>__TI_int60</name>
         <value>0xfff8</value>
         <object_component_ref idref="oc-8c"/>
      </symbol>
      <symbol id="sm-de2">
         <name>__TI_int62</name>
         <value>0xfffc</value>
         <object_component_ref idref="oc-8e"/>
      </symbol>
      <symbol id="sm-dea">
         <name>__TI_ISR_TRAP</name>
         <value>0x45ce</value>
         <object_component_ref idref="oc-401"/>
      </symbol>
      <symbol id="sm-df3">
         <name>__mspabi_slli</name>
         <value>0x143d2</value>
         <object_component_ref idref="oc-755"/>
      </symbol>
      <symbol id="sm-e03">
         <name>__mspabi_slll_9</name>
         <value>0x13858</value>
         <object_component_ref idref="oc-927"/>
      </symbol>
      <symbol id="sm-e04">
         <name>__mspabi_slll_8</name>
         <value>0x1385c</value>
         <object_component_ref idref="oc-927"/>
      </symbol>
      <symbol id="sm-e05">
         <name>__mspabi_slll_7</name>
         <value>0x13860</value>
         <object_component_ref idref="oc-927"/>
      </symbol>
      <symbol id="sm-e06">
         <name>__mspabi_slll_6</name>
         <value>0x13864</value>
         <object_component_ref idref="oc-927"/>
      </symbol>
      <symbol id="sm-e07">
         <name>__mspabi_slll_5</name>
         <value>0x13868</value>
         <object_component_ref idref="oc-927"/>
      </symbol>
      <symbol id="sm-e08">
         <name>__mspabi_slll_4</name>
         <value>0x1386c</value>
         <object_component_ref idref="oc-927"/>
      </symbol>
      <symbol id="sm-e09">
         <name>__mspabi_slll_3</name>
         <value>0x13870</value>
         <object_component_ref idref="oc-927"/>
      </symbol>
      <symbol id="sm-e0a">
         <name>__mspabi_slll_2</name>
         <value>0x13874</value>
         <object_component_ref idref="oc-927"/>
      </symbol>
      <symbol id="sm-e0b">
         <name>__mspabi_slll_1</name>
         <value>0x13878</value>
         <object_component_ref idref="oc-927"/>
      </symbol>
      <symbol id="sm-e0c">
         <name>__mspabi_slll</name>
         <value>0x14344</value>
         <object_component_ref idref="oc-922"/>
      </symbol>
      <symbol id="sm-e0d">
         <name>__mspabi_slll_15</name>
         <value>0x13840</value>
         <object_component_ref idref="oc-927"/>
      </symbol>
      <symbol id="sm-e0e">
         <name>__mspabi_slll_14</name>
         <value>0x13844</value>
         <object_component_ref idref="oc-927"/>
      </symbol>
      <symbol id="sm-e0f">
         <name>__mspabi_slll_13</name>
         <value>0x13848</value>
         <object_component_ref idref="oc-927"/>
      </symbol>
      <symbol id="sm-e10">
         <name>__mspabi_slll_12</name>
         <value>0x1384c</value>
         <object_component_ref idref="oc-927"/>
      </symbol>
      <symbol id="sm-e11">
         <name>__mspabi_slll_11</name>
         <value>0x13850</value>
         <object_component_ref idref="oc-927"/>
      </symbol>
      <symbol id="sm-e12">
         <name>__mspabi_slll_10</name>
         <value>0x13854</value>
         <object_component_ref idref="oc-927"/>
      </symbol>
      <symbol id="sm-e1b">
         <name>__mspabi_srli</name>
         <value>0x143dc</value>
         <object_component_ref idref="oc-75a"/>
      </symbol>
      <symbol id="sm-e23">
         <name>__mspabi_srll_8</name>
         <value>0x1389a</value>
         <object_component_ref idref="oc-7b4"/>
      </symbol>
      <symbol id="sm-e24">
         <name>__mspabi_srll_9</name>
         <value>0x13896</value>
         <object_component_ref idref="oc-7b4"/>
      </symbol>
      <symbol id="sm-e25">
         <name>__mspabi_srll_6</name>
         <value>0x138a2</value>
         <object_component_ref idref="oc-7b4"/>
      </symbol>
      <symbol id="sm-e26">
         <name>__mspabi_srll_7</name>
         <value>0x1389e</value>
         <object_component_ref idref="oc-7b4"/>
      </symbol>
      <symbol id="sm-e27">
         <name>__mspabi_srll_4</name>
         <value>0x138aa</value>
         <object_component_ref idref="oc-7b4"/>
      </symbol>
      <symbol id="sm-e28">
         <name>__mspabi_srll_5</name>
         <value>0x138a6</value>
         <object_component_ref idref="oc-7b4"/>
      </symbol>
      <symbol id="sm-e29">
         <name>__mspabi_srll_2</name>
         <value>0x138b2</value>
         <object_component_ref idref="oc-7b4"/>
      </symbol>
      <symbol id="sm-e2a">
         <name>__mspabi_srll_3</name>
         <value>0x138ae</value>
         <object_component_ref idref="oc-7b4"/>
      </symbol>
      <symbol id="sm-e2b">
         <name>__mspabi_srll_1</name>
         <value>0x138b6</value>
         <object_component_ref idref="oc-7b4"/>
      </symbol>
      <symbol id="sm-e2c">
         <name>__mspabi_srll_15</name>
         <value>0x1387e</value>
         <object_component_ref idref="oc-7b4"/>
      </symbol>
      <symbol id="sm-e2d">
         <name>__mspabi_srll_14</name>
         <value>0x13882</value>
         <object_component_ref idref="oc-7b4"/>
      </symbol>
      <symbol id="sm-e2e">
         <name>__mspabi_srll_13</name>
         <value>0x13886</value>
         <object_component_ref idref="oc-7b4"/>
      </symbol>
      <symbol id="sm-e2f">
         <name>__mspabi_srll_12</name>
         <value>0x1388a</value>
         <object_component_ref idref="oc-7b4"/>
      </symbol>
      <symbol id="sm-e30">
         <name>__mspabi_srll_11</name>
         <value>0x1388e</value>
         <object_component_ref idref="oc-7b4"/>
      </symbol>
      <symbol id="sm-e31">
         <name>__mspabi_srll_10</name>
         <value>0x13892</value>
         <object_component_ref idref="oc-7b4"/>
      </symbol>
      <symbol id="sm-e3f">
         <name>memcpy</name>
         <value>0x1429e</value>
         <object_component_ref idref="oc-3ee"/>
      </symbol>
      <symbol id="sm-e4d">
         <name>memset</name>
         <value>0x14232</value>
         <object_component_ref idref="oc-532"/>
      </symbol>
      <symbol id="sm-e58">
         <name>__mspabi_mpyul_f5hw</name>
         <value>0x1411e</value>
         <object_component_ref idref="oc-aeb"/>
      </symbol>
      <symbol id="sm-e60">
         <name>__mspabi_mpyi_f5hw</name>
         <value>0x141ba</value>
         <object_component_ref idref="oc-634"/>
      </symbol>
      <symbol id="sm-e6d">
         <name>_system_pre_init</name>
         <value>0x14496</value>
         <object_component_ref idref="oc-425"/>
      </symbol>
      <symbol id="sm-e91">
         <name>_auto_init_hold_wdt</name>
         <value>0x12996</value>
         <object_component_ref idref="oc-42b"/>
      </symbol>
      <symbol id="sm-ea7">
         <name>copy_in</name>
         <value>0x12fee</value>
         <object_component_ref idref="oc-50b"/>
      </symbol>
      <symbol id="sm-eb0">
         <name>_system_post_cinit</name>
         <value>0x1449a</value>
         <object_component_ref idref="oc-511"/>
      </symbol>
      <symbol id="sm-eb2">
         <name>__TI_BINIT_Base</name>
         <value>0x0</value>
      </symbol>
      <symbol id="sm-eb3">
         <name>__TI_BINIT_Limit</name>
         <value>0x0</value>
      </symbol>
      <symbol id="sm-eb4">
         <name>__TI_INITARRAY_Base</name>
         <value>0x0</value>
      </symbol>
      <symbol id="sm-eb5">
         <name>__TI_INITARRAY_Limit</name>
         <value>0x0</value>
      </symbol>
   </symbol_table>
   <title>Link successful</title>
</link_info>
