<?xml version="1.0"?>
<link_info>
   <banner>MSP430 Linker PC v16.9.4.LTS</banner>
   <copyright>Copyright (c) 2003-2017 Texas Instruments Incorporated</copyright>
   <link_time>0x59ff4d7f</link_time>
   <link_errors>0x0</link_errors>
   <output_file>spl_logger.out</output_file>
   <entry_point>
      <name>_c_int00_noargs_noexit</name>
      <address>0x4592</address>
   </entry_point>
   <input_file_list>
      <input_file id="fl-2">
         <path>.\</path>
         <kind>object</kind>
         <file>Analog.obj</file>
         <name>Analog.obj</name>
      </input_file>
      <input_file id="fl-3">
         <path>.\</path>
         <kind>object</kind>
         <file>GPIO.obj</file>
         <name>GPIO.obj</name>
      </input_file>
      <input_file id="fl-4">
         <path>.\</path>
         <kind>object</kind>
         <file>RTC.obj</file>
         <name>RTC.obj</name>
      </input_file>
      <input_file id="fl-5">
         <path>.\</path>
         <kind>object</kind>
         <file>hal.obj</file>
         <name>hal.obj</name>
      </input_file>
      <input_file id="fl-6">
         <path>.\</path>
         <kind>object</kind>
         <file>main.obj</file>
         <name>main.obj</name>
      </input_file>
      <input_file id="fl-7">
         <path>.\USB_API\USB_CDC_API\</path>
         <kind>object</kind>
         <file>UsbCdc.obj</file>
         <name>UsbCdc.obj</name>
      </input_file>
      <input_file id="fl-8">
         <path>.\USB_API\USB_Common\</path>
         <kind>object</kind>
         <file>usb.obj</file>
         <name>usb.obj</name>
      </input_file>
      <input_file id="fl-9">
         <path>.\USB_API\USB_Common\</path>
         <kind>object</kind>
         <file>usbdma.obj</file>
         <name>usbdma.obj</name>
      </input_file>
      <input_file id="fl-a">
         <path>.\USB_API\USB_HID_API\</path>
         <kind>object</kind>
         <file>UsbHid.obj</file>
         <name>UsbHid.obj</name>
      </input_file>
      <input_file id="fl-b">
         <path>.\USB_API\USB_HID_API\</path>
         <kind>object</kind>
         <file>UsbHidReq.obj</file>
         <name>UsbHidReq.obj</name>
      </input_file>
      <input_file id="fl-c">
         <path>.\USB_API\USB_MSC_API\</path>
         <kind>object</kind>
         <file>UsbMscReq.obj</file>
         <name>UsbMscReq.obj</name>
      </input_file>
      <input_file id="fl-d">
         <path>.\USB_API\USB_MSC_API\</path>
         <kind>object</kind>
         <file>UsbMscScsi.obj</file>
         <name>UsbMscScsi.obj</name>
      </input_file>
      <input_file id="fl-e">
         <path>.\USB_API\USB_MSC_API\</path>
         <kind>object</kind>
         <file>UsbMscStateMachine.obj</file>
         <name>UsbMscStateMachine.obj</name>
      </input_file>
      <input_file id="fl-f">
         <path>.\USB_API\USB_PHDC_API\</path>
         <kind>object</kind>
         <file>UsbPHDC.obj</file>
         <name>UsbPHDC.obj</name>
      </input_file>
      <input_file id="fl-10">
         <path>.\USB_app\FatFs\</path>
         <kind>object</kind>
         <file>HAL_SDCard.obj</file>
         <name>HAL_SDCard.obj</name>
      </input_file>
      <input_file id="fl-11">
         <path>.\USB_app\FatFs\</path>
         <kind>object</kind>
         <file>ff.obj</file>
         <name>ff.obj</name>
      </input_file>
      <input_file id="fl-12">
         <path>.\USB_app\FatFs\</path>
         <kind>object</kind>
         <file>mmc.obj</file>
         <name>mmc.obj</name>
      </input_file>
      <input_file id="fl-13">
         <path>.\USB_app\</path>
         <kind>object</kind>
         <file>msc.obj</file>
         <name>msc.obj</name>
      </input_file>
      <input_file id="fl-14">
         <path>.\USB_app\</path>
         <kind>object</kind>
         <file>usbEventHandling.obj</file>
         <name>usbEventHandling.obj</name>
      </input_file>
      <input_file id="fl-15">
         <path>.\USB_config\</path>
         <kind>object</kind>
         <file>UsbIsr.obj</file>
         <name>UsbIsr.obj</name>
      </input_file>
      <input_file id="fl-16">
         <path>.\USB_config\</path>
         <kind>object</kind>
         <file>descriptors.obj</file>
         <name>descriptors.obj</name>
      </input_file>
      <input_file id="fl-17">
         <path>.\driverlib\MSP430F5xx_6xx\</path>
         <kind>object</kind>
         <file>adc10_a.obj</file>
         <name>adc10_a.obj</name>
      </input_file>
      <input_file id="fl-18">
         <path>.\driverlib\MSP430F5xx_6xx\</path>
         <kind>object</kind>
         <file>adc12_a.obj</file>
         <name>adc12_a.obj</name>
      </input_file>
      <input_file id="fl-19">
         <path>.\driverlib\MSP430F5xx_6xx\</path>
         <kind>object</kind>
         <file>aes.obj</file>
         <name>aes.obj</name>
      </input_file>
      <input_file id="fl-1a">
         <path>.\driverlib\MSP430F5xx_6xx\</path>
         <kind>object</kind>
         <file>battbak.obj</file>
         <name>battbak.obj</name>
      </input_file>
      <input_file id="fl-1b">
         <path>.\driverlib\MSP430F5xx_6xx\</path>
         <kind>object</kind>
         <file>comp_b.obj</file>
         <name>comp_b.obj</name>
      </input_file>
      <input_file id="fl-1c">
         <path>.\driverlib\MSP430F5xx_6xx\</path>
         <kind>object</kind>
         <file>crc.obj</file>
         <name>crc.obj</name>
      </input_file>
      <input_file id="fl-1d">
         <path>.\driverlib\MSP430F5xx_6xx\</path>
         <kind>object</kind>
         <file>ctsd16.obj</file>
         <name>ctsd16.obj</name>
      </input_file>
      <input_file id="fl-1e">
         <path>.\driverlib\MSP430F5xx_6xx\</path>
         <kind>object</kind>
         <file>dac12_a.obj</file>
         <name>dac12_a.obj</name>
      </input_file>
      <input_file id="fl-1f">
         <path>.\driverlib\MSP430F5xx_6xx\</path>
         <kind>object</kind>
         <file>dma.obj</file>
         <name>dma.obj</name>
      </input_file>
      <input_file id="fl-20">
         <path>.\driverlib\MSP430F5xx_6xx\</path>
         <kind>object</kind>
         <file>eusci_a_spi.obj</file>
         <name>eusci_a_spi.obj</name>
      </input_file>
      <input_file id="fl-21">
         <path>.\driverlib\MSP430F5xx_6xx\</path>
         <kind>object</kind>
         <file>eusci_a_uart.obj</file>
         <name>eusci_a_uart.obj</name>
      </input_file>
      <input_file id="fl-22">
         <path>.\driverlib\MSP430F5xx_6xx\</path>
         <kind>object</kind>
         <file>eusci_b_i2c.obj</file>
         <name>eusci_b_i2c.obj</name>
      </input_file>
      <input_file id="fl-23">
         <path>.\driverlib\MSP430F5xx_6xx\</path>
         <kind>object</kind>
         <file>eusci_b_spi.obj</file>
         <name>eusci_b_spi.obj</name>
      </input_file>
      <input_file id="fl-24">
         <path>.\driverlib\MSP430F5xx_6xx\</path>
         <kind>object</kind>
         <file>flashctl.obj</file>
         <name>flashctl.obj</name>
      </input_file>
      <input_file id="fl-25">
         <path>.\driverlib\MSP430F5xx_6xx\</path>
         <kind>object</kind>
         <file>gpio.obj</file>
         <name>gpio.obj</name>
      </input_file>
      <input_file id="fl-26">
         <path>.\driverlib\MSP430F5xx_6xx\</path>
         <kind>object</kind>
         <file>lcd_b.obj</file>
         <name>lcd_b.obj</name>
      </input_file>
      <input_file id="fl-27">
         <path>.\driverlib\MSP430F5xx_6xx\</path>
         <kind>object</kind>
         <file>ldopwr.obj</file>
         <name>ldopwr.obj</name>
      </input_file>
      <input_file id="fl-28">
         <path>.\driverlib\MSP430F5xx_6xx\</path>
         <kind>object</kind>
         <file>mpy32.obj</file>
         <name>mpy32.obj</name>
      </input_file>
      <input_file id="fl-29">
         <path>.\driverlib\MSP430F5xx_6xx\</path>
         <kind>object</kind>
         <file>oa.obj</file>
         <name>oa.obj</name>
      </input_file>
      <input_file id="fl-2a">
         <path>.\driverlib\MSP430F5xx_6xx\</path>
         <kind>object</kind>
         <file>pmap.obj</file>
         <name>pmap.obj</name>
      </input_file>
      <input_file id="fl-2b">
         <path>.\driverlib\MSP430F5xx_6xx\</path>
         <kind>object</kind>
         <file>pmm.obj</file>
         <name>pmm.obj</name>
      </input_file>
      <input_file id="fl-2c">
         <path>.\driverlib\MSP430F5xx_6xx\</path>
         <kind>object</kind>
         <file>ram.obj</file>
         <name>ram.obj</name>
      </input_file>
      <input_file id="fl-2d">
         <path>.\driverlib\MSP430F5xx_6xx\</path>
         <kind>object</kind>
         <file>ref.obj</file>
         <name>ref.obj</name>
      </input_file>
      <input_file id="fl-2e">
         <path>.\driverlib\MSP430F5xx_6xx\</path>
         <kind>object</kind>
         <file>rtc_a.obj</file>
         <name>rtc_a.obj</name>
      </input_file>
      <input_file id="fl-2f">
         <path>.\driverlib\MSP430F5xx_6xx\</path>
         <kind>object</kind>
         <file>rtc_b.obj</file>
         <name>rtc_b.obj</name>
      </input_file>
      <input_file id="fl-30">
         <path>.\driverlib\MSP430F5xx_6xx\</path>
         <kind>object</kind>
         <file>rtc_c.obj</file>
         <name>rtc_c.obj</name>
      </input_file>
      <input_file id="fl-31">
         <path>.\driverlib\MSP430F5xx_6xx\</path>
         <kind>object</kind>
         <file>sd24_b.obj</file>
         <name>sd24_b.obj</name>
      </input_file>
      <input_file id="fl-32">
         <path>.\driverlib\MSP430F5xx_6xx\</path>
         <kind>object</kind>
         <file>sfr.obj</file>
         <name>sfr.obj</name>
      </input_file>
      <input_file id="fl-33">
         <path>.\driverlib\MSP430F5xx_6xx\</path>
         <kind>object</kind>
         <file>sysctl.obj</file>
         <name>sysctl.obj</name>
      </input_file>
      <input_file id="fl-34">
         <path>.\driverlib\MSP430F5xx_6xx\</path>
         <kind>object</kind>
         <file>tec.obj</file>
         <name>tec.obj</name>
      </input_file>
      <input_file id="fl-35">
         <path>.\driverlib\MSP430F5xx_6xx\</path>
         <kind>object</kind>
         <file>timer_a.obj</file>
         <name>timer_a.obj</name>
      </input_file>
      <input_file id="fl-36">
         <path>.\driverlib\MSP430F5xx_6xx\</path>
         <kind>object</kind>
         <file>timer_b.obj</file>
         <name>timer_b.obj</name>
      </input_file>
      <input_file id="fl-37">
         <path>.\driverlib\MSP430F5xx_6xx\</path>
         <kind>object</kind>
         <file>timer_d.obj</file>
         <name>timer_d.obj</name>
      </input_file>
      <input_file id="fl-38">
         <path>.\driverlib\MSP430F5xx_6xx\</path>
         <kind>object</kind>
         <file>tlv.obj</file>
         <name>tlv.obj</name>
      </input_file>
      <input_file id="fl-39">
         <path>.\driverlib\MSP430F5xx_6xx\</path>
         <kind>object</kind>
         <file>ucs.obj</file>
         <name>ucs.obj</name>
      </input_file>
      <input_file id="fl-3a">
         <path>.\driverlib\MSP430F5xx_6xx\</path>
         <kind>object</kind>
         <file>usci_a_spi.obj</file>
         <name>usci_a_spi.obj</name>
      </input_file>
      <input_file id="fl-3b">
         <path>.\driverlib\MSP430F5xx_6xx\</path>
         <kind>object</kind>
         <file>usci_a_uart.obj</file>
         <name>usci_a_uart.obj</name>
      </input_file>
      <input_file id="fl-3c">
         <path>.\driverlib\MSP430F5xx_6xx\</path>
         <kind>object</kind>
         <file>usci_b_i2c.obj</file>
         <name>usci_b_i2c.obj</name>
      </input_file>
      <input_file id="fl-3d">
         <path>.\driverlib\MSP430F5xx_6xx\</path>
         <kind>object</kind>
         <file>usci_b_spi.obj</file>
         <name>usci_b_spi.obj</name>
      </input_file>
      <input_file id="fl-3e">
         <path>.\driverlib\MSP430F5xx_6xx\</path>
         <kind>object</kind>
         <file>wdt_a.obj</file>
         <name>wdt_a.obj</name>
      </input_file>
      <input_file id="fl-45">
         <kind>object</kind>
         <file>&lt;internal&gt;</file>
         <name>&lt;internal&gt;</name>
      </input_file>
      <input_file id="fl-60">
         <path>C:\ti\ccsv7\tools\compiler\ti-cgt-msp430_16.9.4.LTS\lib\</path>
         <kind>archive</kind>
         <file>rts430x_lc_rd_eabi.lib</file>
         <name>abs.obj</name>
      </input_file>
      <input_file id="fl-61">
         <path>C:\ti\ccsv7\tools\compiler\ti-cgt-msp430_16.9.4.LTS\lib\</path>
         <kind>archive</kind>
         <file>rts430x_lc_rd_eabi.lib</file>
         <name>boot.obj</name>
      </input_file>
      <input_file id="fl-62">
         <path>C:\ti\ccsv7\tools\compiler\ti-cgt-msp430_16.9.4.LTS\lib\</path>
         <kind>archive</kind>
         <file>rts430x_lc_rd_eabi.lib</file>
         <name>boot_special.obj</name>
      </input_file>
      <input_file id="fl-63">
         <path>C:\ti\ccsv7\tools\compiler\ti-cgt-msp430_16.9.4.LTS\lib\</path>
         <kind>archive</kind>
         <file>rts430x_lc_rd_eabi.lib</file>
         <name>copy_decompress_lzss.obj</name>
      </input_file>
      <input_file id="fl-64">
         <path>C:\ti\ccsv7\tools\compiler\ti-cgt-msp430_16.9.4.LTS\lib\</path>
         <kind>archive</kind>
         <file>rts430x_lc_rd_eabi.lib</file>
         <name>copy_decompress_none.obj</name>
      </input_file>
      <input_file id="fl-65">
         <path>C:\ti\ccsv7\tools\compiler\ti-cgt-msp430_16.9.4.LTS\lib\</path>
         <kind>archive</kind>
         <file>rts430x_lc_rd_eabi.lib</file>
         <name>copy_zero_init.obj</name>
      </input_file>
      <input_file id="fl-66">
         <path>C:\ti\ccsv7\tools\compiler\ti-cgt-msp430_16.9.4.LTS\lib\</path>
         <kind>archive</kind>
         <file>rts430x_lc_rd_eabi.lib</file>
         <name>div16s.obj</name>
      </input_file>
      <input_file id="fl-67">
         <path>C:\ti\ccsv7\tools\compiler\ti-cgt-msp430_16.9.4.LTS\lib\</path>
         <kind>archive</kind>
         <file>rts430x_lc_rd_eabi.lib</file>
         <name>div16u.obj</name>
      </input_file>
      <input_file id="fl-68">
         <path>C:\ti\ccsv7\tools\compiler\ti-cgt-msp430_16.9.4.LTS\lib\</path>
         <kind>archive</kind>
         <file>rts430x_lc_rd_eabi.lib</file>
         <name>div32s.obj</name>
      </input_file>
      <input_file id="fl-69">
         <path>C:\ti\ccsv7\tools\compiler\ti-cgt-msp430_16.9.4.LTS\lib\</path>
         <kind>archive</kind>
         <file>rts430x_lc_rd_eabi.lib</file>
         <name>div32u.obj</name>
      </input_file>
      <input_file id="fl-6a">
         <path>C:\ti\ccsv7\tools\compiler\ti-cgt-msp430_16.9.4.LTS\lib\</path>
         <kind>archive</kind>
         <file>rts430x_lc_rd_eabi.lib</file>
         <name>exit.obj</name>
      </input_file>
      <input_file id="fl-6b">
         <path>C:\ti\ccsv7\tools\compiler\ti-cgt-msp430_16.9.4.LTS\lib\</path>
         <kind>archive</kind>
         <file>rts430x_lc_rd_eabi.lib</file>
         <name>exit_gvars.obj</name>
      </input_file>
      <input_file id="fl-6c">
         <path>C:\ti\ccsv7\tools\compiler\ti-cgt-msp430_16.9.4.LTS\lib\</path>
         <kind>archive</kind>
         <file>rts430x_lc_rd_eabi.lib</file>
         <name>int42.obj</name>
      </input_file>
      <input_file id="fl-6d">
         <path>C:\ti\ccsv7\tools\compiler\ti-cgt-msp430_16.9.4.LTS\lib\</path>
         <kind>archive</kind>
         <file>rts430x_lc_rd_eabi.lib</file>
         <name>int43.obj</name>
      </input_file>
      <input_file id="fl-6e">
         <path>C:\ti\ccsv7\tools\compiler\ti-cgt-msp430_16.9.4.LTS\lib\</path>
         <kind>archive</kind>
         <file>rts430x_lc_rd_eabi.lib</file>
         <name>int44.obj</name>
      </input_file>
      <input_file id="fl-6f">
         <path>C:\ti\ccsv7\tools\compiler\ti-cgt-msp430_16.9.4.LTS\lib\</path>
         <kind>archive</kind>
         <file>rts430x_lc_rd_eabi.lib</file>
         <name>int45.obj</name>
      </input_file>
      <input_file id="fl-70">
         <path>C:\ti\ccsv7\tools\compiler\ti-cgt-msp430_16.9.4.LTS\lib\</path>
         <kind>archive</kind>
         <file>rts430x_lc_rd_eabi.lib</file>
         <name>int46.obj</name>
      </input_file>
      <input_file id="fl-71">
         <path>C:\ti\ccsv7\tools\compiler\ti-cgt-msp430_16.9.4.LTS\lib\</path>
         <kind>archive</kind>
         <file>rts430x_lc_rd_eabi.lib</file>
         <name>int47.obj</name>
      </input_file>
      <input_file id="fl-72">
         <path>C:\ti\ccsv7\tools\compiler\ti-cgt-msp430_16.9.4.LTS\lib\</path>
         <kind>archive</kind>
         <file>rts430x_lc_rd_eabi.lib</file>
         <name>int48.obj</name>
      </input_file>
      <input_file id="fl-73">
         <path>C:\ti\ccsv7\tools\compiler\ti-cgt-msp430_16.9.4.LTS\lib\</path>
         <kind>archive</kind>
         <file>rts430x_lc_rd_eabi.lib</file>
         <name>int49.obj</name>
      </input_file>
      <input_file id="fl-74">
         <path>C:\ti\ccsv7\tools\compiler\ti-cgt-msp430_16.9.4.LTS\lib\</path>
         <kind>archive</kind>
         <file>rts430x_lc_rd_eabi.lib</file>
         <name>int50.obj</name>
      </input_file>
      <input_file id="fl-75">
         <path>C:\ti\ccsv7\tools\compiler\ti-cgt-msp430_16.9.4.LTS\lib\</path>
         <kind>archive</kind>
         <file>rts430x_lc_rd_eabi.lib</file>
         <name>int52.obj</name>
      </input_file>
      <input_file id="fl-76">
         <path>C:\ti\ccsv7\tools\compiler\ti-cgt-msp430_16.9.4.LTS\lib\</path>
         <kind>archive</kind>
         <file>rts430x_lc_rd_eabi.lib</file>
         <name>int55.obj</name>
      </input_file>
      <input_file id="fl-77">
         <path>C:\ti\ccsv7\tools\compiler\ti-cgt-msp430_16.9.4.LTS\lib\</path>
         <kind>archive</kind>
         <file>rts430x_lc_rd_eabi.lib</file>
         <name>int56.obj</name>
      </input_file>
      <input_file id="fl-78">
         <path>C:\ti\ccsv7\tools\compiler\ti-cgt-msp430_16.9.4.LTS\lib\</path>
         <kind>archive</kind>
         <file>rts430x_lc_rd_eabi.lib</file>
         <name>int57.obj</name>
      </input_file>
      <input_file id="fl-79">
         <path>C:\ti\ccsv7\tools\compiler\ti-cgt-msp430_16.9.4.LTS\lib\</path>
         <kind>archive</kind>
         <file>rts430x_lc_rd_eabi.lib</file>
         <name>int58.obj</name>
      </input_file>
      <input_file id="fl-7a">
         <path>C:\ti\ccsv7\tools\compiler\ti-cgt-msp430_16.9.4.LTS\lib\</path>
         <kind>archive</kind>
         <file>rts430x_lc_rd_eabi.lib</file>
         <name>int59.obj</name>
      </input_file>
      <input_file id="fl-7b">
         <path>C:\ti\ccsv7\tools\compiler\ti-cgt-msp430_16.9.4.LTS\lib\</path>
         <kind>archive</kind>
         <file>rts430x_lc_rd_eabi.lib</file>
         <name>int60.obj</name>
      </input_file>
      <input_file id="fl-7c">
         <path>C:\ti\ccsv7\tools\compiler\ti-cgt-msp430_16.9.4.LTS\lib\</path>
         <kind>archive</kind>
         <file>rts430x_lc_rd_eabi.lib</file>
         <name>int62.obj</name>
      </input_file>
      <input_file id="fl-7d">
         <path>C:\ti\ccsv7\tools\compiler\ti-cgt-msp430_16.9.4.LTS\lib\</path>
         <kind>archive</kind>
         <file>rts430x_lc_rd_eabi.lib</file>
         <name>isr_trap.obj</name>
      </input_file>
      <input_file id="fl-7e">
         <path>C:\ti\ccsv7\tools\compiler\ti-cgt-msp430_16.9.4.LTS\lib\</path>
         <kind>archive</kind>
         <file>rts430x_lc_rd_eabi.lib</file>
         <name>lsl16.obj</name>
      </input_file>
      <input_file id="fl-7f">
         <path>C:\ti\ccsv7\tools\compiler\ti-cgt-msp430_16.9.4.LTS\lib\</path>
         <kind>archive</kind>
         <file>rts430x_lc_rd_eabi.lib</file>
         <name>lsl32.obj</name>
      </input_file>
      <input_file id="fl-80">
         <path>C:\ti\ccsv7\tools\compiler\ti-cgt-msp430_16.9.4.LTS\lib\</path>
         <kind>archive</kind>
         <file>rts430x_lc_rd_eabi.lib</file>
         <name>lsr16.obj</name>
      </input_file>
      <input_file id="fl-81">
         <path>C:\ti\ccsv7\tools\compiler\ti-cgt-msp430_16.9.4.LTS\lib\</path>
         <kind>archive</kind>
         <file>rts430x_lc_rd_eabi.lib</file>
         <name>lsr32.obj</name>
      </input_file>
      <input_file id="fl-82">
         <path>C:\ti\ccsv7\tools\compiler\ti-cgt-msp430_16.9.4.LTS\lib\</path>
         <kind>archive</kind>
         <file>rts430x_lc_rd_eabi.lib</file>
         <name>memcpy.obj</name>
      </input_file>
      <input_file id="fl-83">
         <path>C:\ti\ccsv7\tools\compiler\ti-cgt-msp430_16.9.4.LTS\lib\</path>
         <kind>archive</kind>
         <file>rts430x_lc_rd_eabi.lib</file>
         <name>memset.obj</name>
      </input_file>
      <input_file id="fl-84">
         <path>C:\ti\ccsv7\tools\compiler\ti-cgt-msp430_16.9.4.LTS\lib\</path>
         <kind>archive</kind>
         <file>rts430x_lc_rd_eabi.lib</file>
         <name>mpu_init.obj</name>
      </input_file>
      <input_file id="fl-85">
         <path>C:\ti\ccsv7\tools\compiler\ti-cgt-msp430_16.9.4.LTS\lib\</path>
         <kind>archive</kind>
         <file>rts430x_lc_rd_eabi.lib</file>
         <name>mult16.obj</name>
      </input_file>
      <input_file id="fl-86">
         <path>C:\ti\ccsv7\tools\compiler\ti-cgt-msp430_16.9.4.LTS\lib\</path>
         <kind>archive</kind>
         <file>rts430x_lc_rd_eabi.lib</file>
         <name>mult1632.obj</name>
      </input_file>
      <input_file id="fl-87">
         <path>C:\ti\ccsv7\tools\compiler\ti-cgt-msp430_16.9.4.LTS\lib\</path>
         <kind>archive</kind>
         <file>rts430x_lc_rd_eabi.lib</file>
         <name>mult1632_f5hw.obj</name>
      </input_file>
      <input_file id="fl-88">
         <path>C:\ti\ccsv7\tools\compiler\ti-cgt-msp430_16.9.4.LTS\lib\</path>
         <kind>archive</kind>
         <file>rts430x_lc_rd_eabi.lib</file>
         <name>mult16_f5hw.obj</name>
      </input_file>
      <input_file id="fl-89">
         <path>C:\ti\ccsv7\tools\compiler\ti-cgt-msp430_16.9.4.LTS\lib\</path>
         <kind>archive</kind>
         <file>rts430x_lc_rd_eabi.lib</file>
         <name>mult32.obj</name>
      </input_file>
      <input_file id="fl-8a">
         <path>C:\ti\ccsv7\tools\compiler\ti-cgt-msp430_16.9.4.LTS\lib\</path>
         <kind>archive</kind>
         <file>rts430x_lc_rd_eabi.lib</file>
         <name>mult3264_f5hw.obj</name>
      </input_file>
      <input_file id="fl-8b">
         <path>C:\ti\ccsv7\tools\compiler\ti-cgt-msp430_16.9.4.LTS\lib\</path>
         <kind>archive</kind>
         <file>rts430x_lc_rd_eabi.lib</file>
         <name>mult32_f5hw.obj</name>
      </input_file>
      <input_file id="fl-8c">
         <path>C:\ti\ccsv7\tools\compiler\ti-cgt-msp430_16.9.4.LTS\lib\</path>
         <kind>archive</kind>
         <file>rts430x_lc_rd_eabi.lib</file>
         <name>mult64_f5hw.obj</name>
      </input_file>
      <input_file id="fl-8d">
         <path>C:\ti\ccsv7\tools\compiler\ti-cgt-msp430_16.9.4.LTS\lib\</path>
         <kind>archive</kind>
         <file>rts430x_lc_rd_eabi.lib</file>
         <name>pre_init.obj</name>
      </input_file>
      <input_file id="fl-8e">
         <path>C:\ti\ccsv7\tools\compiler\ti-cgt-msp430_16.9.4.LTS\lib\</path>
         <kind>archive</kind>
         <file>rts430x_lc_rd_eabi.lib</file>
         <name>_lock.obj</name>
      </input_file>
      <input_file id="fl-8f">
         <path>C:\ti\ccsv7\tools\compiler\ti-cgt-msp430_16.9.4.LTS\lib\</path>
         <kind>archive</kind>
         <file>rts430x_lc_rd_eabi.lib</file>
         <name>args_main.obj</name>
      </input_file>
      <input_file id="fl-90">
         <path>C:\ti\ccsv7\tools\compiler\ti-cgt-msp430_16.9.4.LTS\lib\</path>
         <kind>archive</kind>
         <file>rts430x_lc_rd_eabi.lib</file>
         <name>autoinit_wdt.obj</name>
      </input_file>
      <input_file id="fl-91">
         <path>C:\ti\ccsv7\tools\compiler\ti-cgt-msp430_16.9.4.LTS\lib\</path>
         <kind>archive</kind>
         <file>rts430x_lc_rd_eabi.lib</file>
         <name>cpy_tbl.obj</name>
      </input_file>
      <input_file id="fl-92">
         <path>C:\ti\ccsv7\tools\compiler\ti-cgt-msp430_16.9.4.LTS\lib\</path>
         <kind>archive</kind>
         <file>rts430x_lc_rd_eabi.lib</file>
         <name>startup.obj</name>
      </input_file>
   </input_file_list>
   <object_component_list>
      <object_component id="oc-5d1">
         <name>.bss</name>
         <uninitialized>true</uninitialized>
         <run_address>0x27da</run_address>
         <size>0x10</size>
         <input_file_ref idref="fl-8"/>
      </object_component>
      <object_component id="oc-900">
         <name>.bss</name>
         <uninitialized>true</uninitialized>
         <run_address>0x283c</run_address>
         <size>0x1</size>
         <input_file_ref idref="fl-12"/>
      </object_component>
      <object_component id="oc-46f">
         <name>.common:gNEW_TIME</name>
         <uninitialized>true</uninitialized>
         <run_address>0x2820</run_address>
         <size>0x8</size>
      </object_component>
      <object_component id="oc-4f3">
         <name>.common:gIN_VALUE</name>
         <uninitialized>true</uninitialized>
         <run_address>0x2834</run_address>
         <size>0x2</size>
      </object_component>
      <object_component id="oc-5d4">
         <name>.common:wBytesRemainingOnIEP0</name>
         <uninitialized>true</uninitialized>
         <run_address>0x2836</run_address>
         <size>0x2</size>
      </object_component>
      <object_component id="oc-5d5">
         <name>.common:wBytesRemainingOnOEP0</name>
         <uninitialized>true</uninitialized>
         <run_address>0x2838</run_address>
         <size>0x2</size>
      </object_component>
      <object_component id="oc-5af">
         <name>.common:abUsbRequestReturnData</name>
         <uninitialized>true</uninitialized>
         <run_address>0x2818</run_address>
         <size>0x8</size>
      </object_component>
      <object_component id="oc-9cd">
         <name>.common:abramSerialStringDescriptor</name>
         <uninitialized>true</uninitialized>
         <run_address>0x2746</run_address>
         <size>0x22</size>
      </object_component>
      <object_component id="oc-5ae">
         <name>.common:bStatusAction</name>
         <uninitialized>true</uninitialized>
         <run_address>0x283d</run_address>
         <size>0x1</size>
      </object_component>
      <object_component id="oc-492">
         <name>.common:wUsbEventMask</name>
         <uninitialized>true</uninitialized>
         <run_address>0x283a</run_address>
         <size>0x2</size>
      </object_component>
      <object_component id="oc-619">
         <name>.common:USB_TX_memcpy</name>
         <uninitialized>true</uninitialized>
         <run_address>0x2830</run_address>
         <size>0x4</size>
      </object_component>
      <object_component id="oc-5fe">
         <name>.common:USB_RX_memcpy</name>
         <uninitialized>true</uninitialized>
         <run_address>0x282c</run_address>
         <size>0x4</size>
      </object_component>
      <object_component id="oc-a7b">
         <name>.common:mediaInfoUpdate</name>
         <uninitialized>true</uninitialized>
         <run_address>0x2804</run_address>
         <size>0xc</size>
      </object_component>
      <object_component id="oc-5fc">
         <name>.common:MscWriteControl</name>
         <uninitialized>true</uninitialized>
         <run_address>0x2724</run_address>
         <size>0x22</size>
      </object_component>
      <object_component id="oc-612">
         <name>.common:MscReadControl</name>
         <uninitialized>true</uninitialized>
         <run_address>0x27a8</run_address>
         <size>0x1e</size>
      </object_component>
      <object_component id="oc-601">
         <name>.common:sRwbuf</name>
         <uninitialized>true</uninitialized>
         <run_address>0x2700</run_address>
         <size>0x24</size>
      </object_component>
      <object_component id="oc-5fd">
         <name>.common:McsCbw</name>
         <uninitialized>true</uninitialized>
         <run_address>0x2768</run_address>
         <size>0x20</size>
      </object_component>
      <object_component id="oc-8c6">
         <name>.common:McsCsw</name>
         <uninitialized>true</uninitialized>
         <run_address>0x27ea</run_address>
         <size>0xe</size>
      </object_component>
      <object_component id="oc-5d9">
         <name>.common:MscState</name>
         <uninitialized>true</uninitialized>
         <run_address>0x27c6</run_address>
         <size>0x14</size>
      </object_component>
      <object_component id="oc-b04">
         <name>.common:Scsi_Standard_Inquiry_Data</name>
         <uninitialized>true</uninitialized>
         <run_address>0x2600</run_address>
         <size>0x100</size>
      </object_component>
      <object_component id="oc-9a3">
         <name>.common:RequestSenseResponse</name>
         <uninitialized>true</uninitialized>
         <run_address>0x2788</run_address>
         <size>0x20</size>
      </object_component>
      <object_component id="oc-93c">
         <name>.common:Scsi_Read_Capacity_10</name>
         <uninitialized>true</uninitialized>
         <run_address>0x2810</run_address>
         <size>0x8</size>
      </object_component>
      <object_component id="oc-7e7">
         <name>.common:RWbuf</name>
         <uninitialized>true</uninitialized>
         <run_address>0x2400</run_address>
         <size>0x200</size>
      </object_component>
      <object_component id="oc-7ce">
         <name>.common:RWbuf_info</name>
         <uninitialized>true</uninitialized>
         <run_address>0x2828</run_address>
         <size>0x4</size>
      </object_component>
      <object_component id="oc-7d7">
         <name>.common:mediaInfo</name>
         <uninitialized>true</uninitialized>
         <run_address>0x27f8</run_address>
         <size>0xc</size>
      </object_component>
      <object_component id="oc-7fb">
         <name>.data:Timer_A_params</name>
         <load_address>0x286e</load_address>
         <run_address>0x286e</run_address>
         <size>0xe</size>
         <input_file_ref idref="fl-6"/>
      </object_component>
      <object_component id="oc-5bd">
         <name>.data</name>
         <load_address>0x2884</load_address>
         <run_address>0x2884</run_address>
         <size>0x8</size>
         <input_file_ref idref="fl-8"/>
      </object_component>
      <object_component id="oc-602">
         <name>.data:MscControl</name>
         <load_address>0x285e</load_address>
         <run_address>0x285e</run_address>
         <size>0x10</size>
         <input_file_ref idref="fl-d"/>
      </object_component>
      <object_component id="oc-b00">
         <name>.data:Scsi_Mode_Sense_6</name>
         <load_address>0x288c</load_address>
         <run_address>0x288c</run_address>
         <size>0x4</size>
         <input_file_ref idref="fl-d"/>
      </object_component>
      <object_component id="oc-afc">
         <name>.data:Scsi_Mode_Sense_10</name>
         <load_address>0x287c</load_address>
         <run_address>0x287c</run_address>
         <size>0x8</size>
         <input_file_ref idref="fl-d"/>
      </object_component>
      <object_component id="oc-90f">
         <name>.data</name>
         <load_address>0x2890</load_address>
         <run_address>0x2890</run_address>
         <size>0x2</size>
         <input_file_ref idref="fl-12"/>
      </object_component>
      <object_component id="oc-4ef">
         <name>.data</name>
         <load_address>0x285d</load_address>
         <run_address>0x285d</run_address>
         <size>0x1</size>
         <input_file_ref idref="fl-13"/>
      </object_component>
      <object_component id="oc-93d">
         <name>.data:USBMSC_config</name>
         <load_address>0x283e</load_address>
         <run_address>0x283e</run_address>
         <size>0x1f</size>
         <input_file_ref idref="fl-16"/>
      </object_component>
      <object_component id="oc-3df">
         <name>.stack</name>
         <uninitialized>true</uninitialized>
         <run_address>0x4360</run_address>
         <size>0x4</size>
         <input_file_ref idref="fl-61"/>
      </object_component>
      <object_component id="oc-b8f">
         <name>.stack</name>
         <uninitialized>true</uninitialized>
         <run_address>0x4360</run_address>
         <size>0x0</size>
      </object_component>
      <object_component id="oc-4d1">
         <name>.text:MSCFromHostToBuffer</name>
         <load_address>0x10000</load_address>
         <run_address>0x10000</run_address>
         <size>0x41c</size>
         <input_file_ref idref="fl-d"/>
      </object_component>
      <object_component id="oc-82a">
         <name>.text:USBMSC_processBuffer</name>
         <load_address>0x1041c</load_address>
         <run_address>0x1041c</run_address>
         <size>0x3a4</size>
         <input_file_ref idref="fl-d"/>
      </object_component>
      <object_component id="oc-4d7">
         <name>.text:MSCToHostFromBuffer</name>
         <load_address>0x107c0</load_address>
         <run_address>0x107c0</run_address>
         <size>0x2c0</size>
         <input_file_ref idref="fl-d"/>
      </object_component>
      <object_component id="oc-99a">
         <name>.text:Scsi_Cmd_Parser</name>
         <load_address>0x10a80</load_address>
         <run_address>0x10a80</run_address>
         <size>0x20c</size>
         <input_file_ref idref="fl-d"/>
      </object_component>
      <object_component id="oc-a82">
         <name>.text:Scsi_Inquiry</name>
         <load_address>0x10c8c</load_address>
         <run_address>0x10c8c</run_address>
         <size>0x13e</size>
         <input_file_ref idref="fl-d"/>
      </object_component>
      <object_component id="oc-7e1">
         <name>.text:USBMSC_updateMediaInformation</name>
         <load_address>0x10dca</load_address>
         <run_address>0x10dca</run_address>
         <size>0x13a</size>
         <input_file_ref idref="fl-d"/>
      </object_component>
      <object_component id="oc-4a7">
         <name>.text:USB_reset</name>
         <load_address>0x10f04</load_address>
         <run_address>0x10f04</run_address>
         <size>0x13a</size>
         <input_file_ref idref="fl-8"/>
      </object_component>
      <object_component id="oc-7c2">
         <name>.text:disk_initialize</name>
         <load_address>0x1103e</load_address>
         <run_address>0x1103e</run_address>
         <size>0x138</size>
         <input_file_ref idref="fl-12"/>
      </object_component>
      <object_component id="oc-81e">
         <name>.text:USBMSC_pollCommand</name>
         <load_address>0x11176</load_address>
         <run_address>0x11176</run_address>
         <size>0x12c</size>
         <input_file_ref idref="fl-e"/>
      </object_component>
      <object_component id="oc-5b7">
         <name>.text:USB_enable</name>
         <load_address>0x112a2</load_address>
         <run_address>0x112a2</run_address>
         <size>0x122</size>
         <input_file_ref idref="fl-8"/>
      </object_component>
      <object_component id="oc-a57">
         <name>.text:Scsi_Write10</name>
         <load_address>0x113c4</load_address>
         <run_address>0x113c4</run_address>
         <size>0x11c</size>
         <input_file_ref idref="fl-d"/>
      </object_component>
      <object_component id="oc-685">
         <name>.text:USBMSC_processMSCBuffer</name>
         <load_address>0x114e0</load_address>
         <run_address>0x114e0</run_address>
         <size>0x110</size>
         <input_file_ref idref="fl-13"/>
      </object_component>
      <object_component id="oc-ae7">
         <name>.text:Check_CBW</name>
         <load_address>0x115f0</load_address>
         <run_address>0x115f0</run_address>
         <size>0x10c</size>
         <input_file_ref idref="fl-d"/>
      </object_component>
      <object_component id="oc-a88">
         <name>.text:Scsi_Request_Sense</name>
         <load_address>0x116fc</load_address>
         <run_address>0x116fc</run_address>
         <size>0xfe</size>
         <input_file_ref idref="fl-d"/>
      </object_component>
      <object_component id="oc-a63">
         <name>.text:Scsi_Read10</name>
         <load_address>0x117fa</load_address>
         <run_address>0x117fa</run_address>
         <size>0xfa</size>
         <input_file_ref idref="fl-d"/>
      </object_component>
      <object_component id="oc-7d8">
         <name>.text:disk_ioctl</name>
         <load_address>0x118f4</load_address>
         <run_address>0x118f4</run_address>
         <size>0xf4</size>
         <input_file_ref idref="fl-12"/>
      </object_component>
      <object_component id="oc-973">
         <name>.text:USB_InitSerialStringDescriptor</name>
         <load_address>0x119e8</load_address>
         <run_address>0x119e8</run_address>
         <size>0xe8</size>
         <input_file_ref idref="fl-8"/>
      </object_component>
      <object_component id="oc-8da">
         <name>.text:UCS_initFLL</name>
         <load_address>0x11ad0</load_address>
         <run_address>0x11ad0</run_address>
         <size>0xe2</size>
         <input_file_ref idref="fl-39"/>
      </object_component>
      <object_component id="oc-79d">
         <name>.text:PMM_setVCoreUp</name>
         <load_address>0x11bb2</load_address>
         <run_address>0x11bb2</run_address>
         <size>0xe0</size>
         <input_file_ref idref="fl-2b"/>
      </object_component>
      <object_component id="oc-5ea">
         <name>.text:USB_determineFreq</name>
         <load_address>0x11c92</load_address>
         <run_address>0x11c92</run_address>
         <size>0xdc</size>
         <input_file_ref idref="fl-8"/>
      </object_component>
      <object_component id="oc-667">
         <name>.text:USBHAL_initPorts</name>
         <load_address>0x11d6e</load_address>
         <run_address>0x11d6e</run_address>
         <size>0xca</size>
         <input_file_ref idref="fl-5"/>
      </object_component>
      <object_component id="oc-57c">
         <name>.text:Analog_ConvertADCtoSPLdB</name>
         <load_address>0x11e38</load_address>
         <run_address>0x11e38</run_address>
         <size>0xc6</size>
         <input_file_ref idref="fl-2"/>
      </object_component>
      <object_component id="oc-556">
         <name>.text:RTC_Setup</name>
         <load_address>0x11efe</load_address>
         <run_address>0x11efe</run_address>
         <size>0xc0</size>
         <input_file_ref idref="fl-4"/>
      </object_component>
      <object_component id="oc-830">
         <name>.text:disk_write</name>
         <load_address>0x11fbe</load_address>
         <run_address>0x11fbe</run_address>
         <size>0xbc</size>
         <input_file_ref idref="fl-12"/>
      </object_component>
      <object_component id="oc-562">
         <name>.text:GPIO_getSampleInterval</name>
         <load_address>0x1207a</load_address>
         <run_address>0x1207a</run_address>
         <size>0xba</size>
         <input_file_ref idref="fl-3"/>
      </object_component>
      <object_component id="oc-8fa">
         <name>.text:send_cmd</name>
         <load_address>0x12134</load_address>
         <run_address>0x12134</run_address>
         <size>0xba</size>
         <input_file_ref idref="fl-12"/>
      </object_component>
      <object_component id="oc-445">
         <name>.text:main</name>
         <load_address>0x121ee</load_address>
         <run_address>0x121ee</run_address>
         <size>0xb2</size>
         <input_file_ref idref="fl-6"/>
      </object_component>
      <object_component id="oc-961">
         <name>.text:USB_determineXT2Freq</name>
         <load_address>0x122a0</load_address>
         <run_address>0x122a0</run_address>
         <size>0xa8</size>
         <input_file_ref idref="fl-8"/>
      </object_component>
      <object_component id="oc-80b">
         <name>.text:USB_init</name>
         <load_address>0x12348</load_address>
         <run_address>0x12348</run_address>
         <size>0xa8</size>
         <input_file_ref idref="fl-8"/>
      </object_component>
      <object_component id="oc-7ab">
         <name>.text:UCS_initClockSignal</name>
         <load_address>0x123f0</load_address>
         <run_address>0x123f0</run_address>
         <size>0xa6</size>
         <input_file_ref idref="fl-39"/>
      </object_component>
      <object_component id="oc-7a3">
         <name>.text:PMM_setVCoreDown</name>
         <load_address>0x12496</load_address>
         <run_address>0x12496</run_address>
         <size>0xa2</size>
         <input_file_ref idref="fl-2b"/>
      </object_component>
      <object_component id="oc-91c">
         <name>.text:validateCSD</name>
         <load_address>0x12538</load_address>
         <run_address>0x12538</run_address>
         <size>0xa2</size>
         <input_file_ref idref="fl-12"/>
      </object_component>
      <object_component id="oc-691">
         <name>.text:USB_getConnectionState</name>
         <load_address>0x125da</load_address>
         <run_address>0x125da</run_address>
         <size>0x96</size>
         <input_file_ref idref="fl-8"/>
      </object_component>
      <object_component id="oc-472">
         <name>.text:RTC_A_getCalendarTime</name>
         <load_address>0x12670</load_address>
         <run_address>0x12670</run_address>
         <size>0x94</size>
         <input_file_ref idref="fl-2e"/>
      </object_component>
      <object_component id="oc-824">
         <name>.text:disk_read</name>
         <load_address>0x12704</load_address>
         <run_address>0x12704</run_address>
         <size>0x94</size>
         <input_file_ref idref="fl-12"/>
      </object_component>
      <object_component id="oc-895">
         <name>.text:usbGetEndpointStatus</name>
         <load_address>0x12798</load_address>
         <run_address>0x12798</run_address>
         <size>0x8a</size>
         <input_file_ref idref="fl-8"/>
      </object_component>
      <object_component id="oc-8c7">
         <name>.text:Reset_RequestSenseResponse</name>
         <load_address>0x12822</load_address>
         <run_address>0x12822</run_address>
         <size>0x86</size>
         <input_file_ref idref="fl-d"/>
      </object_component>
      <object_component id="oc-5b0">
         <name>.text:usbDecodeAndProcessUsbRequest</name>
         <load_address>0x128a8</load_address>
         <run_address>0x128a8</run_address>
         <size>0x86</size>
         <input_file_ref idref="fl-8"/>
      </object_component>
      <object_component id="oc-a6f">
         <name>.text:Scsi_Unknown_Request</name>
         <load_address>0x1292e</load_address>
         <run_address>0x1292e</run_address>
         <size>0x84</size>
         <input_file_ref idref="fl-d"/>
      </object_component>
      <object_component id="oc-a28">
         <name>.text:DMA_init</name>
         <load_address>0x129b2</load_address>
         <run_address>0x129b2</run_address>
         <size>0x82</size>
         <input_file_ref idref="fl-1f"/>
      </object_component>
      <object_component id="oc-42b">
         <name>.text:_auto_init_hold_wdt</name>
         <load_address>0x12a34</load_address>
         <run_address>0x12a34</run_address>
         <size>0x82</size>
         <input_file_ref idref="fl-90"/>
      </object_component>
      <object_component id="oc-865">
         <name>.text:usbClearEndpointFeature</name>
         <load_address>0x12ab6</load_address>
         <run_address>0x12ab6</run_address>
         <size>0x80</size>
         <input_file_ref idref="fl-8"/>
      </object_component>
      <object_component id="oc-55c">
         <name>.text:Analog_Setup</name>
         <load_address>0x12b36</load_address>
         <run_address>0x12b36</run_address>
         <size>0x7c</size>
         <input_file_ref idref="fl-2"/>
      </object_component>
      <object_component id="oc-7fe">
         <name>.text:Timer_A_initUpMode</name>
         <load_address>0x12bb2</load_address>
         <run_address>0x12bb2</run_address>
         <size>0x7c</size>
         <input_file_ref idref="fl-35"/>
      </object_component>
      <object_component id="oc-6d">
         <name>.text:decompress:lzss:__TI_decompress_lzss</name>
         <load_address>0x12c2e</load_address>
         <run_address>0x12c2e</run_address>
         <size>0x78</size>
         <input_file_ref idref="fl-63"/>
      </object_component>
      <object_component id="oc-4b3">
         <name>.text:PWRVBUSoffHandler</name>
         <load_address>0x12ca6</load_address>
         <run_address>0x12ca6</run_address>
         <size>0x76</size>
         <input_file_ref idref="fl-15"/>
      </object_component>
      <object_component id="oc-7e8">
         <name>.text:USBMSC_registerBufferInformation</name>
         <load_address>0x12d1c</load_address>
         <run_address>0x12d1c</run_address>
         <size>0x74</size>
         <input_file_ref idref="fl-d"/>
      </object_component>
      <object_component id="oc-613">
         <name>.text:MscSendData</name>
         <load_address>0x12d90</load_address>
         <run_address>0x12d90</run_address>
         <size>0x72</size>
         <input_file_ref idref="fl-d"/>
      </object_component>
      <object_component id="oc-605">
         <name>.text:MscCopyUsbToBuff</name>
         <load_address>0x12e02</load_address>
         <run_address>0x12e02</run_address>
         <size>0x70</size>
         <input_file_ref idref="fl-d"/>
      </object_component>
      <object_component id="oc-622">
         <name>.text:usbSendNextPacketOnIEP0</name>
         <load_address>0x12e72</load_address>
         <run_address>0x12e72</run_address>
         <size>0x6e</size>
         <input_file_ref idref="fl-8"/>
      </object_component>
      <object_component id="oc-544">
         <name>.text:HandleSDCardReader</name>
         <load_address>0x12ee0</load_address>
         <run_address>0x12ee0</run_address>
         <size>0x6a</size>
         <input_file_ref idref="fl-6"/>
      </object_component>
      <object_component id="oc-4bf">
         <name>.text:PWRVBUSonHandler</name>
         <load_address>0x12f4a</load_address>
         <run_address>0x12f4a</run_address>
         <size>0x6a</size>
         <input_file_ref idref="fl-15"/>
      </object_component>
      <object_component id="oc-6b2">
         <name>.text:RTC_A_initCalendar</name>
         <load_address>0x12fb4</load_address>
         <run_address>0x12fb4</run_address>
         <size>0x68</size>
         <input_file_ref idref="fl-2e"/>
      </object_component>
      <object_component id="oc-50b">
         <name>.text:copy_in</name>
         <load_address>0x1301c</load_address>
         <run_address>0x1301c</run_address>
         <size>0x66</size>
         <input_file_ref idref="fl-91"/>
      </object_component>
      <object_component id="oc-a2e">
         <name>.text:memcpyDMA</name>
         <load_address>0x13082</load_address>
         <run_address>0x13082</run_address>
         <size>0x64</size>
         <input_file_ref idref="fl-9"/>
      </object_component>
      <object_component id="oc-673">
         <name>.text:USBMSC_initMSC</name>
         <load_address>0x130e6</load_address>
         <run_address>0x130e6</run_address>
         <size>0x5e</size>
         <input_file_ref idref="fl-13"/>
      </object_component>
      <object_component id="oc-979">
         <name>.text:USB_initMemcpy</name>
         <load_address>0x13144</load_address>
         <run_address>0x13144</run_address>
         <size>0x5c</size>
         <input_file_ref idref="fl-9"/>
      </object_component>
      <object_component id="oc-a75">
         <name>.text:Scsi_Mode_Sense10</name>
         <load_address>0x131a0</load_address>
         <run_address>0x131a0</run_address>
         <size>0x5a</size>
         <input_file_ref idref="fl-d"/>
      </object_component>
      <object_component id="oc-a7c">
         <name>.text:Scsi_Mode_Sense6</name>
         <load_address>0x131fa</load_address>
         <run_address>0x131fa</run_address>
         <size>0x5a</size>
         <input_file_ref idref="fl-d"/>
      </object_component>
      <object_component id="oc-68b">
         <name>.text:USBMSC_checkMSCInsertionRemoval</name>
         <load_address>0x13254</load_address>
         <run_address>0x13254</run_address>
         <size>0x5a</size>
         <input_file_ref idref="fl-13"/>
      </object_component>
      <object_component id="oc-87d">
         <name>.text:usbGetStringDescriptor</name>
         <load_address>0x132ae</load_address>
         <run_address>0x132ae</run_address>
         <size>0x5a</size>
         <input_file_ref idref="fl-8"/>
      </object_component>
      <object_component id="oc-7b1">
         <name>.text</name>
         <load_address>0x13308</load_address>
         <run_address>0x13308</run_address>
         <size>0x58</size>
         <input_file_ref idref="fl-69"/>
      </object_component>
      <object_component id="oc-9a5">
         <name>.text:xmit_datablock</name>
         <load_address>0x13360</load_address>
         <run_address>0x13360</run_address>
         <size>0x58</size>
         <input_file_ref idref="fl-12"/>
      </object_component>
      <object_component id="oc-994">
         <name>.text:Scsi_Verify_CBW</name>
         <load_address>0x133b8</load_address>
         <run_address>0x133b8</run_address>
         <size>0x54</size>
         <input_file_ref idref="fl-d"/>
      </object_component>
      <object_component id="oc-923">
         <name>.text:rcvr_datablock</name>
         <load_address>0x1340c</load_address>
         <run_address>0x1340c</run_address>
         <size>0x52</size>
         <input_file_ref idref="fl-12"/>
      </object_component>
      <object_component id="oc-61b">
         <name>.text:usbReceiveNextPacketOnOEP0</name>
         <load_address>0x1345e</load_address>
         <run_address>0x1345e</run_address>
         <size>0x52</size>
         <input_file_ref idref="fl-8"/>
      </object_component>
      <object_component id="oc-6e1">
         <name>.text:ADC12_A_init</name>
         <load_address>0x134b0</load_address>
         <run_address>0x134b0</run_address>
         <size>0x50</size>
         <input_file_ref idref="fl-18"/>
      </object_component>
      <object_component id="oc-a18">
         <name>.text:TLV_getInfo</name>
         <load_address>0x13500</load_address>
         <run_address>0x13500</run_address>
         <size>0x50</size>
         <input_file_ref idref="fl-38"/>
      </object_component>
      <object_component id="oc-8e2">
         <name>.text:SDCard_init</name>
         <load_address>0x13550</load_address>
         <run_address>0x13550</run_address>
         <size>0x48</size>
         <input_file_ref idref="fl-10"/>
      </object_component>
      <object_component id="oc-486">
         <name>.text:SetupPacketInterruptHandler</name>
         <load_address>0x13598</load_address>
         <run_address>0x13598</run_address>
         <size>0x48</size>
         <input_file_ref idref="fl-15"/>
      </object_component>
      <object_component id="oc-8ad">
         <name>.text:usbSetEndpointFeature</name>
         <load_address>0x135e0</load_address>
         <run_address>0x135e0</run_address>
         <size>0x48</size>
         <input_file_ref idref="fl-8"/>
      </object_component>
      <object_component id="oc-6bb">
         <name>.text:RTC_A_configureCalendarAlarm</name>
         <load_address>0x13628</load_address>
         <run_address>0x13628</run_address>
         <size>0x46</size>
         <input_file_ref idref="fl-2e"/>
      </object_component>
      <object_component id="oc-74c">
         <name>.text:Msc_ResetStruct</name>
         <load_address>0x1366e</load_address>
         <run_address>0x1366e</run_address>
         <size>0x42</size>
         <input_file_ref idref="fl-d"/>
      </object_component>
      <object_component id="oc-940">
         <name>.text:USBMSC_getState</name>
         <load_address>0x136b0</load_address>
         <run_address>0x136b0</run_address>
         <size>0x42</size>
         <input_file_ref idref="fl-d"/>
      </object_component>
      <object_component id="oc-967">
         <name>.text:USB_lookUpPll</name>
         <load_address>0x136f2</load_address>
         <run_address>0x136f2</run_address>
         <size>0x42</size>
         <input_file_ref idref="fl-8"/>
      </object_component>
      <object_component id="oc-702">
         <name>.text:ADC12_A_enableInterrupt</name>
         <load_address>0x13734</load_address>
         <run_address>0x13734</run_address>
         <size>0x40</size>
         <input_file_ref idref="fl-18"/>
      </object_component>
      <object_component id="oc-661">
         <name>.text:PMM_setVCore</name>
         <load_address>0x13774</load_address>
         <run_address>0x13774</run_address>
         <size>0x40</size>
         <input_file_ref idref="fl-2b"/>
      </object_component>
      <object_component id="oc-698">
         <name>.text:GPIO_setAsInputPinWithPullUpResistor</name>
         <load_address>0x137b4</load_address>
         <run_address>0x137b4</run_address>
         <size>0x3e</size>
         <input_file_ref idref="fl-25"/>
      </object_component>
      <object_component id="oc-72e">
         <name>.text:UCS_turnOnXT2WithTimeout</name>
         <load_address>0x137f2</load_address>
         <run_address>0x137f2</run_address>
         <size>0x3e</size>
         <input_file_ref idref="fl-39"/>
      </object_component>
      <object_component id="oc-66d">
         <name>.text:USBHAL_initClocks</name>
         <load_address>0x13830</load_address>
         <run_address>0x13830</run_address>
         <size>0x3e</size>
         <input_file_ref idref="fl-5"/>
      </object_component>
      <object_component id="oc-92e">
         <name>.text:l_lsl_const</name>
         <load_address>0x1386e</load_address>
         <run_address>0x1386e</run_address>
         <size>0x3e</size>
         <input_file_ref idref="fl-7f"/>
      </object_component>
      <object_component id="oc-7b6">
         <name>.text:l_lsr_const</name>
         <load_address>0x138ac</load_address>
         <run_address>0x138ac</run_address>
         <size>0x3e</size>
         <input_file_ref idref="fl-81"/>
      </object_component>
      <object_component id="oc-952">
         <name>.text:Scsi_Send_CSW</name>
         <load_address>0x138ea</load_address>
         <run_address>0x138ea</run_address>
         <size>0x3c</size>
         <input_file_ref idref="fl-d"/>
      </object_component>
      <object_component id="oc-67f">
         <name>.text:USB_setup</name>
         <load_address>0x13926</load_address>
         <run_address>0x13926</run_address>
         <size>0x3a</size>
         <input_file_ref idref="fl-8"/>
      </object_component>
      <object_component id="oc-9e6">
         <name>.text:SDCard_readFrame</name>
         <load_address>0x13960</load_address>
         <run_address>0x13960</run_address>
         <size>0x38</size>
         <input_file_ref idref="fl-10"/>
      </object_component>
      <object_component id="oc-6ac">
         <name>.text:UCS_turnOnLFXT1</name>
         <load_address>0x13998</load_address>
         <run_address>0x13998</run_address>
         <size>0x38</size>
         <input_file_ref idref="fl-39"/>
      </object_component>
      <object_component id="oc-5dc">
         <name>.text:USBMSC_reset</name>
         <load_address>0x139d0</load_address>
         <run_address>0x139d0</run_address>
         <size>0x38</size>
         <input_file_ref idref="fl-c"/>
      </object_component>
      <object_component id="oc-7bb">
         <name>.text:UCS_initFLLSettle</name>
         <load_address>0x13a08</load_address>
         <run_address>0x13a08</run_address>
         <size>0x36</size>
         <input_file_ref idref="fl-39"/>
      </object_component>
      <object_component id="oc-8b3">
         <name>.text:usbSetInterface</name>
         <load_address>0x13a3e</load_address>
         <run_address>0x13a3e</run_address>
         <size>0x36</size>
         <input_file_ref idref="fl-8"/>
      </object_component>
      <object_component id="oc-a06">
         <name>.text:wait_ready</name>
         <load_address>0x13a74</load_address>
         <run_address>0x13a74</run_address>
         <size>0x36</size>
         <input_file_ref idref="fl-12"/>
      </object_component>
      <object_component id="oc-740">
         <name>.text:Msc_ResetStateMachine</name>
         <load_address>0x13aaa</load_address>
         <run_address>0x13aaa</run_address>
         <size>0x34</size>
         <input_file_ref idref="fl-e"/>
      </object_component>
      <object_component id="oc-6c7">
         <name>.text:RTC_A_clearInterrupt</name>
         <load_address>0x13ade</load_address>
         <run_address>0x13ade</run_address>
         <size>0x34</size>
         <input_file_ref idref="fl-2e"/>
      </object_component>
      <object_component id="oc-a69">
         <name>.text:Scsi_Read_Capacity10</name>
         <load_address>0x13b12</load_address>
         <run_address>0x13b12</run_address>
         <size>0x34</size>
         <input_file_ref idref="fl-d"/>
      </object_component>
      <object_component id="oc-478">
         <name>.text:ADC12_A_startConversion</name>
         <load_address>0x13b46</load_address>
         <run_address>0x13b46</run_address>
         <size>0x32</size>
         <input_file_ref idref="fl-18"/>
      </object_component>
      <object_component id="oc-54a">
         <name>.text:GPIO_initInputs</name>
         <load_address>0x13b78</load_address>
         <run_address>0x13b78</run_address>
         <size>0x32</size>
         <input_file_ref idref="fl-3"/>
      </object_component>
      <object_component id="oc-ab9">
         <name>.text:DMA_setDstAddress</name>
         <load_address>0x13baa</load_address>
         <run_address>0x13baa</run_address>
         <size>0x30</size>
         <input_file_ref idref="fl-1f"/>
      </object_component>
      <object_component id="oc-817">
         <name>.text:USB_getConnectionInformation</name>
         <load_address>0x13bda</load_address>
         <run_address>0x13bda</run_address>
         <size>0x30</size>
         <input_file_ref idref="fl-8"/>
      </object_component>
      <object_component id="oc-49b">
         <name>.text:USB_suspend</name>
         <load_address>0x13c0a</load_address>
         <run_address>0x13c0a</run_address>
         <size>0x30</size>
         <input_file_ref idref="fl-8"/>
      </object_component>
      <object_component id="oc-7d1">
         <name>.text:detectCard</name>
         <load_address>0x13c3a</load_address>
         <run_address>0x13c3a</run_address>
         <size>0x30</size>
         <input_file_ref idref="fl-12"/>
      </object_component>
      <object_component id="oc-ab3">
         <name>.text:DMA_setSrcAddress</name>
         <load_address>0x13c6a</load_address>
         <run_address>0x13c6a</run_address>
         <size>0x2e</size>
         <input_file_ref idref="fl-1f"/>
      </object_component>
      <object_component id="oc-6cd">
         <name>.text:RTC_A_enableInterrupt</name>
         <load_address>0x13c98</load_address>
         <run_address>0x13c98</run_address>
         <size>0x2e</size>
         <input_file_ref idref="fl-2e"/>
      </object_component>
      <object_component id="oc-a9d">
         <name>.text:SDCard_sendFrame</name>
         <load_address>0x13cc6</load_address>
         <run_address>0x13cc6</run_address>
         <size>0x2e</size>
         <input_file_ref idref="fl-10"/>
      </object_component>
      <object_component id="oc-889">
         <name>.text:usbGetDeviceStatus</name>
         <load_address>0x13cf4</load_address>
         <run_address>0x13cf4</run_address>
         <size>0x2c</size>
         <input_file_ref idref="fl-8"/>
      </object_component>
      <object_component id="oc-a22">
         <name>.text:memcpyV</name>
         <load_address>0x13d20</load_address>
         <run_address>0x13d20</run_address>
         <size>0x2a</size>
         <input_file_ref idref="fl-9"/>
      </object_component>
      <object_component id="oc-69f">
         <name>.text:GPIO_setAsOutputPin</name>
         <load_address>0x13d4a</load_address>
         <run_address>0x13d4a</run_address>
         <size>0x28</size>
         <input_file_ref idref="fl-25"/>
      </object_component>
      <object_component id="oc-6a6">
         <name>.text:GPIO_setAsPeripheralModuleFunctionInputPin</name>
         <load_address>0x13d72</load_address>
         <run_address>0x13d72</run_address>
         <size>0x28</size>
         <input_file_ref idref="fl-25"/>
      </object_component>
      <object_component id="oc-6db">
         <name>.text:GPIO_setAsPeripheralModuleFunctionOutputPin</name>
         <load_address>0x13d9a</load_address>
         <run_address>0x13d9a</run_address>
         <size>0x28</size>
         <input_file_ref idref="fl-25"/>
      </object_component>
      <object_component id="oc-a45">
         <name>.text:SET_RequestsenseMediaNotPresent</name>
         <load_address>0x13dc2</load_address>
         <run_address>0x13dc2</run_address>
         <size>0x28</size>
         <input_file_ref idref="fl-d"/>
      </object_component>
      <object_component id="oc-a5d">
         <name>.text:SET_RequestsenseNotReady</name>
         <load_address>0x13dea</load_address>
         <run_address>0x13dea</run_address>
         <size>0x28</size>
         <input_file_ref idref="fl-d"/>
      </object_component>
      <object_component id="oc-a4b">
         <name>.text:Scsi_Report_Luns</name>
         <load_address>0x13e12</load_address>
         <run_address>0x13e12</run_address>
         <size>0x28</size>
         <input_file_ref idref="fl-d"/>
      </object_component>
      <object_component id="oc-6f6">
         <name>.text:ADC12_A_configureMemory</name>
         <load_address>0x13e3a</load_address>
         <run_address>0x13e3a</run_address>
         <size>0x26</size>
         <input_file_ref idref="fl-18"/>
      </object_component>
      <object_component id="oc-6ed">
         <name>.text:ADC12_A_setupSamplingTimer</name>
         <load_address>0x13e60</load_address>
         <run_address>0x13e60</run_address>
         <size>0x26</size>
         <input_file_ref idref="fl-18"/>
      </object_component>
      <object_component id="oc-679">
         <name>.text:initTimer</name>
         <load_address>0x13e86</load_address>
         <run_address>0x13e86</run_address>
         <size>0x26</size>
         <input_file_ref idref="fl-6"/>
      </object_component>
      <object_component id="oc-8a1">
         <name>.text:usbSetConfiguration</name>
         <load_address>0x13eac</load_address>
         <run_address>0x13eac</run_address>
         <size>0x26</size>
         <input_file_ref idref="fl-8"/>
      </object_component>
      <object_component id="oc-550">
         <name>.text:GPIO_initOutputs</name>
         <load_address>0x13ed2</load_address>
         <run_address>0x13ed2</run_address>
         <size>0x24</size>
         <input_file_ref idref="fl-3"/>
      </object_component>
      <object_component id="oc-4dd">
         <name>.text:OEP0InterruptHandler</name>
         <load_address>0x13ef6</load_address>
         <run_address>0x13ef6</run_address>
         <size>0x24</size>
         <input_file_ref idref="fl-15"/>
      </object_component>
      <object_component id="oc-8f">
         <name>.text:decompress:ZI:__TI_zero_init</name>
         <load_address>0x13f1a</load_address>
         <run_address>0x13f1a</run_address>
         <size>0x24</size>
         <input_file_ref idref="fl-65"/>
      </object_component>
      <object_component id="oc-7ef">
         <name>.text:setTimer_A_Parameters</name>
         <load_address>0x13f3e</load_address>
         <run_address>0x13f3e</run_address>
         <size>0x24</size>
         <input_file_ref idref="fl-6"/>
      </object_component>
      <object_component id="oc-773">
         <name>.text:usbDisableInEndpointInterrupt</name>
         <load_address>0x13f62</load_address>
         <run_address>0x13f62</run_address>
         <size>0x24</size>
         <input_file_ref idref="fl-8"/>
      </object_component>
      <object_component id="oc-988">
         <name>.text:usbDisableOutEndpointInterrupt</name>
         <load_address>0x13f86</load_address>
         <run_address>0x13f86</run_address>
         <size>0x24</size>
         <input_file_ref idref="fl-8"/>
      </object_component>
      <object_component id="oc-5e2">
         <name>.text:MscResetData</name>
         <load_address>0x13faa</load_address>
         <run_address>0x13faa</run_address>
         <size>0x22</size>
         <input_file_ref idref="fl-d"/>
      </object_component>
      <object_component id="oc-4f5">
         <name>.text:USB_disable</name>
         <load_address>0x13fcc</load_address>
         <run_address>0x13fcc</run_address>
         <size>0x22</size>
         <input_file_ref idref="fl-8"/>
      </object_component>
      <object_component id="oc-9b2">
         <name>.text:usbSendDataPacketOnEP0</name>
         <load_address>0x13fee</load_address>
         <run_address>0x13fee</run_address>
         <size>0x22</size>
         <input_file_ref idref="fl-8"/>
      </object_component>
      <object_component id="oc-97f">
         <name>.text:MscResetCtrlLun</name>
         <load_address>0x14010</load_address>
         <run_address>0x14010</run_address>
         <size>0x20</size>
         <input_file_ref idref="fl-d"/>
      </object_component>
      <object_component id="oc-538">
         <name>.text:WDT_A_hold</name>
         <load_address>0x14030</load_address>
         <run_address>0x14030</run_address>
         <size>0x20</size>
         <input_file_ref idref="fl-3e"/>
      </object_component>
      <object_component id="oc-8e8">
         <name>.text:disk_status</name>
         <load_address>0x14050</load_address>
         <run_address>0x14050</run_address>
         <size>0x20</size>
         <input_file_ref idref="fl-12"/>
      </object_component>
      <object_component id="oc-89b">
         <name>.text:usbSetAddress</name>
         <load_address>0x14070</load_address>
         <run_address>0x14070</run_address>
         <size>0x20</size>
         <input_file_ref idref="fl-8"/>
      </object_component>
      <object_component id="oc-883">
         <name>.text:usbGetInterface</name>
         <load_address>0x14090</load_address>
         <run_address>0x14090</run_address>
         <size>0x1e</size>
         <input_file_ref idref="fl-8"/>
      </object_component>
      <object_component id="oc-88f">
         <name>.text:usbGetInterfaceStatus</name>
         <load_address>0x140ae</load_address>
         <run_address>0x140ae</run_address>
         <size>0x1e</size>
         <input_file_ref idref="fl-8"/>
      </object_component>
      <object_component id="oc-53e">
         <name>.text:GPIO_getInputPinValue</name>
         <load_address>0x140cc</load_address>
         <run_address>0x140cc</run_address>
         <size>0x1c</size>
         <input_file_ref idref="fl-25"/>
      </object_component>
      <object_component id="oc-70e">
         <name>.text:GPIO_setOutputHighOnPin</name>
         <load_address>0x140e8</load_address>
         <run_address>0x140e8</run_address>
         <size>0x1c</size>
         <input_file_ref idref="fl-25"/>
      </object_component>
      <object_component id="oc-714">
         <name>.text:GPIO_setOutputLowOnPin</name>
         <load_address>0x14104</load_address>
         <run_address>0x14104</run_address>
         <size>0x1c</size>
         <input_file_ref idref="fl-25"/>
      </object_component>
      <object_component id="oc-47e">
         <name>.text:GPIO_toggleOutputOnPin</name>
         <load_address>0x14120</load_address>
         <run_address>0x14120</run_address>
         <size>0x1c</size>
         <input_file_ref idref="fl-25"/>
      </object_component>
      <object_component id="oc-4e3">
         <name>.text:IEP0InterruptHandler</name>
         <load_address>0x1413c</load_address>
         <run_address>0x1413c</run_address>
         <size>0x1c</size>
         <input_file_ref idref="fl-15"/>
      </object_component>
      <object_component id="oc-af2">
         <name>.text:__mpyul</name>
         <load_address>0x14158</load_address>
         <run_address>0x14158</run_address>
         <size>0x1c</size>
         <input_file_ref idref="fl-87"/>
      </object_component>
      <object_component id="oc-a38">
         <name>.text:usbStallEndpoint</name>
         <load_address>0x14174</load_address>
         <run_address>0x14174</run_address>
         <size>0x1c</size>
         <input_file_ref idref="fl-d"/>
      </object_component>
      <object_component id="oc-859">
         <name>.text:Get_MaxLUN</name>
         <load_address>0x14190</load_address>
         <run_address>0x14190</run_address>
         <size>0x1a</size>
         <input_file_ref idref="fl-c"/>
      </object_component>
      <object_component id="oc-5f4">
         <name>.text:USB_connect</name>
         <load_address>0x141aa</load_address>
         <run_address>0x141aa</run_address>
         <size>0x1a</size>
         <input_file_ref idref="fl-8"/>
      </object_component>
      <object_component id="oc-a51">
         <name>.text:Scsi_Test_Unit_Ready</name>
         <load_address>0x141c4</load_address>
         <run_address>0x141c4</run_address>
         <size>0x18</size>
         <input_file_ref idref="fl-d"/>
      </object_component>
      <object_component id="oc-48c">
         <name>.text:USB_resume</name>
         <load_address>0x141dc</load_address>
         <run_address>0x141dc</run_address>
         <size>0x18</size>
         <input_file_ref idref="fl-8"/>
      </object_component>
      <object_component id="oc-62e">
         <name>.text</name>
         <load_address>0x141f4</load_address>
         <run_address>0x141f4</run_address>
         <size>0x18</size>
         <input_file_ref idref="fl-88"/>
      </object_component>
      <object_component id="oc-933">
         <name>.text:select</name>
         <load_address>0x1420c</load_address>
         <run_address>0x1420c</run_address>
         <size>0x18</size>
         <input_file_ref idref="fl-12"/>
      </object_component>
      <object_component id="oc-85f">
         <name>.text:usbClearDeviceFeature</name>
         <load_address>0x14224</load_address>
         <run_address>0x14224</run_address>
         <size>0x18</size>
         <input_file_ref idref="fl-8"/>
      </object_component>
      <object_component id="oc-8a7">
         <name>.text:usbSetDeviceFeature</name>
         <load_address>0x1423c</load_address>
         <run_address>0x1423c</run_address>
         <size>0x18</size>
         <input_file_ref idref="fl-8"/>
      </object_component>
      <object_component id="oc-946">
         <name>.text:usbStallOutEndpoint</name>
         <load_address>0x14254</load_address>
         <run_address>0x14254</run_address>
         <size>0x18</size>
         <input_file_ref idref="fl-d"/>
      </object_component>
      <object_component id="oc-532">
         <name>.text:memset</name>
         <load_address>0x1426c</load_address>
         <run_address>0x1426c</run_address>
         <size>0x16</size>
         <input_file_ref idref="fl-83"/>
      </object_component>
      <object_component id="oc-56e">
         <name>.text</name>
         <load_address>0x14282</load_address>
         <run_address>0x14282</run_address>
         <size>0x16</size>
         <input_file_ref idref="fl-67"/>
      </object_component>
      <object_component id="oc-877">
         <name>.text:usbGetConfigurationDescriptor</name>
         <load_address>0x14298</load_address>
         <run_address>0x14298</run_address>
         <size>0x16</size>
         <input_file_ref idref="fl-8"/>
      </object_component>
      <object_component id="oc-871">
         <name>.text:usbGetDeviceDescriptor</name>
         <load_address>0x142ae</load_address>
         <run_address>0x142ae</run_address>
         <size>0x16</size>
         <input_file_ref idref="fl-8"/>
      </object_component>
      <object_component id="oc-4c5">
         <name>.text:USB_handleVbusOnEvent</name>
         <load_address>0x142c4</load_address>
         <run_address>0x142c4</run_address>
         <size>0x14</size>
         <input_file_ref idref="fl-14"/>
      </object_component>
      <object_component id="oc-3ee">
         <name>.text:memcpy</name>
         <load_address>0x142d8</load_address>
         <run_address>0x142d8</run_address>
         <size>0x14</size>
         <input_file_ref idref="fl-82"/>
      </object_component>
      <object_component id="oc-a3e">
         <name>.text:usbClearOEPByteCount</name>
         <load_address>0x142ec</load_address>
         <run_address>0x142ec</run_address>
         <size>0x14</size>
         <input_file_ref idref="fl-d"/>
      </object_component>
      <object_component id="oc-86b">
         <name>.text:usbGetConfiguration</name>
         <load_address>0x14300</load_address>
         <run_address>0x14300</run_address>
         <size>0x14</size>
         <input_file_ref idref="fl-8"/>
      </object_component>
      <object_component id="oc-94c">
         <name>.text:usbStallInEndpoint</name>
         <load_address>0x14314</load_address>
         <run_address>0x14314</run_address>
         <size>0x14</size>
         <input_file_ref idref="fl-d"/>
      </object_component>
      <object_component id="oc-909">
         <name>.text:SDCard_fastMode</name>
         <load_address>0x14328</load_address>
         <run_address>0x14328</run_address>
         <size>0x12</size>
         <input_file_ref idref="fl-10"/>
      </object_component>
      <object_component id="oc-73">
         <name>.text:decompress:none:__TI_decompress_none</name>
         <load_address>0x1433a</load_address>
         <run_address>0x1433a</run_address>
         <size>0x12</size>
         <input_file_ref idref="fl-64"/>
      </object_component>
      <object_component id="oc-903">
         <name>.text:deselect</name>
         <load_address>0x1434c</load_address>
         <run_address>0x1434c</run_address>
         <size>0x12</size>
         <input_file_ref idref="fl-12"/>
      </object_component>
      <object_component id="oc-add">
         <name>.text:DMA_disableTransfers</name>
         <load_address>0x1435e</load_address>
         <run_address>0x1435e</run_address>
         <size>0x10</size>
         <input_file_ref idref="fl-1f"/>
      </object_component>
      <object_component id="oc-acb">
         <name>.text:DMA_enableTransfers</name>
         <load_address>0x1436e</load_address>
         <run_address>0x1436e</run_address>
         <size>0x10</size>
         <input_file_ref idref="fl-1f"/>
      </object_component>
      <object_component id="oc-929">
         <name>.text:l_lsl</name>
         <load_address>0x1437e</load_address>
         <run_address>0x1437e</run_address>
         <size>0x10</size>
         <input_file_ref idref="fl-7f"/>
      </object_component>
      <object_component id="oc-ad7">
         <name>.text:DMA_getInterruptStatus</name>
         <load_address>0x1438e</load_address>
         <run_address>0x1438e</run_address>
         <size>0xe</size>
         <input_file_ref idref="fl-1f"/>
      </object_component>
      <object_component id="oc-ad1">
         <name>.text:DMA_startTransfer</name>
         <load_address>0x1439c</load_address>
         <run_address>0x1439c</run_address>
         <size>0xe</size>
         <input_file_ref idref="fl-1f"/>
      </object_component>
      <object_component id="oc-8b9">
         <name>.text:usbInvalidRequest</name>
         <load_address>0x143aa</load_address>
         <run_address>0x143aa</run_address>
         <size>0xe</size>
         <input_file_ref idref="fl-8"/>
      </object_component>
      <object_component id="oc-752">
         <name>.text:usbSendZeroLengthPacketOnIEP0</name>
         <load_address>0x143b8</load_address>
         <run_address>0x143b8</run_address>
         <size>0xe</size>
         <input_file_ref idref="fl-8"/>
      </object_component>
      <object_component id="oc-6fc">
         <name>.text:ADC12_A_clearInterrupt</name>
         <load_address>0x143c6</load_address>
         <run_address>0x143c6</run_address>
         <size>0xc</size>
         <input_file_ref idref="fl-18"/>
      </object_component>
      <object_component id="oc-ac5">
         <name>.text:DMA_setTransferSize</name>
         <load_address>0x143d2</load_address>
         <run_address>0x143d2</run_address>
         <size>0xc</size>
         <input_file_ref idref="fl-1f"/>
      </object_component>
      <object_component id="oc-6c1">
         <name>.text:RTC_A_setCalendarEvent</name>
         <load_address>0x143de</load_address>
         <run_address>0x143de</run_address>
         <size>0xc</size>
         <input_file_ref idref="fl-2e"/>
      </object_component>
      <object_component id="oc-6d3">
         <name>.text:RTC_A_startClock</name>
         <load_address>0x143ea</load_address>
         <run_address>0x143ea</run_address>
         <size>0xc</size>
         <input_file_ref idref="fl-2e"/>
      </object_component>
      <object_component id="oc-804">
         <name>.text:Timer_A_startCounter</name>
         <load_address>0x143f6</load_address>
         <run_address>0x143f6</run_address>
         <size>0xc</size>
         <input_file_ref idref="fl-35"/>
      </object_component>
      <object_component id="oc-576">
         <name>.text:abs</name>
         <load_address>0x14402</load_address>
         <run_address>0x14402</run_address>
         <size>0xa</size>
         <input_file_ref idref="fl-60"/>
      </object_component>
      <object_component id="oc-75a">
         <name>.text</name>
         <load_address>0x1440c</load_address>
         <run_address>0x1440c</run_address>
         <size>0xa</size>
         <input_file_ref idref="fl-7e"/>
      </object_component>
      <object_component id="oc-75f">
         <name>.text</name>
         <load_address>0x14416</load_address>
         <run_address>0x14416</run_address>
         <size>0xa</size>
         <input_file_ref idref="fl-80"/>
      </object_component>
      <object_component id="oc-9b9">
         <name>.text:usbStallEndpoint0</name>
         <load_address>0x14420</load_address>
         <run_address>0x14420</run_address>
         <size>0xa</size>
         <input_file_ref idref="fl-8"/>
      </object_component>
      <object_component id="oc-6e7">
         <name>.text:ADC12_A_enable</name>
         <load_address>0x1442a</load_address>
         <run_address>0x1442a</run_address>
         <size>0x8</size>
         <input_file_ref idref="fl-18"/>
      </object_component>
      <object_component id="oc-568">
         <name>.text:ADC12_A_isBusy</name>
         <load_address>0x14432</load_address>
         <run_address>0x14432</run_address>
         <size>0x8</size>
         <input_file_ref idref="fl-18"/>
      </object_component>
      <object_component id="oc-5c9">
         <name>.text:UCS_turnOffXT2</name>
         <load_address>0x1443a</load_address>
         <run_address>0x1443a</run_address>
         <size>0x8</size>
         <input_file_ref idref="fl-39"/>
      </object_component>
      <object_component id="oc-4b9">
         <name>.text:USB_handleVbusOffEvent</name>
         <load_address>0x14442</load_address>
         <run_address>0x14442</run_address>
         <size>0x8</size>
         <input_file_ref idref="fl-14"/>
      </object_component>
      <object_component id="oc-811">
         <name>.text:USB_setEnabledEvents</name>
         <load_address>0x1444a</load_address>
         <run_address>0x1444a</run_address>
         <size>0x8</size>
         <input_file_ref idref="fl-8"/>
      </object_component>
[...]
      </symbol>
      <symbol id="sm-b53">
         <name>ADC12_A_startConversion</name>
         <value>0x13b46</value>
         <object_component_ref idref="oc-478"/>
      </symbol>
      <symbol id="sm-b54">
         <name>ADC12_A_enable</name>
         <value>0x1442a</value>
         <object_component_ref idref="oc-6e7"/>
      </symbol>
      <symbol id="sm-b55">
         <name>ADC12_A_clearInterrupt</name>
         <value>0x143c6</value>
         <object_component_ref idref="oc-6fc"/>
      </symbol>
      <symbol id="sm-b56">
         <name>ADC12_A_setupSamplingTimer</name>
         <value>0x13e60</value>
         <object_component_ref idref="oc-6ed"/>
      </symbol>
      <symbol id="sm-b57">
         <name>ADC12_A_configureMemory</name>
         <value>0x13e3a</value>
         <object_component_ref idref="oc-6f6"/>
      </symbol>
      <symbol id="sm-b58">
         <name>ADC12_A_isBusy</name>
         <value>0x14432</value>
         <object_component_ref idref="oc-568"/>
      </symbol>
      <symbol id="sm-b59">
         <name>ADC12_A_enableInterrupt</name>
         <value>0x13734</value>
         <object_component_ref idref="oc-702"/>
      </symbol>
      <symbol id="sm-bac">
         <name>DMA_setSrcAddress</name>
         <value>0x13c6a</value>
         <object_component_ref idref="oc-ab3"/>
      </symbol>
      <symbol id="sm-bad">
         <name>DMA_disableTransferDuringReadModifyWrite</name>
         <value>0x14452</value>
         <object_component_ref idref="oc-aad"/>
      </symbol>
      <symbol id="sm-bae">
         <name>DMA_setDstAddress</name>
         <value>0x13baa</value>
         <object_component_ref idref="oc-ab9"/>
      </symbol>
      <symbol id="sm-baf">
         <name>DMA_enableTransfers</name>
         <value>0x1436e</value>
         <object_component_ref idref="oc-acb"/>
      </symbol>
      <symbol id="sm-bb0">
         <name>DMA_disableTransfers</name>
         <value>0x1435e</value>
         <object_component_ref idref="oc-add"/>
      </symbol>
      <symbol id="sm-bb1">
         <name>DMA_startTransfer</name>
         <value>0x1439c</value>
         <object_component_ref idref="oc-ad1"/>
      </symbol>
      <symbol id="sm-bb2">
         <name>DMA_setTransferSize</name>
         <value>0x143d2</value>
         <object_component_ref idref="oc-ac5"/>
      </symbol>
      <symbol id="sm-bb3">
         <name>DMA_getInterruptStatus</name>
         <value>0x1438e</value>
         <object_component_ref idref="oc-ad7"/>
      </symbol>
      <symbol id="sm-bb4">
         <name>DMA_enableTransferDuringReadModifyWrite</name>
         <value>0x14458</value>
         <object_component_ref idref="oc-abf"/>
      </symbol>
      <symbol id="sm-bb5">
         <name>DMA_init</name>
         <value>0x129b2</value>
         <object_component_ref idref="oc-a28"/>
      </symbol>
      <symbol id="sm-c06">
         <name>GPIO_setOutputHighOnPin</name>
         <value>0x140e8</value>
         <object_component_ref idref="oc-70e"/>
      </symbol>
      <symbol id="sm-c07">
         <name>GPIO_setAsInputPinWithPullUpResistor</name>
         <value>0x137b4</value>
         <object_component_ref idref="oc-698"/>
      </symbol>
      <symbol id="sm-c08">
         <name>GPIO_setAsOutputPin</name>
         <value>0x13d4a</value>
         <object_component_ref idref="oc-69f"/>
      </symbol>
      <symbol id="sm-c09">
         <name>GPIO_setOutputLowOnPin</name>
         <value>0x14104</value>
         <object_component_ref idref="oc-714"/>
      </symbol>
      <symbol id="sm-c0a">
         <name>GPIO_toggleOutputOnPin</name>
         <value>0x14120</value>
         <object_component_ref idref="oc-47e"/>
      </symbol>
      <symbol id="sm-c0b">
         <name>GPIO_setAsPeripheralModuleFunctionOutputPin</name>
         <value>0x13d9a</value>
         <object_component_ref idref="oc-6db"/>
      </symbol>
      <symbol id="sm-c0c">
         <name>GPIO_getInputPinValue</name>
         <value>0x140cc</value>
         <object_component_ref idref="oc-53e"/>
      </symbol>
      <symbol id="sm-c0d">
         <name>GPIO_setAsPeripheralModuleFunctionInputPin</name>
         <value>0x13d72</value>
         <object_component_ref idref="oc-6a6"/>
      </symbol>
      <symbol id="sm-c38">
         <name>PMM_setVCore</name>
         <value>0x13774</value>
         <object_component_ref idref="oc-661"/>
      </symbol>
      <symbol id="sm-c39">
         <name>PMM_setVCoreDown</name>
         <value>0x12496</value>
         <object_component_ref idref="oc-7a3"/>
      </symbol>
      <symbol id="sm-c3a">
         <name>PMM_setVCoreUp</name>
         <value>0x11bb2</value>
         <object_component_ref idref="oc-79d"/>
      </symbol>
      <symbol id="sm-c7a">
         <name>RTC_A_setCalendarEvent</name>
         <value>0x143de</value>
         <object_component_ref idref="oc-6c1"/>
      </symbol>
      <symbol id="sm-c7b">
         <name>RTC_A_getCalendarTime</name>
         <value>0x12670</value>
         <object_component_ref idref="oc-472"/>
      </symbol>
      <symbol id="sm-c7c">
         <name>RTC_A_enableInterrupt</name>
         <value>0x13c98</value>
         <object_component_ref idref="oc-6cd"/>
      </symbol>
      <symbol id="sm-c7d">
         <name>RTC_A_startClock</name>
         <value>0x143ea</value>
         <object_component_ref idref="oc-6d3"/>
      </symbol>
      <symbol id="sm-c7e">
         <name>RTC_A_initCalendar</name>
         <value>0x12fb4</value>
         <object_component_ref idref="oc-6b2"/>
      </symbol>
      <symbol id="sm-c7f">
         <name>RTC_A_configureCalendarAlarm</name>
         <value>0x13628</value>
         <object_component_ref idref="oc-6bb"/>
      </symbol>
      <symbol id="sm-c80">
         <name>RTC_A_clearInterrupt</name>
         <value>0x13ade</value>
         <object_component_ref idref="oc-6c7"/>
      </symbol>
      <symbol id="sm-c8c">
         <name>SFR_clearInterrupt</name>
         <value>0x14470</value>
         <object_component_ref idref="oc-501"/>
      </symbol>
      <symbol id="sm-cab">
         <name>Timer_A_initUpMode</name>
         <value>0x12bb2</value>
         <object_component_ref idref="oc-7fe"/>
      </symbol>
      <symbol id="sm-cac">
         <name>Timer_A_startCounter</name>
         <value>0x143f6</value>
         <object_component_ref idref="oc-804"/>
      </symbol>
      <symbol id="sm-cad">
         <name>Timer_A_clearTimerInterrupt</name>
         <value>0x14476</value>
         <object_component_ref idref="oc-7f5"/>
      </symbol>
      <symbol id="sm-cc2">
         <name>TLV_getInfo</name>
         <value>0x13500</value>
         <object_component_ref idref="oc-a18"/>
      </symbol>
      <symbol id="sm-d17">
         <name>UCS_initClockSignal</name>
         <value>0x123f0</value>
         <object_component_ref idref="oc-7ab"/>
      </symbol>
      <symbol id="sm-d18">
         <name>UCS_initFLLSettle</name>
         <value>0x13a08</value>
         <object_component_ref idref="oc-7bb"/>
      </symbol>
      <symbol id="sm-d19">
         <name>UCS_clearFaultFlag</name>
         <value>0x1447c</value>
         <object_component_ref idref="oc-4fb"/>
      </symbol>
      <symbol id="sm-d1a">
         <name>UCS_initFLL</name>
         <value>0x11ad0</value>
         <object_component_ref idref="oc-8da"/>
      </symbol>
      <symbol id="sm-d1b">
         <name>UCS_turnOffXT2</name>
         <value>0x1443a</value>
         <object_component_ref idref="oc-5c9"/>
      </symbol>
      <symbol id="sm-d1c">
         <name>UCS_turnOnXT2WithTimeout</name>
         <value>0x137f2</value>
         <object_component_ref idref="oc-72e"/>
      </symbol>
      <symbol id="sm-d1d">
         <name>UCS_turnOnLFXT1</name>
         <value>0x13998</value>
         <object_component_ref idref="oc-6ac"/>
      </symbol>
      <symbol id="sm-d2a">
         <name>WDT_A_hold</name>
         <value>0x14030</value>
         <object_component_ref idref="oc-538"/>
      </symbol>
      <symbol id="sm-d34">
         <name>abs</name>
         <value>0x14402</value>
         <object_component_ref idref="oc-576"/>
      </symbol>
      <symbol id="sm-d3c">
         <name>_stack</name>
         <value>0x4360</value>
         <object_component_ref idref="oc-3df"/>
      </symbol>
      <symbol id="sm-d3d">
         <name>_reset_vector</name>
         <value>0xfffe</value>
         <object_component_ref idref="oc-3e2"/>
      </symbol>
      <symbol id="sm-d47">
         <name>_c_int00_noargs_noexit</name>
         <value>0x4592</value>
         <object_component_ref idref="oc-ad"/>
      </symbol>
      <symbol id="sm-d65">
         <name>__TI_decompress_lzss</name>
         <value>0x12c2e</value>
         <object_component_ref idref="oc-6d"/>
      </symbol>
      <symbol id="sm-d7b">
         <name>__TI_decompress_none</name>
         <value>0x1433a</value>
         <object_component_ref idref="oc-73"/>
      </symbol>
      <symbol id="sm-d8e">
         <name>__TI_zero_init</name>
         <value>0x13f1a</value>
         <object_component_ref idref="oc-8f"/>
      </symbol>
      <symbol id="sm-d99">
         <name>__mspabi_remu</name>
         <value>0x14282</value>
         <object_component_ref idref="oc-56e"/>
      </symbol>
      <symbol id="sm-d9a">
         <name>__mspabi_divu</name>
         <value>0x14282</value>
         <object_component_ref idref="oc-56e"/>
      </symbol>
      <symbol id="sm-da9">
         <name>__mspabi_remul</name>
         <value>0x13308</value>
         <object_component_ref idref="oc-7b1"/>
      </symbol>
      <symbol id="sm-daa">
         <name>__mspabi_divul</name>
         <value>0x13308</value>
         <object_component_ref idref="oc-7b1"/>
      </symbol>
      <symbol id="sm-db4">
         <name>C$$EXIT</name>
         <value>0x1448e</value>
         <object_component_ref idref="oc-44d"/>
      </symbol>
      <symbol id="sm-db5">
         <name>abort</name>
         <value>0x1448e</value>
         <object_component_ref idref="oc-44d"/>
      </symbol>
      <symbol id="sm-db9">
         <name>__TI_int42</name>
         <value>0xffd4</value>
         <object_component_ref idref="oc-7a"/>
      </symbol>
      <symbol id="sm-dbc">
         <name>__TI_int43</name>
         <value>0xffd6</value>
         <object_component_ref idref="oc-7b"/>
      </symbol>
      <symbol id="sm-dbf">
         <name>__TI_int44</name>
         <value>0xffd8</value>
         <object_component_ref idref="oc-7c"/>
      </symbol>
      <symbol id="sm-dc2">
         <name>__TI_int45</name>
         <value>0xffda</value>
         <object_component_ref idref="oc-7d"/>
      </symbol>
      <symbol id="sm-dc5">
         <name>__TI_int46</name>
         <value>0xffdc</value>
         <object_component_ref idref="oc-7e"/>
      </symbol>
      <symbol id="sm-dc8">
         <name>__TI_int47</name>
         <value>0xffde</value>
         <object_component_ref idref="oc-7f"/>
      </symbol>
      <symbol id="sm-dcb">
         <name>__TI_int48</name>
         <value>0xffe0</value>
         <object_component_ref idref="oc-80"/>
      </symbol>
      <symbol id="sm-dce">
         <name>__TI_int49</name>
         <value>0xffe2</value>
         <object_component_ref idref="oc-81"/>
      </symbol>
      <symbol id="sm-dd1">
         <name>__TI_int50</name>
         <value>0xffe4</value>
         <object_component_ref idref="oc-82"/>
      </symbol>
      <symbol id="sm-dd4">
         <name>__TI_int52</name>
         <value>0xffe8</value>
         <object_component_ref idref="oc-84"/>
      </symbol>
      <symbol id="sm-dd7">
         <name>__TI_int55</name>
         <value>0xffee</value>
         <object_component_ref idref="oc-87"/>
      </symbol>
      <symbol id="sm-dda">
         <name>__TI_int56</name>
         <value>0xfff0</value>
         <object_component_ref idref="oc-88"/>
      </symbol>
      <symbol id="sm-ddd">
         <name>__TI_int57</name>
         <value>0xfff2</value>
         <object_component_ref idref="oc-89"/>
      </symbol>
      <symbol id="sm-de0">
         <name>__TI_int58</name>
         <value>0xfff4</value>
         <object_component_ref idref="oc-8a"/>
      </symbol>
      <symbol id="sm-de3">
         <name>__TI_int59</name>
         <value>0xfff6</value>
         <object_component_ref idref="oc-8b"/>
      </symbol>
      <symbol id="sm-de6">
         <name>__TI_int60</name>
         <value>0xfff8</value>
         <object_component_ref idref="oc-8c"/>
      </symbol>
      <symbol id="sm-de9">
         <name>__TI_int62</name>
         <value>0xfffc</value>
         <object_component_ref idref="oc-8e"/>
      </symbol>
      <symbol id="sm-df1">
         <name>__TI_ISR_TRAP</name>
         <value>0x45ce</value>
         <object_component_ref idref="oc-401"/>
      </symbol>
      <symbol id="sm-dfa">
         <name>__mspabi_slli</name>
         <value>0x1440c</value>
         <object_component_ref idref="oc-75a"/>
      </symbol>
      <symbol id="sm-e0a">
         <name>__mspabi_slll_9</name>
         <value>0x13886</value>
         <object_component_ref idref="oc-92e"/>
      </symbol>
      <symbol id="sm-e0b">
         <name>__mspabi_slll_8</name>
         <value>0x1388a</value>
         <object_component_ref idref="oc-92e"/>
      </symbol>
      <symbol id="sm-e0c">
         <name>__mspabi_slll_7</name>
         <value>0x1388e</value>
         <object_component_ref idref="oc-92e"/>
      </symbol>
      <symbol id="sm-e0d">
         <name>__mspabi_slll_6</name>
         <value>0x13892</value>
         <object_component_ref idref="oc-92e"/>
      </symbol>
      <symbol id="sm-e0e">
         <name>__mspabi_slll_5</name>
         <value>0x13896</value>
         <object_component_ref idref="oc-92e"/>
      </symbol>
      <symbol id="sm-e0f">
         <name>__mspabi_slll_4</name>
         <value>0x1389a</value>
         <object_component_ref idref="oc-92e"/>
      </symbol>
      <symbol id="sm-e10">
         <name>__mspabi_slll_3</name>
         <value>0x1389e</value>
         <object_component_ref idref="oc-92e"/>
      </symbol>
      <symbol id="sm-e11">
         <name>__mspabi_slll_2</name>
         <value>0x138a2</value>
         <object_component_ref idref="oc-92e"/>
      </symbol>
      <symbol id="sm-e12">
         <name>__mspabi_slll_1</name>
         <value>0x138a6</value>
         <object_component_ref idref="oc-92e"/>
      </symbol>
      <symbol id="sm-e13">
         <name>__mspabi_slll</name>
         <value>0x1437e</value>
         <object_component_ref idref="oc-929"/>
      </symbol>
      <symbol id="sm-e14">
         <name>__mspabi_slll_15</name>
         <value>0x1386e</value>
         <object_component_ref idref="oc-92e"/>
      </symbol>
      <symbol id="sm-e15">
         <name>__mspabi_slll_14</name>
         <value>0x13872</value>
         <object_component_ref idref="oc-92e"/>
      </symbol>
      <symbol id="sm-e16">
         <name>__mspabi_slll_13</name>
         <value>0x13876</value>
         <object_component_ref idref="oc-92e"/>
      </symbol>
      <symbol id="sm-e17">
         <name>__mspabi_slll_12</name>
         <value>0x1387a</value>
         <object_component_ref idref="oc-92e"/>
      </symbol>
      <symbol id="sm-e18">
         <name>__mspabi_slll_11</name>
         <value>0x1387e</value>
         <object_component_ref idref="oc-92e"/>
      </symbol>
      <symbol id="sm-e19">
         <name>__mspabi_slll_10</name>
         <value>0x13882</value>
         <object_component_ref idref="oc-92e"/>
      </symbol>
      <symbol id="sm-e22">
         <name>__mspabi_srli</name>
         <value>0x14416</value>
         <object_component_ref idref="oc-75f"/>
      </symbol>
      <symbol id="sm-e2a">
         <name>__mspabi_srll_8</name>
         <value>0x138c8</value>
         <object_component_ref idref="oc-7b6"/>
      </symbol>
      <symbol id="sm-e2b">
         <name>__mspabi_srll_9</name>
         <value>0x138c4</value>
         <object_component_ref idref="oc-7b6"/>
      </symbol>
      <symbol id="sm-e2c">
         <name>__mspabi_srll_6</name>
         <value>0x138d0</value>
         <object_component_ref idref="oc-7b6"/>
      </symbol>
      <symbol id="sm-e2d">
         <name>__mspabi_srll_7</name>
         <value>0x138cc</value>
         <object_component_ref idref="oc-7b6"/>
      </symbol>
      <symbol id="sm-e2e">
         <name>__mspabi_srll_4</name>
         <value>0x138d8</value>
         <object_component_ref idref="oc-7b6"/>
      </symbol>
      <symbol id="sm-e2f">
         <name>__mspabi_srll_5</name>
         <value>0x138d4</value>
         <object_component_ref idref="oc-7b6"/>
      </symbol>
      <symbol id="sm-e30">
         <name>__mspabi_srll_2</name>
         <value>0x138e0</value>
         <object_component_ref idref="oc-7b6"/>
      </symbol>
      <symbol id="sm-e31">
         <name>__mspabi_srll_3</name>
         <value>0x138dc</value>
         <object_component_ref idref="oc-7b6"/>
      </symbol>
      <symbol id="sm-e32">
         <name>__mspabi_srll_1</name>
         <value>0x138e4</value>
         <object_component_ref idref="oc-7b6"/>
      </symbol>
      <symbol id="sm-e33">
         <name>__mspabi_srll_15</name>
         <value>0x138ac</value>
         <object_component_ref idref="oc-7b6"/>
      </symbol>
      <symbol id="sm-e34">
         <name>__mspabi_srll_14</name>
         <value>0x138b0</value>
         <object_component_ref idref="oc-7b6"/>
      </symbol>
      <symbol id="sm-e35">
         <name>__mspabi_srll_13</name>
         <value>0x138b4</value>
         <object_component_ref idref="oc-7b6"/>
      </symbol>
      <symbol id="sm-e36">
         <name>__mspabi_srll_12</name>
         <value>0x138b8</value>
         <object_component_ref idref="oc-7b6"/>
      </symbol>
      <symbol id="sm-e37">
         <name>__mspabi_srll_11</name>
         <value>0x138bc</value>
         <object_component_ref idref="oc-7b6"/>
      </symbol>
      <symbol id="sm-e38">
         <name>__mspabi_srll_10</name>
         <value>0x138c0</value>
         <object_component_ref idref="oc-7b6"/>
      </symbol>
      <symbol id="sm-e46">
         <name>memcpy</name>
         <value>0x142d8</value>
         <object_component_ref idref="oc-3ee"/>
      </symbol>
      <symbol id="sm-e54">
         <name>memset</name>
         <value>0x1426c</value>
         <object_component_ref idref="oc-532"/>
      </symbol>
      <symbol id="sm-e5f">
         <name>__mspabi_mpyul_f5hw</name>
         <value>0x14158</value>
         <object_component_ref idref="oc-af2"/>
      </symbol>
      <symbol id="sm-e67">
         <name>__mspabi_mpyi_f5hw</name>
         <value>0x141f4</value>
         <object_component_ref idref="oc-62e"/>
      </symbol>
      <symbol id="sm-e74">
         <name>_system_pre_init</name>
         <value>0x144d0</value>
         <object_component_ref idref="oc-425"/>
      </symbol>
      <symbol id="sm-e98">
         <name>_auto_init_hold_wdt</name>
         <value>0x12a34</value>
         <object_component_ref idref="oc-42b"/>
      </symbol>
      <symbol id="sm-eae">
         <name>copy_in</name>
         <value>0x1301c</value>
         <object_component_ref idref="oc-50b"/>
      </symbol>
      <symbol id="sm-eb7">
         <name>_system_post_cinit</name>
         <value>0x144d4</value>
         <object_component_ref idref="oc-511"/>
      </symbol>
      <symbol id="sm-eb9">
         <name>__TI_BINIT_Base</name>
         <value>0x0</value>
      </symbol>
      <symbol id="sm-eba">
         <name>__TI_BINIT_Limit</name>
         <value>0x0</value>
      </symbol>
      <symbol id="sm-ebb">
         <name>__TI_INITARRAY_Base</name>
         <value>0x0</value>
      </symbol>
      <symbol id="sm-ebc">
         <name>__TI_INITARRAY_Limit</name>
         <value>0x0</value>
      </symbol>
   </symbol_table>
   <title>Link successful</title>
</link_info>
